<!doctype html public "-//w3c//dtd html 4.0 transitional//en">
<html><head>
<title>Static Call Graph - [..\..\Output\MPU.axf]</title></head>
<body><HR>
<H1>Static Call Graph for image ..\..\Output\MPU.axf</H1><HR>
<BR><P>#&#060CALLGRAPH&#062# ARM Linker, 5060750: Last Updated: Fri Oct 22 09:33:03 2021
<BR><P>
<H3>Maximum Stack Usage =        484 bytes + Unknown(Cycles, Untraceable Function Pointers)</H3><H3>
Call chain for Maximum Stack Depth:</H3>
main &rArr; ESP8266_SendDHT11DataTest &rArr; ESP8266_Link_Server &rArr; ESP8266_Cmd &rArr; USART_printf &rArr; itoa
<P>
<H3>
Mutually Recursive functions
</H3> <LI><a href="#[1c]">ADC1_2_IRQHandler</a>&nbsp;&nbsp;&nbsp;&rArr;&nbsp;&nbsp;&nbsp;<a href="#[1c]">ADC1_2_IRQHandler</a><BR>
</UL>
<P>
<H3>
Function Pointers
</H3><UL>
 <LI><a href="#[1c]">ADC1_2_IRQHandler</a> from startup_stm32f10x_hd.o(.text) referenced from startup_stm32f10x_hd.o(RESET)
 <LI><a href="#[39]">ADC3_IRQHandler</a> from startup_stm32f10x_hd.o(.text) referenced from startup_stm32f10x_hd.o(RESET)
 <LI><a href="#[4]">BusFault_Handler</a> from stm32f10x_it.o(.text) referenced from startup_stm32f10x_hd.o(RESET)
 <LI><a href="#[1f]">CAN1_RX1_IRQHandler</a> from startup_stm32f10x_hd.o(.text) referenced from startup_stm32f10x_hd.o(RESET)
 <LI><a href="#[20]">CAN1_SCE_IRQHandler</a> from startup_stm32f10x_hd.o(.text) referenced from startup_stm32f10x_hd.o(RESET)
 <LI><a href="#[15]">DMA1_Channel1_IRQHandler</a> from startup_stm32f10x_hd.o(.text) referenced from startup_stm32f10x_hd.o(RESET)
 <LI><a href="#[16]">DMA1_Channel2_IRQHandler</a> from startup_stm32f10x_hd.o(.text) referenced from startup_stm32f10x_hd.o(RESET)
 <LI><a href="#[17]">DMA1_Channel3_IRQHandler</a> from startup_stm32f10x_hd.o(.text) referenced from startup_stm32f10x_hd.o(RESET)
 <LI><a href="#[18]">DMA1_Channel4_IRQHandler</a> from startup_stm32f10x_hd.o(.text) referenced from startup_stm32f10x_hd.o(RESET)
 <LI><a href="#[19]">DMA1_Channel5_IRQHandler</a> from startup_stm32f10x_hd.o(.text) referenced from startup_stm32f10x_hd.o(RESET)
 <LI><a href="#[1a]">DMA1_Channel6_IRQHandler</a> from startup_stm32f10x_hd.o(.text) referenced from startup_stm32f10x_hd.o(RESET)
 <LI><a href="#[1b]">DMA1_Channel7_IRQHandler</a> from startup_stm32f10x_hd.o(.text) referenced from startup_stm32f10x_hd.o(RESET)
 <LI><a href="#[42]">DMA2_Channel1_IRQHandler</a> from startup_stm32f10x_hd.o(.text) referenced from startup_stm32f10x_hd.o(RESET)
 <LI><a href="#[43]">DMA2_Channel2_IRQHandler</a> from startup_stm32f10x_hd.o(.text) referenced from startup_stm32f10x_hd.o(RESET)
 <LI><a href="#[44]">DMA2_Channel3_IRQHandler</a> from startup_stm32f10x_hd.o(.text) referenced from startup_stm32f10x_hd.o(RESET)
 <LI><a href="#[45]">DMA2_Channel4_5_IRQHandler</a> from startup_stm32f10x_hd.o(.text) referenced from startup_stm32f10x_hd.o(RESET)
 <LI><a href="#[7]">DebugMon_Handler</a> from stm32f10x_it.o(.text) referenced from startup_stm32f10x_hd.o(RESET)
 <LI><a href="#[10]">EXTI0_IRQHandler</a> from stm32f10x_it.o(.text) referenced from startup_stm32f10x_hd.o(RESET)
 <LI><a href="#[32]">EXTI15_10_IRQHandler</a> from stm32f10x_it.o(.text) referenced from startup_stm32f10x_hd.o(RESET)
 <LI><a href="#[11]">EXTI1_IRQHandler</a> from startup_stm32f10x_hd.o(.text) referenced from startup_stm32f10x_hd.o(RESET)
 <LI><a href="#[12]">EXTI2_IRQHandler</a> from startup_stm32f10x_hd.o(.text) referenced from startup_stm32f10x_hd.o(RESET)
 <LI><a href="#[13]">EXTI3_IRQHandler</a> from startup_stm32f10x_hd.o(.text) referenced from startup_stm32f10x_hd.o(RESET)
 <LI><a href="#[14]">EXTI4_IRQHandler</a> from startup_stm32f10x_hd.o(.text) referenced from startup_stm32f10x_hd.o(RESET)
 <LI><a href="#[21]">EXTI9_5_IRQHandler</a> from startup_stm32f10x_hd.o(.text) referenced from startup_stm32f10x_hd.o(RESET)
 <LI><a href="#[e]">FLASH_IRQHandler</a> from startup_stm32f10x_hd.o(.text) referenced from startup_stm32f10x_hd.o(RESET)
 <LI><a href="#[3a]">FSMC_IRQHandler</a> from startup_stm32f10x_hd.o(.text) referenced from startup_stm32f10x_hd.o(RESET)
 <LI><a href="#[2]">HardFault_Handler</a> from stm32f10x_it.o(.text) referenced from startup_stm32f10x_hd.o(RESET)
 <LI><a href="#[2a]">I2C1_ER_IRQHandler</a> from startup_stm32f10x_hd.o(.text) referenced from startup_stm32f10x_hd.o(RESET)
 <LI><a href="#[29]">I2C1_EV_IRQHandler</a> from startup_stm32f10x_hd.o(.text) referenced from startup_stm32f10x_hd.o(RESET)
 <LI><a href="#[2c]">I2C2_ER_IRQHandler</a> from startup_stm32f10x_hd.o(.text) referenced from startup_stm32f10x_hd.o(RESET)
 <LI><a href="#[2b]">I2C2_EV_IRQHandler</a> from startup_stm32f10x_hd.o(.text) referenced from startup_stm32f10x_hd.o(RESET)
 <LI><a href="#[3]">MemManage_Handler</a> from stm32f10x_it.o(.text) referenced from startup_stm32f10x_hd.o(RESET)
 <LI><a href="#[1]">NMI_Handler</a> from stm32f10x_it.o(.text) referenced from startup_stm32f10x_hd.o(RESET)
 <LI><a href="#[b]">PVD_IRQHandler</a> from startup_stm32f10x_hd.o(.text) referenced from startup_stm32f10x_hd.o(RESET)
 <LI><a href="#[8]">PendSV_Handler</a> from stm32f10x_it.o(.text) referenced from startup_stm32f10x_hd.o(RESET)
 <LI><a href="#[f]">RCC_IRQHandler</a> from startup_stm32f10x_hd.o(.text) referenced from startup_stm32f10x_hd.o(RESET)
 <LI><a href="#[33]">RTCAlarm_IRQHandler</a> from startup_stm32f10x_hd.o(.text) referenced from startup_stm32f10x_hd.o(RESET)
 <LI><a href="#[d]">RTC_IRQHandler</a> from stm32f10x_it.o(.text) referenced from startup_stm32f10x_hd.o(RESET)
 <LI><a href="#[0]">Reset_Handler</a> from startup_stm32f10x_hd.o(.text) referenced from startup_stm32f10x_hd.o(RESET)
 <LI><a href="#[3b]">SDIO_IRQHandler</a> from startup_stm32f10x_hd.o(.text) referenced from startup_stm32f10x_hd.o(RESET)
 <LI><a href="#[2d]">SPI1_IRQHandler</a> from startup_stm32f10x_hd.o(.text) referenced from startup_stm32f10x_hd.o(RESET)
 <LI><a href="#[2e]">SPI2_IRQHandler</a> from startup_stm32f10x_hd.o(.text) referenced from startup_stm32f10x_hd.o(RESET)
 <LI><a href="#[3d]">SPI3_IRQHandler</a> from startup_stm32f10x_hd.o(.text) referenced from startup_stm32f10x_hd.o(RESET)
 <LI><a href="#[6]">SVC_Handler</a> from stm32f10x_it.o(.text) referenced from startup_stm32f10x_hd.o(RESET)
 <LI><a href="#[9]">SysTick_Handler</a> from stm32f10x_it.o(.text) referenced from startup_stm32f10x_hd.o(RESET)
 <LI><a href="#[47]">SystemInit</a> from system_stm32f10x.o(.text) referenced from startup_stm32f10x_hd.o(.text)
 <LI><a href="#[c]">TAMPER_IRQHandler</a> from startup_stm32f10x_hd.o(.text) referenced from startup_stm32f10x_hd.o(RESET)
 <LI><a href="#[22]">TIM1_BRK_IRQHandler</a> from startup_stm32f10x_hd.o(.text) referenced from startup_stm32f10x_hd.o(RESET)
 <LI><a href="#[25]">TIM1_CC_IRQHandler</a> from startup_stm32f10x_hd.o(.text) referenced from startup_stm32f10x_hd.o(RESET)
 <LI><a href="#[24]">TIM1_TRG_COM_IRQHandler</a> from startup_stm32f10x_hd.o(.text) referenced from startup_stm32f10x_hd.o(RESET)
 <LI><a href="#[23]">TIM1_UP_IRQHandler</a> from startup_stm32f10x_hd.o(.text) referenced from startup_stm32f10x_hd.o(RESET)
 <LI><a href="#[26]">TIM2_IRQHandler</a> from startup_stm32f10x_hd.o(.text) referenced from startup_stm32f10x_hd.o(RESET)
 <LI><a href="#[27]">TIM3_IRQHandler</a> from startup_stm32f10x_hd.o(.text) referenced from startup_stm32f10x_hd.o(RESET)
 <LI><a href="#[28]">TIM4_IRQHandler</a> from startup_stm32f10x_hd.o(.text) referenced from startup_stm32f10x_hd.o(RESET)
 <LI><a href="#[3c]">TIM5_IRQHandler</a> from startup_stm32f10x_hd.o(.text) referenced from startup_stm32f10x_hd.o(RESET)
 <LI><a href="#[40]">TIM6_IRQHandler</a> from startup_stm32f10x_hd.o(.text) referenced from startup_stm32f10x_hd.o(RESET)
 <LI><a href="#[41]">TIM7_IRQHandler</a> from startup_stm32f10x_hd.o(.text) referenced from startup_stm32f10x_hd.o(RESET)
 <LI><a href="#[35]">TIM8_BRK_IRQHandler</a> from startup_stm32f10x_hd.o(.text) referenced from startup_stm32f10x_hd.o(RESET)
 <LI><a href="#[38]">TIM8_CC_IRQHandler</a> from startup_stm32f10x_hd.o(.text) referenced from startup_stm32f10x_hd.o(RESET)
 <LI><a href="#[37]">TIM8_TRG_COM_IRQHandler</a> from startup_stm32f10x_hd.o(.text) referenced from startup_stm32f10x_hd.o(RESET)
 <LI><a href="#[36]">TIM8_UP_IRQHandler</a> from startup_stm32f10x_hd.o(.text) referenced from startup_stm32f10x_hd.o(RESET)
 <LI><a href="#[3e]">UART4_IRQHandler</a> from startup_stm32f10x_hd.o(.text) referenced from startup_stm32f10x_hd.o(RESET)
 <LI><a href="#[3f]">UART5_IRQHandler</a> from startup_stm32f10x_hd.o(.text) referenced from startup_stm32f10x_hd.o(RESET)
 <LI><a href="#[2f]">USART1_IRQHandler</a> from stm32f10x_it.o(.text) referenced from startup_stm32f10x_hd.o(RESET)
 <LI><a href="#[30]">USART2_IRQHandler</a> from startup_stm32f10x_hd.o(.text) referenced from startup_stm32f10x_hd.o(RESET)
 <LI><a href="#[31]">USART3_IRQHandler</a> from stm32f10x_it.o(.text) referenced from startup_stm32f10x_hd.o(RESET)
 <LI><a href="#[34]">USBWakeUp_IRQHandler</a> from startup_stm32f10x_hd.o(.text) referenced from startup_stm32f10x_hd.o(RESET)
 <LI><a href="#[1d]">USB_HP_CAN1_TX_IRQHandler</a> from startup_stm32f10x_hd.o(.text) referenced from startup_stm32f10x_hd.o(RESET)
 <LI><a href="#[1e]">USB_LP_CAN1_RX0_IRQHandler</a> from startup_stm32f10x_hd.o(.text) referenced from startup_stm32f10x_hd.o(RESET)
 <LI><a href="#[5]">UsageFault_Handler</a> from stm32f10x_it.o(.text) referenced from startup_stm32f10x_hd.o(RESET)
 <LI><a href="#[a]">WWDG_IRQHandler</a> from startup_stm32f10x_hd.o(.text) referenced from startup_stm32f10x_hd.o(RESET)
 <LI><a href="#[4a]">__backspace</a> from fgetc_b.o(.text) referenced from scanf_char_file.o(.text)
 <LI><a href="#[48]">__main</a> from entry.o(.ARM.Collect$$$$00000000) referenced from startup_stm32f10x_hd.o(.text)
 <LI><a href="#[4b]">_scanf_char_input</a> from scanf_char.o(.text) referenced from scanf_char.o(.text)
 <LI><a href="#[4e]">_sputc</a> from printf6.o(i._sputc) referenced from printf6.o(i.__0sprintf$6)
 <LI><a href="#[49]">fgetc</a> from bsp_usart.o(.text) referenced from scanf_char_file.o(.text)
 <LI><a href="#[4d]">fputc</a> from bsp_usart.o(.text) referenced from printf6.o(i.__0printf$6)
 <LI><a href="#[4c]">isspace</a> from isspace_c.o(.text) referenced from scanf_char.o(.text)
 <LI><a href="#[46]">main</a> from main.o(.text) referenced from entry9a.o(.ARM.Collect$$$$0000000B)
</UL>
<P>
<H3>
Global Symbols
</H3>
<P><STRONG><a name="[48]"></a>__main</STRONG> (Thumb, 0 bytes, Stack size unknown bytes, entry.o(.ARM.Collect$$$$00000000))
<BR>[Address Reference Count : 1]<UL><LI> startup_stm32f10x_hd.o(.text)
</UL>
<P><STRONG><a name="[11f]"></a>_main_stk</STRONG> (Thumb, 0 bytes, Stack size unknown bytes, entry2.o(.ARM.Collect$$$$00000001))

<P><STRONG><a name="[4f]"></a>_main_scatterload</STRONG> (Thumb, 0 bytes, Stack size unknown bytes, entry5.o(.ARM.Collect$$$$00000004))
<BR><BR>[Calls]<UL><LI><a href="#[50]">&gt;&gt;</a>&nbsp;&nbsp;&nbsp;__scatterload
</UL>

<P><STRONG><a name="[116]"></a>__main_after_scatterload</STRONG> (Thumb, 0 bytes, Stack size unknown bytes, entry5.o(.ARM.Collect$$$$00000004))
<BR><BR>[Called By]<UL><LI><a href="#[50]">&gt;&gt;</a>&nbsp;&nbsp;&nbsp;__scatterload
</UL>

<P><STRONG><a name="[120]"></a>_main_clock</STRONG> (Thumb, 0 bytes, Stack size unknown bytes, entry7b.o(.ARM.Collect$$$$00000008))

<P><STRONG><a name="[121]"></a>_main_cpp_init</STRONG> (Thumb, 0 bytes, Stack size unknown bytes, entry8b.o(.ARM.Collect$$$$0000000A))

<P><STRONG><a name="[122]"></a>_main_init</STRONG> (Thumb, 0 bytes, Stack size unknown bytes, entry9a.o(.ARM.Collect$$$$0000000B))

<P><STRONG><a name="[123]"></a>__rt_final_cpp</STRONG> (Thumb, 0 bytes, Stack size unknown bytes, entry10a.o(.ARM.Collect$$$$0000000D))

<P><STRONG><a name="[124]"></a>__rt_final_exit</STRONG> (Thumb, 0 bytes, Stack size unknown bytes, entry11a.o(.ARM.Collect$$$$0000000F))

<P><STRONG><a name="[0]"></a>Reset_Handler</STRONG> (Thumb, 8 bytes, Stack size 0 bytes, startup_stm32f10x_hd.o(.text))
<BR>[Address Reference Count : 1]<UL><LI> startup_stm32f10x_hd.o(RESET)
</UL>
<P><STRONG><a name="[1c]"></a>ADC1_2_IRQHandler</STRONG> (Thumb, 0 bytes, Stack size 0 bytes, startup_stm32f10x_hd.o(.text))
<BR><BR>[Calls]<UL><LI><a href="#[1c]">&gt;&gt;</a>&nbsp;&nbsp;&nbsp;ADC1_2_IRQHandler
</UL>
<BR>[Called By]<UL><LI><a href="#[1c]">&gt;&gt;</a>&nbsp;&nbsp;&nbsp;ADC1_2_IRQHandler
</UL>
<BR>[Address Reference Count : 1]<UL><LI> startup_stm32f10x_hd.o(RESET)
</UL>
<P><STRONG><a name="[39]"></a>ADC3_IRQHandler</STRONG> (Thumb, 0 bytes, Stack size 0 bytes, startup_stm32f10x_hd.o(.text))
<BR>[Address Reference Count : 1]<UL><LI> startup_stm32f10x_hd.o(RESET)
</UL>
<P><STRONG><a name="[1f]"></a>CAN1_RX1_IRQHandler</STRONG> (Thumb, 0 bytes, Stack size 0 bytes, startup_stm32f10x_hd.o(.text))
<BR>[Address Reference Count : 1]<UL><LI> startup_stm32f10x_hd.o(RESET)
</UL>
<P><STRONG><a name="[20]"></a>CAN1_SCE_IRQHandler</STRONG> (Thumb, 0 bytes, Stack size 0 bytes, startup_stm32f10x_hd.o(.text))
<BR>[Address Reference Count : 1]<UL><LI> startup_stm32f10x_hd.o(RESET)
</UL>
<P><STRONG><a name="[15]"></a>DMA1_Channel1_IRQHandler</STRONG> (Thumb, 0 bytes, Stack size 0 bytes, startup_stm32f10x_hd.o(.text))
<BR>[Address Reference Count : 1]<UL><LI> startup_stm32f10x_hd.o(RESET)
</UL>
<P><STRONG><a name="[16]"></a>DMA1_Channel2_IRQHandler</STRONG> (Thumb, 0 bytes, Stack size 0 bytes, startup_stm32f10x_hd.o(.text))
<BR>[Address Reference Count : 1]<UL><LI> startup_stm32f10x_hd.o(RESET)
</UL>
<P><STRONG><a name="[17]"></a>DMA1_Channel3_IRQHandler</STRONG> (Thumb, 0 bytes, Stack size 0 bytes, startup_stm32f10x_hd.o(.text))
<BR>[Address Reference Count : 1]<UL><LI> startup_stm32f10x_hd.o(RESET)
</UL>
<P><STRONG><a name="[18]"></a>DMA1_Channel4_IRQHandler</STRONG> (Thumb, 0 bytes, Stack size 0 bytes, startup_stm32f10x_hd.o(.text))
<BR>[Address Reference Count : 1]<UL><LI> startup_stm32f10x_hd.o(RESET)
</UL>
<P><STRONG><a name="[19]"></a>DMA1_Channel5_IRQHandler</STRONG> (Thumb, 0 bytes, Stack size 0 bytes, startup_stm32f10x_hd.o(.text))
<BR>[Address Reference Count : 1]<UL><LI> startup_stm32f10x_hd.o(RESET)
</UL>
<P><STRONG><a name="[1a]"></a>DMA1_Channel6_IRQHandler</STRONG> (Thumb, 0 bytes, Stack size 0 bytes, startup_stm32f10x_hd.o(.text))
<BR>[Address Reference Count : 1]<UL><LI> startup_stm32f10x_hd.o(RESET)
</UL>
<P><STRONG><a name="[1b]"></a>DMA1_Channel7_IRQHandler</STRONG> (Thumb, 0 bytes, Stack size 0 bytes, startup_stm32f10x_hd.o(.text))
<BR>[Address Reference Count : 1]<UL><LI> startup_stm32f10x_hd.o(RESET)
</UL>
<P><STRONG><a name="[42]"></a>DMA2_Channel1_IRQHandler</STRONG> (Thumb, 0 bytes, Stack size 0 bytes, startup_stm32f10x_hd.o(.text))
<BR>[Address Reference Count : 1]<UL><LI> startup_stm32f10x_hd.o(RESET)
</UL>
<P><STRONG><a name="[43]"></a>DMA2_Channel2_IRQHandler</STRONG> (Thumb, 0 bytes, Stack size 0 bytes, startup_stm32f10x_hd.o(.text))
<BR>[Address Reference Count : 1]<UL><LI> startup_stm32f10x_hd.o(RESET)
</UL>
<P><STRONG><a name="[44]"></a>DMA2_Channel3_IRQHandler</STRONG> (Thumb, 0 bytes, Stack size 0 bytes, startup_stm32f10x_hd.o(.text))
<BR>[Address Reference Count : 1]<UL><LI> startup_stm32f10x_hd.o(RESET)
</UL>
<P><STRONG><a name="[45]"></a>DMA2_Channel4_5_IRQHandler</STRONG> (Thumb, 0 bytes, Stack size 0 bytes, startup_stm32f10x_hd.o(.text))
<BR>[Address Reference Count : 1]<UL><LI> startup_stm32f10x_hd.o(RESET)
</UL>
<P><STRONG><a name="[11]"></a>EXTI1_IRQHandler</STRONG> (Thumb, 0 bytes, Stack size 0 bytes, startup_stm32f10x_hd.o(.text))
<BR>[Address Reference Count : 1]<UL><LI> startup_stm32f10x_hd.o(RESET)
</UL>
<P><STRONG><a name="[12]"></a>EXTI2_IRQHandler</STRONG> (Thumb, 0 bytes, Stack size 0 bytes, startup_stm32f10x_hd.o(.text))
<BR>[Address Reference Count : 1]<UL><LI> startup_stm32f10x_hd.o(RESET)
</UL>
<P><STRONG><a name="[13]"></a>EXTI3_IRQHandler</STRONG> (Thumb, 0 bytes, Stack size 0 bytes, startup_stm32f10x_hd.o(.text))
<BR>[Address Reference Count : 1]<UL><LI> startup_stm32f10x_hd.o(RESET)
</UL>
<P><STRONG><a name="[14]"></a>EXTI4_IRQHandler</STRONG> (Thumb, 0 bytes, Stack size 0 bytes, startup_stm32f10x_hd.o(.text))
<BR>[Address Reference Count : 1]<UL><LI> startup_stm32f10x_hd.o(RESET)
</UL>
<P><STRONG><a name="[21]"></a>EXTI9_5_IRQHandler</STRONG> (Thumb, 0 bytes, Stack size 0 bytes, startup_stm32f10x_hd.o(.text))
<BR>[Address Reference Count : 1]<UL><LI> startup_stm32f10x_hd.o(RESET)
</UL>
<P><STRONG><a name="[e]"></a>FLASH_IRQHandler</STRONG> (Thumb, 0 bytes, Stack size 0 bytes, startup_stm32f10x_hd.o(.text))
<BR>[Address Reference Count : 1]<UL><LI> startup_stm32f10x_hd.o(RESET)
</UL>
<P><STRONG><a name="[3a]"></a>FSMC_IRQHandler</STRONG> (Thumb, 0 bytes, Stack size 0 bytes, startup_stm32f10x_hd.o(.text))
<BR>[Address Reference Count : 1]<UL><LI> startup_stm32f10x_hd.o(RESET)
</UL>
<P><STRONG><a name="[2a]"></a>I2C1_ER_IRQHandler</STRONG> (Thumb, 0 bytes, Stack size 0 bytes, startup_stm32f10x_hd.o(.text))
<BR>[Address Reference Count : 1]<UL><LI> startup_stm32f10x_hd.o(RESET)
</UL>
<P><STRONG><a name="[29]"></a>I2C1_EV_IRQHandler</STRONG> (Thumb, 0 bytes, Stack size 0 bytes, startup_stm32f10x_hd.o(.text))
<BR>[Address Reference Count : 1]<UL><LI> startup_stm32f10x_hd.o(RESET)
</UL>
<P><STRONG><a name="[2c]"></a>I2C2_ER_IRQHandler</STRONG> (Thumb, 0 bytes, Stack size 0 bytes, startup_stm32f10x_hd.o(.text))
<BR>[Address Reference Count : 1]<UL><LI> startup_stm32f10x_hd.o(RESET)
</UL>
<P><STRONG><a name="[2b]"></a>I2C2_EV_IRQHandler</STRONG> (Thumb, 0 bytes, Stack size 0 bytes, startup_stm32f10x_hd.o(.text))
<BR>[Address Reference Count : 1]<UL><LI> startup_stm32f10x_hd.o(RESET)
</UL>
<P><STRONG><a name="[b]"></a>PVD_IRQHandler</STRONG> (Thumb, 0 bytes, Stack size 0 bytes, startup_stm32f10x_hd.o(.text))
<BR>[Address Reference Count : 1]<UL><LI> startup_stm32f10x_hd.o(RESET)
</UL>
<P><STRONG><a name="[f]"></a>RCC_IRQHandler</STRONG> (Thumb, 0 bytes, Stack size 0 bytes, startup_stm32f10x_hd.o(.text))
<BR>[Address Reference Count : 1]<UL><LI> startup_stm32f10x_hd.o(RESET)
</UL>
<P><STRONG><a name="[33]"></a>RTCAlarm_IRQHandler</STRONG> (Thumb, 0 bytes, Stack size 0 bytes, startup_stm32f10x_hd.o(.text))
<BR>[Address Reference Count : 1]<UL><LI> startup_stm32f10x_hd.o(RESET)
</UL>
<P><STRONG><a name="[3b]"></a>SDIO_IRQHandler</STRONG> (Thumb, 0 bytes, Stack size 0 bytes, startup_stm32f10x_hd.o(.text))
<BR>[Address Reference Count : 1]<UL><LI> startup_stm32f10x_hd.o(RESET)
</UL>
<P><STRONG><a name="[2d]"></a>SPI1_IRQHandler</STRONG> (Thumb, 0 bytes, Stack size 0 bytes, startup_stm32f10x_hd.o(.text))
<BR>[Address Reference Count : 1]<UL><LI> startup_stm32f10x_hd.o(RESET)
</UL>
<P><STRONG><a name="[2e]"></a>SPI2_IRQHandler</STRONG> (Thumb, 0 bytes, Stack size 0 bytes, startup_stm32f10x_hd.o(.text))
<BR>[Address Reference Count : 1]<UL><LI> startup_stm32f10x_hd.o(RESET)
</UL>
<P><STRONG><a name="[3d]"></a>SPI3_IRQHandler</STRONG> (Thumb, 0 bytes, Stack size 0 bytes, startup_stm32f10x_hd.o(.text))
<BR>[Address Reference Count : 1]<UL><LI> startup_stm32f10x_hd.o(RESET)
</UL>
<P><STRONG><a name="[c]"></a>TAMPER_IRQHandler</STRONG> (Thumb, 0 bytes, Stack size 0 bytes, startup_stm32f10x_hd.o(.text))
<BR>[Address Reference Count : 1]<UL><LI> startup_stm32f10x_hd.o(RESET)
</UL>
<P><STRONG><a name="[22]"></a>TIM1_BRK_IRQHandler</STRONG> (Thumb, 0 bytes, Stack size 0 bytes, startup_stm32f10x_hd.o(.text))
<BR>[Address Reference Count : 1]<UL><LI> startup_stm32f10x_hd.o(RESET)
</UL>
<P><STRONG><a name="[25]"></a>TIM1_CC_IRQHandler</STRONG> (Thumb, 0 bytes, Stack size 0 bytes, startup_stm32f10x_hd.o(.text))
<BR>[Address Reference Count : 1]<UL><LI> startup_stm32f10x_hd.o(RESET)
</UL>
<P><STRONG><a name="[24]"></a>TIM1_TRG_COM_IRQHandler</STRONG> (Thumb, 0 bytes, Stack size 0 bytes, startup_stm32f10x_hd.o(.text))
<BR>[Address Reference Count : 1]<UL><LI> startup_stm32f10x_hd.o(RESET)
</UL>
<P><STRONG><a name="[23]"></a>TIM1_UP_IRQHandler</STRONG> (Thumb, 0 bytes, Stack size 0 bytes, startup_stm32f10x_hd.o(.text))
<BR>[Address Reference Count : 1]<UL><LI> startup_stm32f10x_hd.o(RESET)
</UL>
<P><STRONG><a name="[26]"></a>TIM2_IRQHandler</STRONG> (Thumb, 0 bytes, Stack size 0 bytes, startup_stm32f10x_hd.o(.text))
<BR>[Address Reference Count : 1]<UL><LI> startup_stm32f10x_hd.o(RESET)
</UL>
<P><STRONG><a name="[27]"></a>TIM3_IRQHandler</STRONG> (Thumb, 0 bytes, Stack size 0 bytes, startup_stm32f10x_hd.o(.text))
<BR>[Address Reference Count : 1]<UL><LI> startup_stm32f10x_hd.o(RESET)
</UL>
<P><STRONG><a name="[28]"></a>TIM4_IRQHandler</STRONG> (Thumb, 0 bytes, Stack size 0 bytes, startup_stm32f10x_hd.o(.text))
<BR>[Address Reference Count : 1]<UL><LI> startup_stm32f10x_hd.o(RESET)
</UL>
<P><STRONG><a name="[3c]"></a>TIM5_IRQHandler</STRONG> (Thumb, 0 bytes, Stack size 0 bytes, startup_stm32f10x_hd.o(.text))
<BR>[Address Reference Count : 1]<UL><LI> startup_stm32f10x_hd.o(RESET)
</UL>
<P><STRONG><a name="[40]"></a>TIM6_IRQHandler</STRONG> (Thumb, 0 bytes, Stack size 0 bytes, startup_stm32f10x_hd.o(.text))
<BR>[Address Reference Count : 1]<UL><LI> startup_stm32f10x_hd.o(RESET)
</UL>
<P><STRONG><a name="[41]"></a>TIM7_IRQHandler</STRONG> (Thumb, 0 bytes, Stack size 0 bytes, startup_stm32f10x_hd.o(.text))
<BR>[Address Reference Count : 1]<UL><LI> startup_stm32f10x_hd.o(RESET)
</UL>
<P><STRONG><a name="[35]"></a>TIM8_BRK_IRQHandler</STRONG> (Thumb, 0 bytes, Stack size 0 bytes, startup_stm32f10x_hd.o(.text))
<BR>[Address Reference Count : 1]<UL><LI> startup_stm32f10x_hd.o(RESET)
</UL>
<P><STRONG><a name="[38]"></a>TIM8_CC_IRQHandler</STRONG> (Thumb, 0 bytes, Stack size 0 bytes, startup_stm32f10x_hd.o(.text))
<BR>[Address Reference Count : 1]<UL><LI> startup_stm32f10x_hd.o(RESET)
</UL>
<P><STRONG><a name="[37]"></a>TIM8_TRG_COM_IRQHandler</STRONG> (Thumb, 0 bytes, Stack size 0 bytes, startup_stm32f10x_hd.o(.text))
<BR>[Address Reference Count : 1]<UL><LI> startup_stm32f10x_hd.o(RESET)
</UL>
<P><STRONG><a name="[36]"></a>TIM8_UP_IRQHandler</STRONG> (Thumb, 0 bytes, Stack size 0 bytes, startup_stm32f10x_hd.o(.text))
<BR>[Address Reference Count : 1]<UL><LI> startup_stm32f10x_hd.o(RESET)
</UL>
<P><STRONG><a name="[3e]"></a>UART4_IRQHandler</STRONG> (Thumb, 0 bytes, Stack size 0 bytes, startup_stm32f10x_hd.o(.text))
<BR>[Address Reference Count : 1]<UL><LI> startup_stm32f10x_hd.o(RESET)
</UL>
<P><STRONG><a name="[3f]"></a>UART5_IRQHandler</STRONG> (Thumb, 0 bytes, Stack size 0 bytes, startup_stm32f10x_hd.o(.text))
<BR>[Address Reference Count : 1]<UL><LI> startup_stm32f10x_hd.o(RESET)
</UL>
<P><STRONG><a name="[30]"></a>USART2_IRQHandler</STRONG> (Thumb, 0 bytes, Stack size 0 bytes, startup_stm32f10x_hd.o(.text))
<BR>[Address Reference Count : 1]<UL><LI> startup_stm32f10x_hd.o(RESET)
</UL>
<P><STRONG><a name="[34]"></a>USBWakeUp_IRQHandler</STRONG> (Thumb, 0 bytes, Stack size 0 bytes, startup_stm32f10x_hd.o(.text))
<BR>[Address Reference Count : 1]<UL><LI> startup_stm32f10x_hd.o(RESET)
</UL>
<P><STRONG><a name="[1d]"></a>USB_HP_CAN1_TX_IRQHandler</STRONG> (Thumb, 0 bytes, Stack size 0 bytes, startup_stm32f10x_hd.o(.text))
<BR>[Address Reference Count : 1]<UL><LI> startup_stm32f10x_hd.o(RESET)
</UL>
<P><STRONG><a name="[1e]"></a>USB_LP_CAN1_RX0_IRQHandler</STRONG> (Thumb, 0 bytes, Stack size 0 bytes, startup_stm32f10x_hd.o(.text))
<BR>[Address Reference Count : 1]<UL><LI> startup_stm32f10x_hd.o(RESET)
</UL>
<P><STRONG><a name="[a]"></a>WWDG_IRQHandler</STRONG> (Thumb, 0 bytes, Stack size 0 bytes, startup_stm32f10x_hd.o(.text))
<BR>[Address Reference Count : 1]<UL><LI> startup_stm32f10x_hd.o(RESET)
</UL>
<P><STRONG><a name="[47]"></a>SystemInit</STRONG> (Thumb, 78 bytes, Stack size 8 bytes, system_stm32f10x.o(.text))
<BR><BR>[Stack]<UL><LI>Max Depth = 28<LI>Call Chain = SystemInit &rArr; SetSysClock &rArr; SetSysClockTo72
</UL>
<BR>[Calls]<UL><LI><a href="#[51]">&gt;&gt;</a>&nbsp;&nbsp;&nbsp;SetSysClock
</UL>
<BR>[Address Reference Count : 1]<UL><LI> startup_stm32f10x_hd.o(.text)
</UL>
<P><STRONG><a name="[125]"></a>SystemCoreClockUpdate</STRONG> (Thumb, 142 bytes, Stack size 8 bytes, system_stm32f10x.o(.text), UNUSED)

<P><STRONG><a name="[e1]"></a>NVIC_PriorityGroupConfig</STRONG> (Thumb, 10 bytes, Stack size 0 bytes, misc.o(.text))
<BR><BR>[Called By]<UL><LI><a href="#[102]">&gt;&gt;</a>&nbsp;&nbsp;&nbsp;ESP8266_USART_NVIC_Configuration
<LI><a href="#[e0]">&gt;&gt;</a>&nbsp;&nbsp;&nbsp;NVIC_Configuration
<LI><a href="#[75]">&gt;&gt;</a>&nbsp;&nbsp;&nbsp;RTC_NVIC_Config
</UL>

<P><STRONG><a name="[e2]"></a>NVIC_Init</STRONG> (Thumb, 100 bytes, Stack size 16 bytes, misc.o(.text))
<BR><BR>[Stack]<UL><LI>Max Depth = 16<LI>Call Chain = NVIC_Init
</UL>
<BR>[Called By]<UL><LI><a href="#[102]">&gt;&gt;</a>&nbsp;&nbsp;&nbsp;ESP8266_USART_NVIC_Configuration
<LI><a href="#[e0]">&gt;&gt;</a>&nbsp;&nbsp;&nbsp;NVIC_Configuration
<LI><a href="#[75]">&gt;&gt;</a>&nbsp;&nbsp;&nbsp;RTC_NVIC_Config
</UL>

<P><STRONG><a name="[126]"></a>NVIC_SetVectorTable</STRONG> (Thumb, 14 bytes, Stack size 0 bytes, misc.o(.text), UNUSED)

<P><STRONG><a name="[127]"></a>NVIC_SystemLPConfig</STRONG> (Thumb, 34 bytes, Stack size 0 bytes, misc.o(.text), UNUSED)

<P><STRONG><a name="[128]"></a>SysTick_CLKSourceConfig</STRONG> (Thumb, 40 bytes, Stack size 0 bytes, misc.o(.text), UNUSED)

<P><STRONG><a name="[53]"></a>BKP_DeInit</STRONG> (Thumb, 16 bytes, Stack size 8 bytes, stm32f10x_bkp.o(.text))
<BR><BR>[Stack]<UL><LI>Max Depth = 8<LI>Call Chain = BKP_DeInit
</UL>
<BR>[Calls]<UL><LI><a href="#[54]">&gt;&gt;</a>&nbsp;&nbsp;&nbsp;RCC_BackupResetCmd
</UL>
<BR>[Called By]<UL><LI><a href="#[e8]">&gt;&gt;</a>&nbsp;&nbsp;&nbsp;RTC_Configuration
</UL>

<P><STRONG><a name="[129]"></a>BKP_TamperPinLevelConfig</STRONG> (Thumb, 6 bytes, Stack size 0 bytes, stm32f10x_bkp.o(.text), UNUSED)

<P><STRONG><a name="[12a]"></a>BKP_TamperPinCmd</STRONG> (Thumb, 8 bytes, Stack size 0 bytes, stm32f10x_bkp.o(.text), UNUSED)

<P><STRONG><a name="[12b]"></a>BKP_ITConfig</STRONG> (Thumb, 8 bytes, Stack size 0 bytes, stm32f10x_bkp.o(.text), UNUSED)

<P><STRONG><a name="[12c]"></a>BKP_RTCOutputConfig</STRONG> (Thumb, 22 bytes, Stack size 0 bytes, stm32f10x_bkp.o(.text), UNUSED)

<P><STRONG><a name="[12d]"></a>BKP_SetRTCCalibrationValue</STRONG> (Thumb, 22 bytes, Stack size 0 bytes, stm32f10x_bkp.o(.text), UNUSED)

<P><STRONG><a name="[90]"></a>BKP_WriteBackupRegister</STRONG> (Thumb, 24 bytes, Stack size 8 bytes, stm32f10x_bkp.o(.text))
<BR><BR>[Stack]<UL><LI>Max Depth = 8<LI>Call Chain = BKP_WriteBackupRegister
</UL>
<BR>[Called By]<UL><LI><a href="#[10]">&gt;&gt;</a>&nbsp;&nbsp;&nbsp;EXTI0_IRQHandler
<LI><a href="#[76]">&gt;&gt;</a>&nbsp;&nbsp;&nbsp;RTC_CheckAndConfig
</UL>

<P><STRONG><a name="[f1]"></a>BKP_ReadBackupRegister</STRONG> (Thumb, 26 bytes, Stack size 8 bytes, stm32f10x_bkp.o(.text))
<BR><BR>[Stack]<UL><LI>Max Depth = 8<LI>Call Chain = BKP_ReadBackupRegister
</UL>
<BR>[Called By]<UL><LI><a href="#[76]">&gt;&gt;</a>&nbsp;&nbsp;&nbsp;RTC_CheckAndConfig
</UL>

<P><STRONG><a name="[12e]"></a>BKP_GetFlagStatus</STRONG> (Thumb, 10 bytes, Stack size 0 bytes, stm32f10x_bkp.o(.text), UNUSED)

<P><STRONG><a name="[12f]"></a>BKP_ClearFlag</STRONG> (Thumb, 18 bytes, Stack size 0 bytes, stm32f10x_bkp.o(.text), UNUSED)

<P><STRONG><a name="[130]"></a>BKP_GetITStatus</STRONG> (Thumb, 10 bytes, Stack size 0 bytes, stm32f10x_bkp.o(.text), UNUSED)

<P><STRONG><a name="[131]"></a>BKP_ClearITPendingBit</STRONG> (Thumb, 18 bytes, Stack size 0 bytes, stm32f10x_bkp.o(.text), UNUSED)

<P><STRONG><a name="[132]"></a>EXTI_DeInit</STRONG> (Thumb, 28 bytes, Stack size 0 bytes, stm32f10x_exti.o(.text), UNUSED)

<P><STRONG><a name="[e4]"></a>EXTI_Init</STRONG> (Thumb, 142 bytes, Stack size 0 bytes, stm32f10x_exti.o(.text))
<BR><BR>[Called By]<UL><LI><a href="#[6e]">&gt;&gt;</a>&nbsp;&nbsp;&nbsp;EXTI_Key_Config
</UL>

<P><STRONG><a name="[133]"></a>EXTI_StructInit</STRONG> (Thumb, 16 bytes, Stack size 0 bytes, stm32f10x_exti.o(.text), UNUSED)

<P><STRONG><a name="[134]"></a>EXTI_GenerateSWInterrupt</STRONG> (Thumb, 16 bytes, Stack size 0 bytes, stm32f10x_exti.o(.text), UNUSED)

<P><STRONG><a name="[135]"></a>EXTI_GetFlagStatus</STRONG> (Thumb, 22 bytes, Stack size 0 bytes, stm32f10x_exti.o(.text), UNUSED)

<P><STRONG><a name="[136]"></a>EXTI_ClearFlag</STRONG> (Thumb, 8 bytes, Stack size 0 bytes, stm32f10x_exti.o(.text), UNUSED)

<P><STRONG><a name="[8c]"></a>EXTI_GetITStatus</STRONG> (Thumb, 34 bytes, Stack size 0 bytes, stm32f10x_exti.o(.text))
<BR><BR>[Called By]<UL><LI><a href="#[10]">&gt;&gt;</a>&nbsp;&nbsp;&nbsp;EXTI0_IRQHandler
<LI><a href="#[32]">&gt;&gt;</a>&nbsp;&nbsp;&nbsp;EXTI15_10_IRQHandler
</UL>

<P><STRONG><a name="[8d]"></a>EXTI_ClearITPendingBit</STRONG> (Thumb, 8 bytes, Stack size 0 bytes, stm32f10x_exti.o(.text))
<BR><BR>[Called By]<UL><LI><a href="#[10]">&gt;&gt;</a>&nbsp;&nbsp;&nbsp;EXTI0_IRQHandler
<LI><a href="#[32]">&gt;&gt;</a>&nbsp;&nbsp;&nbsp;EXTI15_10_IRQHandler
</UL>

<P><STRONG><a name="[137]"></a>FSMC_NORSRAMDeInit</STRONG> (Thumb, 54 bytes, Stack size 0 bytes, stm32f10x_fsmc.o(.text), UNUSED)

<P><STRONG><a name="[138]"></a>FSMC_NANDDeInit</STRONG> (Thumb, 62 bytes, Stack size 0 bytes, stm32f10x_fsmc.o(.text), UNUSED)

<P><STRONG><a name="[139]"></a>FSMC_PCCARDDeInit</STRONG> (Thumb, 36 bytes, Stack size 0 bytes, stm32f10x_fsmc.o(.text), UNUSED)

<P><STRONG><a name="[a7]"></a>FSMC_NORSRAMInit</STRONG> (Thumb, 230 bytes, Stack size 0 bytes, stm32f10x_fsmc.o(.text))
<BR><BR>[Called By]<UL><LI><a href="#[a5]">&gt;&gt;</a>&nbsp;&nbsp;&nbsp;ILI9341_FSMC_Config
</UL>

<P><STRONG><a name="[13a]"></a>FSMC_NANDInit</STRONG> (Thumb, 132 bytes, Stack size 12 bytes, stm32f10x_fsmc.o(.text), UNUSED)

<P><STRONG><a name="[13b]"></a>FSMC_PCCARDInit</STRONG> (Thumb, 130 bytes, Stack size 0 bytes, stm32f10x_fsmc.o(.text), UNUSED)

<P><STRONG><a name="[13c]"></a>FSMC_NORSRAMStructInit</STRONG> (Thumb, 114 bytes, Stack size 0 bytes, stm32f10x_fsmc.o(.text), UNUSED)

<P><STRONG><a name="[13d]"></a>FSMC_NANDStructInit</STRONG> (Thumb, 54 bytes, Stack size 0 bytes, stm32f10x_fsmc.o(.text), UNUSED)

<P><STRONG><a name="[13e]"></a>FSMC_PCCARDStructInit</STRONG> (Thumb, 60 bytes, Stack size 0 bytes, stm32f10x_fsmc.o(.text), UNUSED)

<P><STRONG><a name="[a8]"></a>FSMC_NORSRAMCmd</STRONG> (Thumb, 46 bytes, Stack size 0 bytes, stm32f10x_fsmc.o(.text))
<BR><BR>[Called By]<UL><LI><a href="#[a5]">&gt;&gt;</a>&nbsp;&nbsp;&nbsp;ILI9341_FSMC_Config
</UL>

<P><STRONG><a name="[13f]"></a>FSMC_NANDCmd</STRONG> (Thumb, 86 bytes, Stack size 0 bytes, stm32f10x_fsmc.o(.text), UNUSED)

<P><STRONG><a name="[140]"></a>FSMC_PCCARDCmd</STRONG> (Thumb, 44 bytes, Stack size 0 bytes, stm32f10x_fsmc.o(.text), UNUSED)

<P><STRONG><a name="[141]"></a>FSMC_NANDECCCmd</STRONG> (Thumb, 90 bytes, Stack size 0 bytes, stm32f10x_fsmc.o(.text), UNUSED)

<P><STRONG><a name="[142]"></a>FSMC_GetECC</STRONG> (Thumb, 24 bytes, Stack size 0 bytes, stm32f10x_fsmc.o(.text), UNUSED)

<P><STRONG><a name="[143]"></a>FSMC_ITConfig</STRONG> (Thumb, 128 bytes, Stack size 8 bytes, stm32f10x_fsmc.o(.text), UNUSED)

<P><STRONG><a name="[144]"></a>FSMC_GetFlagStatus</STRONG> (Thumb, 54 bytes, Stack size 8 bytes, stm32f10x_fsmc.o(.text), UNUSED)

<P><STRONG><a name="[145]"></a>FSMC_ClearFlag</STRONG> (Thumb, 62 bytes, Stack size 0 bytes, stm32f10x_fsmc.o(.text), UNUSED)

<P><STRONG><a name="[146]"></a>FSMC_GetITStatus</STRONG> (Thumb, 64 bytes, Stack size 16 bytes, stm32f10x_fsmc.o(.text), UNUSED)

<P><STRONG><a name="[147]"></a>FSMC_ClearITPendingBit</STRONG> (Thumb, 68 bytes, Stack size 0 bytes, stm32f10x_fsmc.o(.text), UNUSED)

<P><STRONG><a name="[55]"></a>GPIO_DeInit</STRONG> (Thumb, 172 bytes, Stack size 8 bytes, stm32f10x_gpio.o(.text), UNUSED)
<BR><BR>[Calls]<UL><LI><a href="#[56]">&gt;&gt;</a>&nbsp;&nbsp;&nbsp;RCC_APB2PeriphResetCmd
</UL>

<P><STRONG><a name="[57]"></a>GPIO_AFIODeInit</STRONG> (Thumb, 20 bytes, Stack size 8 bytes, stm32f10x_gpio.o(.text), UNUSED)
<BR><BR>[Calls]<UL><LI><a href="#[56]">&gt;&gt;</a>&nbsp;&nbsp;&nbsp;RCC_APB2PeriphResetCmd
</UL>

<P><STRONG><a name="[92]"></a>GPIO_Init</STRONG> (Thumb, 278 bytes, Stack size 24 bytes, stm32f10x_gpio.o(.text))
<BR><BR>[Stack]<UL><LI>Max Depth = 24<LI>Call Chain = GPIO_Init
</UL>
<BR>[Called By]<UL><LI><a href="#[105]">&gt;&gt;</a>&nbsp;&nbsp;&nbsp;ESP8266_GPIO_Config
<LI><a href="#[103]">&gt;&gt;</a>&nbsp;&nbsp;&nbsp;ESP8266_USART_Config
<LI><a href="#[db]">&gt;&gt;</a>&nbsp;&nbsp;&nbsp;DHT11_Mode_Out_PP
<LI><a href="#[da]">&gt;&gt;</a>&nbsp;&nbsp;&nbsp;DHT11_Mode_IPU
<LI><a href="#[d9]">&gt;&gt;</a>&nbsp;&nbsp;&nbsp;DHT11_GPIO_Config
<LI><a href="#[a4]">&gt;&gt;</a>&nbsp;&nbsp;&nbsp;ILI9341_GPIO_Config
<LI><a href="#[a2]">&gt;&gt;</a>&nbsp;&nbsp;&nbsp;SPI_FLASH_Init
<LI><a href="#[6c]">&gt;&gt;</a>&nbsp;&nbsp;&nbsp;i2c_GPIO_Config
<LI><a href="#[6b]">&gt;&gt;</a>&nbsp;&nbsp;&nbsp;USART_Config
<LI><a href="#[69]">&gt;&gt;</a>&nbsp;&nbsp;&nbsp;LED_GPIO_Config
<LI><a href="#[74]">&gt;&gt;</a>&nbsp;&nbsp;&nbsp;Key_GPIO_Config
<LI><a href="#[6e]">&gt;&gt;</a>&nbsp;&nbsp;&nbsp;EXTI_Key_Config
<LI><a href="#[73]">&gt;&gt;</a>&nbsp;&nbsp;&nbsp;BEEP_GPIO_Config
</UL>

<P><STRONG><a name="[148]"></a>GPIO_StructInit</STRONG> (Thumb, 16 bytes, Stack size 0 bytes, stm32f10x_gpio.o(.text), UNUSED)

<P><STRONG><a name="[dd]"></a>GPIO_ReadInputDataBit</STRONG> (Thumb, 18 bytes, Stack size 0 bytes, stm32f10x_gpio.o(.text))
<BR><BR>[Called By]<UL><LI><a href="#[f6]">&gt;&gt;</a>&nbsp;&nbsp;&nbsp;Key_Scan
<LI><a href="#[dc]">&gt;&gt;</a>&nbsp;&nbsp;&nbsp;DHT11_ReadByte
<LI><a href="#[7d]">&gt;&gt;</a>&nbsp;&nbsp;&nbsp;DHT11_Read_TempAndHumidity
</UL>

<P><STRONG><a name="[149]"></a>GPIO_ReadInputData</STRONG> (Thumb, 8 bytes, Stack size 0 bytes, stm32f10x_gpio.o(.text), UNUSED)

<P><STRONG><a name="[14a]"></a>GPIO_ReadOutputDataBit</STRONG> (Thumb, 18 bytes, Stack size 0 bytes, stm32f10x_gpio.o(.text), UNUSED)

<P><STRONG><a name="[14b]"></a>GPIO_ReadOutputData</STRONG> (Thumb, 8 bytes, Stack size 0 bytes, stm32f10x_gpio.o(.text), UNUSED)

<P><STRONG><a name="[80]"></a>GPIO_SetBits</STRONG> (Thumb, 4 bytes, Stack size 0 bytes, stm32f10x_gpio.o(.text))
<BR><BR>[Called By]<UL><LI><a href="#[106]">&gt;&gt;</a>&nbsp;&nbsp;&nbsp;ESP8266_Rst
<LI><a href="#[f8]">&gt;&gt;</a>&nbsp;&nbsp;&nbsp;ESP8266_AT_Test
<LI><a href="#[d8]">&gt;&gt;</a>&nbsp;&nbsp;&nbsp;SPI_Flash_WAKEUP
<LI><a href="#[d7]">&gt;&gt;</a>&nbsp;&nbsp;&nbsp;SPI_Flash_PowerDown
<LI><a href="#[d3]">&gt;&gt;</a>&nbsp;&nbsp;&nbsp;SPI_FLASH_ReadDeviceID
<LI><a href="#[d2]">&gt;&gt;</a>&nbsp;&nbsp;&nbsp;SPI_FLASH_ReadID
<LI><a href="#[d0]">&gt;&gt;</a>&nbsp;&nbsp;&nbsp;SPI_FLASH_PageWrite
<LI><a href="#[cf]">&gt;&gt;</a>&nbsp;&nbsp;&nbsp;SPI_FLASH_BulkErase
<LI><a href="#[ce]">&gt;&gt;</a>&nbsp;&nbsp;&nbsp;SPI_FLASH_SectorErase
<LI><a href="#[cd]">&gt;&gt;</a>&nbsp;&nbsp;&nbsp;SPI_FLASH_WriteEnable
<LI><a href="#[cc]">&gt;&gt;</a>&nbsp;&nbsp;&nbsp;SPI_FLASH_WaitForWriteEnd
<LI><a href="#[ae]">&gt;&gt;</a>&nbsp;&nbsp;&nbsp;ILI9341_BackLed_Control
<LI><a href="#[ad]">&gt;&gt;</a>&nbsp;&nbsp;&nbsp;ILI9341_Rst
<LI><a href="#[a2]">&gt;&gt;</a>&nbsp;&nbsp;&nbsp;SPI_FLASH_Init
<LI><a href="#[a3]">&gt;&gt;</a>&nbsp;&nbsp;&nbsp;SPI_FLASH_BufferRead
<LI><a href="#[69]">&gt;&gt;</a>&nbsp;&nbsp;&nbsp;LED_GPIO_Config
<LI><a href="#[72]">&gt;&gt;</a>&nbsp;&nbsp;&nbsp;ESP8266_StaTcpClient_Unvarnish_ConfigTest
<LI><a href="#[71]">&gt;&gt;</a>&nbsp;&nbsp;&nbsp;ESP8266_Init
<LI><a href="#[7d]">&gt;&gt;</a>&nbsp;&nbsp;&nbsp;DHT11_Read_TempAndHumidity
<LI><a href="#[6f]">&gt;&gt;</a>&nbsp;&nbsp;&nbsp;DHT11_Init
<LI><a href="#[46]">&gt;&gt;</a>&nbsp;&nbsp;&nbsp;main
</UL>

<P><STRONG><a name="[82]"></a>GPIO_ResetBits</STRONG> (Thumb, 4 bytes, Stack size 0 bytes, stm32f10x_gpio.o(.text))
<BR><BR>[Called By]<UL><LI><a href="#[106]">&gt;&gt;</a>&nbsp;&nbsp;&nbsp;ESP8266_Rst
<LI><a href="#[d8]">&gt;&gt;</a>&nbsp;&nbsp;&nbsp;SPI_Flash_WAKEUP
<LI><a href="#[d7]">&gt;&gt;</a>&nbsp;&nbsp;&nbsp;SPI_Flash_PowerDown
<LI><a href="#[d4]">&gt;&gt;</a>&nbsp;&nbsp;&nbsp;SPI_FLASH_StartReadSequence
<LI><a href="#[d3]">&gt;&gt;</a>&nbsp;&nbsp;&nbsp;SPI_FLASH_ReadDeviceID
<LI><a href="#[d2]">&gt;&gt;</a>&nbsp;&nbsp;&nbsp;SPI_FLASH_ReadID
<LI><a href="#[d0]">&gt;&gt;</a>&nbsp;&nbsp;&nbsp;SPI_FLASH_PageWrite
<LI><a href="#[cf]">&gt;&gt;</a>&nbsp;&nbsp;&nbsp;SPI_FLASH_BulkErase
<LI><a href="#[ce]">&gt;&gt;</a>&nbsp;&nbsp;&nbsp;SPI_FLASH_SectorErase
<LI><a href="#[cd]">&gt;&gt;</a>&nbsp;&nbsp;&nbsp;SPI_FLASH_WriteEnable
<LI><a href="#[cc]">&gt;&gt;</a>&nbsp;&nbsp;&nbsp;SPI_FLASH_WaitForWriteEnd
<LI><a href="#[ae]">&gt;&gt;</a>&nbsp;&nbsp;&nbsp;ILI9341_BackLed_Control
<LI><a href="#[ad]">&gt;&gt;</a>&nbsp;&nbsp;&nbsp;ILI9341_Rst
<LI><a href="#[a3]">&gt;&gt;</a>&nbsp;&nbsp;&nbsp;SPI_FLASH_BufferRead
<LI><a href="#[71]">&gt;&gt;</a>&nbsp;&nbsp;&nbsp;ESP8266_Init
<LI><a href="#[7d]">&gt;&gt;</a>&nbsp;&nbsp;&nbsp;DHT11_Read_TempAndHumidity
<LI><a href="#[73]">&gt;&gt;</a>&nbsp;&nbsp;&nbsp;BEEP_GPIO_Config
<LI><a href="#[46]">&gt;&gt;</a>&nbsp;&nbsp;&nbsp;main
</UL>

<P><STRONG><a name="[14c]"></a>GPIO_WriteBit</STRONG> (Thumb, 10 bytes, Stack size 0 bytes, stm32f10x_gpio.o(.text), UNUSED)

<P><STRONG><a name="[14d]"></a>GPIO_Write</STRONG> (Thumb, 4 bytes, Stack size 0 bytes, stm32f10x_gpio.o(.text), UNUSED)

<P><STRONG><a name="[14e]"></a>GPIO_PinLockConfig</STRONG> (Thumb, 18 bytes, Stack size 0 bytes, stm32f10x_gpio.o(.text), UNUSED)

<P><STRONG><a name="[14f]"></a>GPIO_EventOutputConfig</STRONG> (Thumb, 26 bytes, Stack size 0 bytes, stm32f10x_gpio.o(.text), UNUSED)

<P><STRONG><a name="[150]"></a>GPIO_EventOutputCmd</STRONG> (Thumb, 6 bytes, Stack size 0 bytes, stm32f10x_gpio.o(.text), UNUSED)

<P><STRONG><a name="[151]"></a>GPIO_PinRemapConfig</STRONG> (Thumb, 138 bytes, Stack size 20 bytes, stm32f10x_gpio.o(.text), UNUSED)

<P><STRONG><a name="[e3]"></a>GPIO_EXTILineConfig</STRONG> (Thumb, 66 bytes, Stack size 12 bytes, stm32f10x_gpio.o(.text))
<BR><BR>[Stack]<UL><LI>Max Depth = 12<LI>Call Chain = GPIO_EXTILineConfig
</UL>
<BR>[Called By]<UL><LI><a href="#[6e]">&gt;&gt;</a>&nbsp;&nbsp;&nbsp;EXTI_Key_Config
</UL>

<P><STRONG><a name="[152]"></a>GPIO_ETH_MediaInterfaceConfig</STRONG> (Thumb, 8 bytes, Stack size 0 bytes, stm32f10x_gpio.o(.text), UNUSED)

<P><STRONG><a name="[58]"></a>PWR_DeInit</STRONG> (Thumb, 22 bytes, Stack size 8 bytes, stm32f10x_pwr.o(.text), UNUSED)
<BR><BR>[Calls]<UL><LI><a href="#[59]">&gt;&gt;</a>&nbsp;&nbsp;&nbsp;RCC_APB1PeriphResetCmd
</UL>

<P><STRONG><a name="[ea]"></a>PWR_BackupAccessCmd</STRONG> (Thumb, 6 bytes, Stack size 0 bytes, stm32f10x_pwr.o(.text))
<BR><BR>[Called By]<UL><LI><a href="#[e8]">&gt;&gt;</a>&nbsp;&nbsp;&nbsp;RTC_Configuration
<LI><a href="#[76]">&gt;&gt;</a>&nbsp;&nbsp;&nbsp;RTC_CheckAndConfig
</UL>

<P><STRONG><a name="[153]"></a>PWR_PVDCmd</STRONG> (Thumb, 6 bytes, Stack size 0 bytes, stm32f10x_pwr.o(.text), UNUSED)

<P><STRONG><a name="[154]"></a>PWR_PVDLevelConfig</STRONG> (Thumb, 18 bytes, Stack size 0 bytes, stm32f10x_pwr.o(.text), UNUSED)

<P><STRONG><a name="[155]"></a>PWR_WakeUpPinCmd</STRONG> (Thumb, 8 bytes, Stack size 0 bytes, stm32f10x_pwr.o(.text), UNUSED)

<P><STRONG><a name="[156]"></a>PWR_EnterSTOPMode</STRONG> (Thumb, 54 bytes, Stack size 8 bytes, stm32f10x_pwr.o(.text), UNUSED)

<P><STRONG><a name="[157]"></a>PWR_EnterSTANDBYMode</STRONG> (Thumb, 42 bytes, Stack size 0 bytes, stm32f10x_pwr.o(.text), UNUSED)

<P><STRONG><a name="[158]"></a>PWR_GetFlagStatus</STRONG> (Thumb, 20 bytes, Stack size 0 bytes, stm32f10x_pwr.o(.text), UNUSED)

<P><STRONG><a name="[159]"></a>PWR_ClearFlag</STRONG> (Thumb, 14 bytes, Stack size 0 bytes, stm32f10x_pwr.o(.text), UNUSED)

<P><STRONG><a name="[15a]"></a>RCC_DeInit</STRONG> (Thumb, 64 bytes, Stack size 0 bytes, stm32f10x_rcc.o(.text), UNUSED)

<P><STRONG><a name="[15b]"></a>RCC_HSEConfig</STRONG> (Thumb, 70 bytes, Stack size 0 bytes, stm32f10x_rcc.o(.text), UNUSED)

<P><STRONG><a name="[5b]"></a>RCC_GetFlagStatus</STRONG> (Thumb, 56 bytes, Stack size 8 bytes, stm32f10x_rcc.o(.text))
<BR><BR>[Stack]<UL><LI>Max Depth = 8<LI>Call Chain = RCC_GetFlagStatus
</UL>
<BR>[Called By]<UL><LI><a href="#[5a]">&gt;&gt;</a>&nbsp;&nbsp;&nbsp;RCC_WaitForHSEStartUp
<LI><a href="#[e8]">&gt;&gt;</a>&nbsp;&nbsp;&nbsp;RTC_Configuration
<LI><a href="#[76]">&gt;&gt;</a>&nbsp;&nbsp;&nbsp;RTC_CheckAndConfig
</UL>

<P><STRONG><a name="[5a]"></a>RCC_WaitForHSEStartUp</STRONG> (Thumb, 56 bytes, Stack size 16 bytes, stm32f10x_rcc.o(.text), UNUSED)
<BR><BR>[Calls]<UL><LI><a href="#[5b]">&gt;&gt;</a>&nbsp;&nbsp;&nbsp;RCC_GetFlagStatus
</UL>

<P><STRONG><a name="[15c]"></a>RCC_AdjustHSICalibrationValue</STRONG> (Thumb, 20 bytes, Stack size 0 bytes, stm32f10x_rcc.o(.text), UNUSED)

<P><STRONG><a name="[15d]"></a>RCC_HSICmd</STRONG> (Thumb, 6 bytes, Stack size 0 bytes, stm32f10x_rcc.o(.text), UNUSED)

<P><STRONG><a name="[15e]"></a>RCC_PLLConfig</STRONG> (Thumb, 24 bytes, Stack size 0 bytes, stm32f10x_rcc.o(.text), UNUSED)

<P><STRONG><a name="[15f]"></a>RCC_PLLCmd</STRONG> (Thumb, 6 bytes, Stack size 0 bytes, stm32f10x_rcc.o(.text), UNUSED)

<P><STRONG><a name="[160]"></a>RCC_SYSCLKConfig</STRONG> (Thumb, 18 bytes, Stack size 0 bytes, stm32f10x_rcc.o(.text), UNUSED)

<P><STRONG><a name="[161]"></a>RCC_GetSYSCLKSource</STRONG> (Thumb, 10 bytes, Stack size 0 bytes, stm32f10x_rcc.o(.text), UNUSED)

<P><STRONG><a name="[162]"></a>RCC_HCLKConfig</STRONG> (Thumb, 18 bytes, Stack size 0 bytes, stm32f10x_rcc.o(.text), UNUSED)

<P><STRONG><a name="[163]"></a>RCC_PCLK1Config</STRONG> (Thumb, 18 bytes, Stack size 0 bytes, stm32f10x_rcc.o(.text), UNUSED)

<P><STRONG><a name="[164]"></a>RCC_PCLK2Config</STRONG> (Thumb, 20 bytes, Stack size 0 bytes, stm32f10x_rcc.o(.text), UNUSED)

<P><STRONG><a name="[165]"></a>RCC_ITConfig</STRONG> (Thumb, 26 bytes, Stack size 0 bytes, stm32f10x_rcc.o(.text), UNUSED)

<P><STRONG><a name="[166]"></a>RCC_USBCLKConfig</STRONG> (Thumb, 8 bytes, Stack size 0 bytes, stm32f10x_rcc.o(.text), UNUSED)

<P><STRONG><a name="[167]"></a>RCC_ADCCLKConfig</STRONG> (Thumb, 18 bytes, Stack size 0 bytes, stm32f10x_rcc.o(.text), UNUSED)

<P><STRONG><a name="[eb]"></a>RCC_LSEConfig</STRONG> (Thumb, 50 bytes, Stack size 0 bytes, stm32f10x_rcc.o(.text))
<BR><BR>[Called By]<UL><LI><a href="#[e8]">&gt;&gt;</a>&nbsp;&nbsp;&nbsp;RTC_Configuration
</UL>

<P><STRONG><a name="[f2]"></a>RCC_LSICmd</STRONG> (Thumb, 6 bytes, Stack size 0 bytes, stm32f10x_rcc.o(.text))
<BR><BR>[Called By]<UL><LI><a href="#[76]">&gt;&gt;</a>&nbsp;&nbsp;&nbsp;RTC_CheckAndConfig
</UL>

<P><STRONG><a name="[ec]"></a>RCC_RTCCLKConfig</STRONG> (Thumb, 12 bytes, Stack size 0 bytes, stm32f10x_rcc.o(.text))
<BR><BR>[Called By]<UL><LI><a href="#[e8]">&gt;&gt;</a>&nbsp;&nbsp;&nbsp;RTC_Configuration
</UL>

<P><STRONG><a name="[ed]"></a>RCC_RTCCLKCmd</STRONG> (Thumb, 8 bytes, Stack size 0 bytes, stm32f10x_rcc.o(.text))
<BR><BR>[Called By]<UL><LI><a href="#[e8]">&gt;&gt;</a>&nbsp;&nbsp;&nbsp;RTC_Configuration
</UL>

<P><STRONG><a name="[63]"></a>RCC_GetClocksFreq</STRONG> (Thumb, 192 bytes, Stack size 12 bytes, stm32f10x_rcc.o(.text))
<BR><BR>[Stack]<UL><LI>Max Depth = 12<LI>Call Chain = RCC_GetClocksFreq
</UL>
<BR>[Called By]<UL><LI><a href="#[65]">&gt;&gt;</a>&nbsp;&nbsp;&nbsp;USART_Init
<LI><a href="#[62]">&gt;&gt;</a>&nbsp;&nbsp;&nbsp;I2S_Init
</UL>

<P><STRONG><a name="[a6]"></a>RCC_AHBPeriphClockCmd</STRONG> (Thumb, 26 bytes, Stack size 0 bytes, stm32f10x_rcc.o(.text))
<BR><BR>[Called By]<UL><LI><a href="#[a5]">&gt;&gt;</a>&nbsp;&nbsp;&nbsp;ILI9341_FSMC_Config
</UL>

<P><STRONG><a name="[91]"></a>RCC_APB2PeriphClockCmd</STRONG> (Thumb, 26 bytes, Stack size 0 bytes, stm32f10x_rcc.o(.text))
<BR><BR>[Called By]<UL><LI><a href="#[105]">&gt;&gt;</a>&nbsp;&nbsp;&nbsp;ESP8266_GPIO_Config
<LI><a href="#[103]">&gt;&gt;</a>&nbsp;&nbsp;&nbsp;ESP8266_USART_Config
<LI><a href="#[d9]">&gt;&gt;</a>&nbsp;&nbsp;&nbsp;DHT11_GPIO_Config
<LI><a href="#[a4]">&gt;&gt;</a>&nbsp;&nbsp;&nbsp;ILI9341_GPIO_Config
<LI><a href="#[a2]">&gt;&gt;</a>&nbsp;&nbsp;&nbsp;SPI_FLASH_Init
<LI><a href="#[6c]">&gt;&gt;</a>&nbsp;&nbsp;&nbsp;i2c_GPIO_Config
<LI><a href="#[6b]">&gt;&gt;</a>&nbsp;&nbsp;&nbsp;USART_Config
<LI><a href="#[69]">&gt;&gt;</a>&nbsp;&nbsp;&nbsp;LED_GPIO_Config
<LI><a href="#[74]">&gt;&gt;</a>&nbsp;&nbsp;&nbsp;Key_GPIO_Config
<LI><a href="#[6e]">&gt;&gt;</a>&nbsp;&nbsp;&nbsp;EXTI_Key_Config
<LI><a href="#[73]">&gt;&gt;</a>&nbsp;&nbsp;&nbsp;BEEP_GPIO_Config
</UL>

<P><STRONG><a name="[e9]"></a>RCC_APB1PeriphClockCmd</STRONG> (Thumb, 26 bytes, Stack size 0 bytes, stm32f10x_rcc.o(.text))
<BR><BR>[Called By]<UL><LI><a href="#[103]">&gt;&gt;</a>&nbsp;&nbsp;&nbsp;ESP8266_USART_Config
<LI><a href="#[e8]">&gt;&gt;</a>&nbsp;&nbsp;&nbsp;RTC_Configuration
<LI><a href="#[76]">&gt;&gt;</a>&nbsp;&nbsp;&nbsp;RTC_CheckAndConfig
</UL>

<P><STRONG><a name="[56]"></a>RCC_APB2PeriphResetCmd</STRONG> (Thumb, 26 bytes, Stack size 0 bytes, stm32f10x_rcc.o(.text), UNUSED)
<BR><BR>[Called By]<UL><LI><a href="#[64]">&gt;&gt;</a>&nbsp;&nbsp;&nbsp;USART_DeInit
<LI><a href="#[61]">&gt;&gt;</a>&nbsp;&nbsp;&nbsp;SPI_I2S_DeInit
<LI><a href="#[57]">&gt;&gt;</a>&nbsp;&nbsp;&nbsp;GPIO_AFIODeInit
<LI><a href="#[55]">&gt;&gt;</a>&nbsp;&nbsp;&nbsp;GPIO_DeInit
</UL>

<P><STRONG><a name="[59]"></a>RCC_APB1PeriphResetCmd</STRONG> (Thumb, 26 bytes, Stack size 0 bytes, stm32f10x_rcc.o(.text), UNUSED)
<BR><BR>[Called By]<UL><LI><a href="#[64]">&gt;&gt;</a>&nbsp;&nbsp;&nbsp;USART_DeInit
<LI><a href="#[61]">&gt;&gt;</a>&nbsp;&nbsp;&nbsp;SPI_I2S_DeInit
<LI><a href="#[58]">&gt;&gt;</a>&nbsp;&nbsp;&nbsp;PWR_DeInit
</UL>

<P><STRONG><a name="[54]"></a>RCC_BackupResetCmd</STRONG> (Thumb, 8 bytes, Stack size 0 bytes, stm32f10x_rcc.o(.text))
<BR><BR>[Called By]<UL><LI><a href="#[53]">&gt;&gt;</a>&nbsp;&nbsp;&nbsp;BKP_DeInit
</UL>

<P><STRONG><a name="[168]"></a>RCC_ClockSecuritySystemCmd</STRONG> (Thumb, 6 bytes, Stack size 0 bytes, stm32f10x_rcc.o(.text), UNUSED)

<P><STRONG><a name="[169]"></a>RCC_MCOConfig</STRONG> (Thumb, 6 bytes, Stack size 0 bytes, stm32f10x_rcc.o(.text), UNUSED)

<P><STRONG><a name="[f3]"></a>RCC_ClearFlag</STRONG> (Thumb, 14 bytes, Stack size 0 bytes, stm32f10x_rcc.o(.text))
<BR><BR>[Called By]<UL><LI><a href="#[76]">&gt;&gt;</a>&nbsp;&nbsp;&nbsp;RTC_CheckAndConfig
</UL>

<P><STRONG><a name="[16a]"></a>RCC_GetITStatus</STRONG> (Thumb, 20 bytes, Stack size 0 bytes, stm32f10x_rcc.o(.text), UNUSED)

<P><STRONG><a name="[16b]"></a>RCC_ClearITPendingBit</STRONG> (Thumb, 6 bytes, Stack size 0 bytes, stm32f10x_rcc.o(.text), UNUSED)

<P><STRONG><a name="[ef]"></a>RTC_ITConfig</STRONG> (Thumb, 26 bytes, Stack size 0 bytes, stm32f10x_rtc.o(.text))
<BR><BR>[Called By]<UL><LI><a href="#[e8]">&gt;&gt;</a>&nbsp;&nbsp;&nbsp;RTC_Configuration
<LI><a href="#[76]">&gt;&gt;</a>&nbsp;&nbsp;&nbsp;RTC_CheckAndConfig
</UL>

<P><STRONG><a name="[5d]"></a>RTC_EnterConfigMode</STRONG> (Thumb, 18 bytes, Stack size 0 bytes, stm32f10x_rtc.o(.text))
<BR><BR>[Called By]<UL><LI><a href="#[60]">&gt;&gt;</a>&nbsp;&nbsp;&nbsp;RTC_SetAlarm
<LI><a href="#[5f]">&gt;&gt;</a>&nbsp;&nbsp;&nbsp;RTC_SetPrescaler
<LI><a href="#[5c]">&gt;&gt;</a>&nbsp;&nbsp;&nbsp;RTC_SetCounter
</UL>

<P><STRONG><a name="[5e]"></a>RTC_ExitConfigMode</STRONG> (Thumb, 20 bytes, Stack size 0 bytes, stm32f10x_rtc.o(.text))
<BR><BR>[Called By]<UL><LI><a href="#[60]">&gt;&gt;</a>&nbsp;&nbsp;&nbsp;RTC_SetAlarm
<LI><a href="#[5f]">&gt;&gt;</a>&nbsp;&nbsp;&nbsp;RTC_SetPrescaler
<LI><a href="#[5c]">&gt;&gt;</a>&nbsp;&nbsp;&nbsp;RTC_SetCounter
</UL>

<P><STRONG><a name="[7b]"></a>RTC_GetCounter</STRONG> (Thumb, 18 bytes, Stack size 0 bytes, stm32f10x_rtc.o(.text))
<BR><BR>[Called By]<UL><LI><a href="#[f5]">&gt;&gt;</a>&nbsp;&nbsp;&nbsp;Time_Show
<LI><a href="#[46]">&gt;&gt;</a>&nbsp;&nbsp;&nbsp;main
</UL>

<P><STRONG><a name="[5c]"></a>RTC_SetCounter</STRONG> (Thumb, 26 bytes, Stack size 4 bytes, stm32f10x_rtc.o(.text))
<BR><BR>[Stack]<UL><LI>Max Depth = 4<LI>Call Chain = RTC_SetCounter
</UL>
<BR>[Calls]<UL><LI><a href="#[5e]">&gt;&gt;</a>&nbsp;&nbsp;&nbsp;RTC_ExitConfigMode
<LI><a href="#[5d]">&gt;&gt;</a>&nbsp;&nbsp;&nbsp;RTC_EnterConfigMode
</UL>
<BR>[Called By]<UL><LI><a href="#[8f]">&gt;&gt;</a>&nbsp;&nbsp;&nbsp;Time_Adjust
</UL>

<P><STRONG><a name="[5f]"></a>RTC_SetPrescaler</STRONG> (Thumb, 28 bytes, Stack size 4 bytes, stm32f10x_rtc.o(.text))
<BR><BR>[Stack]<UL><LI>Max Depth = 4<LI>Call Chain = RTC_SetPrescaler
</UL>
<BR>[Calls]<UL><LI><a href="#[5e]">&gt;&gt;</a>&nbsp;&nbsp;&nbsp;RTC_ExitConfigMode
<LI><a href="#[5d]">&gt;&gt;</a>&nbsp;&nbsp;&nbsp;RTC_EnterConfigMode
</UL>
<BR>[Called By]<UL><LI><a href="#[e8]">&gt;&gt;</a>&nbsp;&nbsp;&nbsp;RTC_Configuration
</UL>

<P><STRONG><a name="[60]"></a>RTC_SetAlarm</STRONG> (Thumb, 26 bytes, Stack size 4 bytes, stm32f10x_rtc.o(.text), UNUSED)
<BR><BR>[Calls]<UL><LI><a href="#[5e]">&gt;&gt;</a>&nbsp;&nbsp;&nbsp;RTC_ExitConfigMode
<LI><a href="#[5d]">&gt;&gt;</a>&nbsp;&nbsp;&nbsp;RTC_EnterConfigMode
</UL>

<P><STRONG><a name="[16c]"></a>RTC_GetDivider</STRONG> (Thumb, 22 bytes, Stack size 0 bytes, stm32f10x_rtc.o(.text), UNUSED)

<P><STRONG><a name="[88]"></a>RTC_WaitForLastTask</STRONG> (Thumb, 18 bytes, Stack size 0 bytes, stm32f10x_rtc.o(.text))
<BR><BR>[Called By]<UL><LI><a href="#[e8]">&gt;&gt;</a>&nbsp;&nbsp;&nbsp;RTC_Configuration
<LI><a href="#[8f]">&gt;&gt;</a>&nbsp;&nbsp;&nbsp;Time_Adjust
<LI><a href="#[d]">&gt;&gt;</a>&nbsp;&nbsp;&nbsp;RTC_IRQHandler
<LI><a href="#[76]">&gt;&gt;</a>&nbsp;&nbsp;&nbsp;RTC_CheckAndConfig
</UL>

<P><STRONG><a name="[ee]"></a>RTC_WaitForSynchro</STRONG> (Thumb, 36 bytes, Stack size 0 bytes, stm32f10x_rtc.o(.text))
<BR><BR>[Called By]<UL><LI><a href="#[e8]">&gt;&gt;</a>&nbsp;&nbsp;&nbsp;RTC_Configuration
<LI><a href="#[76]">&gt;&gt;</a>&nbsp;&nbsp;&nbsp;RTC_CheckAndConfig
</UL>

<P><STRONG><a name="[16d]"></a>RTC_GetFlagStatus</STRONG> (Thumb, 22 bytes, Stack size 0 bytes, stm32f10x_rtc.o(.text), UNUSED)

<P><STRONG><a name="[16e]"></a>RTC_ClearFlag</STRONG> (Thumb, 16 bytes, Stack size 0 bytes, stm32f10x_rtc.o(.text), UNUSED)

<P><STRONG><a name="[86]"></a>RTC_GetITStatus</STRONG> (Thumb, 32 bytes, Stack size 0 bytes, stm32f10x_rtc.o(.text))
<BR><BR>[Called By]<UL><LI><a href="#[d]">&gt;&gt;</a>&nbsp;&nbsp;&nbsp;RTC_IRQHandler
</UL>

<P><STRONG><a name="[87]"></a>RTC_ClearITPendingBit</STRONG> (Thumb, 16 bytes, Stack size 0 bytes, stm32f10x_rtc.o(.text))
<BR><BR>[Called By]<UL><LI><a href="#[d]">&gt;&gt;</a>&nbsp;&nbsp;&nbsp;RTC_IRQHandler
</UL>

<P><STRONG><a name="[61]"></a>SPI_I2S_DeInit</STRONG> (Thumb, 76 bytes, Stack size 8 bytes, stm32f10x_spi.o(.text), UNUSED)
<BR><BR>[Calls]<UL><LI><a href="#[59]">&gt;&gt;</a>&nbsp;&nbsp;&nbsp;RCC_APB1PeriphResetCmd
<LI><a href="#[56]">&gt;&gt;</a>&nbsp;&nbsp;&nbsp;RCC_APB2PeriphResetCmd
</UL>

<P><STRONG><a name="[c5]"></a>SPI_Init</STRONG> (Thumb, 60 bytes, Stack size 8 bytes, stm32f10x_spi.o(.text))
<BR><BR>[Stack]<UL><LI>Max Depth = 8<LI>Call Chain = SPI_Init
</UL>
<BR>[Called By]<UL><LI><a href="#[a2]">&gt;&gt;</a>&nbsp;&nbsp;&nbsp;SPI_FLASH_Init
</UL>

<P><STRONG><a name="[62]"></a>I2S_Init</STRONG> (Thumb, 226 bytes, Stack size 56 bytes, stm32f10x_spi.o(.text), UNUSED)
<BR><BR>[Calls]<UL><LI><a href="#[63]">&gt;&gt;</a>&nbsp;&nbsp;&nbsp;RCC_GetClocksFreq
</UL>

<P><STRONG><a name="[16f]"></a>SPI_StructInit</STRONG> (Thumb, 24 bytes, Stack size 0 bytes, stm32f10x_spi.o(.text), UNUSED)

<P><STRONG><a name="[170]"></a>I2S_StructInit</STRONG> (Thumb, 20 bytes, Stack size 0 bytes, stm32f10x_spi.o(.text), UNUSED)

<P><STRONG><a name="[c6]"></a>SPI_Cmd</STRONG> (Thumb, 24 bytes, Stack size 0 bytes, stm32f10x_spi.o(.text))
<BR><BR>[Called By]<UL><LI><a href="#[a2]">&gt;&gt;</a>&nbsp;&nbsp;&nbsp;SPI_FLASH_Init
</UL>

<P><STRONG><a name="[171]"></a>I2S_Cmd</STRONG> (Thumb, 24 bytes, Stack size 0 bytes, stm32f10x_spi.o(.text), UNUSED)

<P><STRONG><a name="[172]"></a>SPI_I2S_ITConfig</STRONG> (Thumb, 32 bytes, Stack size 12 bytes, stm32f10x_spi.o(.text), UNUSED)

<P><STRONG><a name="[173]"></a>SPI_I2S_DMACmd</STRONG> (Thumb, 18 bytes, Stack size 0 bytes, stm32f10x_spi.o(.text), UNUSED)

<P><STRONG><a name="[ca]"></a>SPI_I2S_SendData</STRONG> (Thumb, 4 bytes, Stack size 0 bytes, stm32f10x_spi.o(.text))
<BR><BR>[Called By]<UL><LI><a href="#[d6]">&gt;&gt;</a>&nbsp;&nbsp;&nbsp;SPI_FLASH_SendHalfWord
<LI><a href="#[c8]">&gt;&gt;</a>&nbsp;&nbsp;&nbsp;SPI_FLASH_SendByte
</UL>

<P><STRONG><a name="[cb]"></a>SPI_I2S_ReceiveData</STRONG> (Thumb, 6 bytes, Stack size 0 bytes, stm32f10x_spi.o(.text))
<BR><BR>[Called By]<UL><LI><a href="#[d6]">&gt;&gt;</a>&nbsp;&nbsp;&nbsp;SPI_FLASH_SendHalfWord
<LI><a href="#[c8]">&gt;&gt;</a>&nbsp;&nbsp;&nbsp;SPI_FLASH_SendByte
</UL>

<P><STRONG><a name="[174]"></a>SPI_NSSInternalSoftwareConfig</STRONG> (Thumb, 30 bytes, Stack size 0 bytes, stm32f10x_spi.o(.text), UNUSED)

<P><STRONG><a name="[175]"></a>SPI_SSOutputCmd</STRONG> (Thumb, 24 bytes, Stack size 0 bytes, stm32f10x_spi.o(.text), UNUSED)

<P><STRONG><a name="[176]"></a>SPI_DataSizeConfig</STRONG> (Thumb, 18 bytes, Stack size 0 bytes, stm32f10x_spi.o(.text), UNUSED)

<P><STRONG><a name="[177]"></a>SPI_TransmitCRC</STRONG> (Thumb, 10 bytes, Stack size 0 bytes, stm32f10x_spi.o(.text), UNUSED)

<P><STRONG><a name="[178]"></a>SPI_CalculateCRC</STRONG> (Thumb, 24 bytes, Stack size 0 bytes, stm32f10x_spi.o(.text), UNUSED)

<P><STRONG><a name="[179]"></a>SPI_GetCRC</STRONG> (Thumb, 16 bytes, Stack size 0 bytes, stm32f10x_spi.o(.text), UNUSED)

<P><STRONG><a name="[17a]"></a>SPI_GetCRCPolynomial</STRONG> (Thumb, 6 bytes, Stack size 0 bytes, stm32f10x_spi.o(.text), UNUSED)

<P><STRONG><a name="[17b]"></a>SPI_BiDirectionalLineConfig</STRONG> (Thumb, 28 bytes, Stack size 0 bytes, stm32f10x_spi.o(.text), UNUSED)

<P><STRONG><a name="[c9]"></a>SPI_I2S_GetFlagStatus</STRONG> (Thumb, 18 bytes, Stack size 0 bytes, stm32f10x_spi.o(.text))
<BR><BR>[Called By]<UL><LI><a href="#[d6]">&gt;&gt;</a>&nbsp;&nbsp;&nbsp;SPI_FLASH_SendHalfWord
<LI><a href="#[c8]">&gt;&gt;</a>&nbsp;&nbsp;&nbsp;SPI_FLASH_SendByte
</UL>

<P><STRONG><a name="[17c]"></a>SPI_I2S_ClearFlag</STRONG> (Thumb, 6 bytes, Stack size 0 bytes, stm32f10x_spi.o(.text), UNUSED)

<P><STRONG><a name="[17d]"></a>SPI_I2S_GetITStatus</STRONG> (Thumb, 52 bytes, Stack size 20 bytes, stm32f10x_spi.o(.text), UNUSED)

<P><STRONG><a name="[17e]"></a>SPI_I2S_ClearITPendingBit</STRONG> (Thumb, 20 bytes, Stack size 8 bytes, stm32f10x_spi.o(.text), UNUSED)

<P><STRONG><a name="[64]"></a>USART_DeInit</STRONG> (Thumb, 134 bytes, Stack size 8 bytes, stm32f10x_usart.o(.text), UNUSED)
<BR><BR>[Calls]<UL><LI><a href="#[59]">&gt;&gt;</a>&nbsp;&nbsp;&nbsp;RCC_APB1PeriphResetCmd
<LI><a href="#[56]">&gt;&gt;</a>&nbsp;&nbsp;&nbsp;RCC_APB2PeriphResetCmd
</UL>

<P><STRONG><a name="[65]"></a>USART_Init</STRONG> (Thumb, 210 bytes, Stack size 56 bytes, stm32f10x_usart.o(.text))
<BR><BR>[Stack]<UL><LI>Max Depth = 68<LI>Call Chain = USART_Init &rArr; RCC_GetClocksFreq
</UL>
<BR>[Calls]<UL><LI><a href="#[63]">&gt;&gt;</a>&nbsp;&nbsp;&nbsp;RCC_GetClocksFreq
</UL>
<BR>[Called By]<UL><LI><a href="#[103]">&gt;&gt;</a>&nbsp;&nbsp;&nbsp;ESP8266_USART_Config
<LI><a href="#[6b]">&gt;&gt;</a>&nbsp;&nbsp;&nbsp;USART_Config
</UL>

<P><STRONG><a name="[17f]"></a>USART_StructInit</STRONG> (Thumb, 24 bytes, Stack size 0 bytes, stm32f10x_usart.o(.text), UNUSED)

<P><STRONG><a name="[180]"></a>USART_ClockInit</STRONG> (Thumb, 34 bytes, Stack size 8 bytes, stm32f10x_usart.o(.text), UNUSED)

<P><STRONG><a name="[181]"></a>USART_ClockStructInit</STRONG> (Thumb, 12 bytes, Stack size 0 bytes, stm32f10x_usart.o(.text), UNUSED)

<P><STRONG><a name="[9e]"></a>USART_Cmd</STRONG> (Thumb, 24 bytes, Stack size 0 bytes, stm32f10x_usart.o(.text))
<BR><BR>[Called By]<UL><LI><a href="#[103]">&gt;&gt;</a>&nbsp;&nbsp;&nbsp;ESP8266_USART_Config
<LI><a href="#[6b]">&gt;&gt;</a>&nbsp;&nbsp;&nbsp;USART_Config
</UL>

<P><STRONG><a name="[104]"></a>USART_ITConfig</STRONG> (Thumb, 74 bytes, Stack size 20 bytes, stm32f10x_usart.o(.text))
<BR><BR>[Stack]<UL><LI>Max Depth = 20<LI>Call Chain = USART_ITConfig
</UL>
<BR>[Called By]<UL><LI><a href="#[103]">&gt;&gt;</a>&nbsp;&nbsp;&nbsp;ESP8266_USART_Config
</UL>

<P><STRONG><a name="[182]"></a>USART_DMACmd</STRONG> (Thumb, 18 bytes, Stack size 0 bytes, stm32f10x_usart.o(.text), UNUSED)

<P><STRONG><a name="[183]"></a>USART_SetAddress</STRONG> (Thumb, 18 bytes, Stack size 0 bytes, stm32f10x_usart.o(.text), UNUSED)

<P><STRONG><a name="[184]"></a>USART_WakeUpConfig</STRONG> (Thumb, 18 bytes, Stack size 0 bytes, stm32f10x_usart.o(.text), UNUSED)

<P><STRONG><a name="[185]"></a>USART_ReceiverWakeUpCmd</STRONG> (Thumb, 24 bytes, Stack size 0 bytes, stm32f10x_usart.o(.text), UNUSED)

<P><STRONG><a name="[186]"></a>USART_LINBreakDetectLengthConfig</STRONG> (Thumb, 18 bytes, Stack size 0 bytes, stm32f10x_usart.o(.text), UNUSED)

<P><STRONG><a name="[187]"></a>USART_LINCmd</STRONG> (Thumb, 24 bytes, Stack size 0 bytes, stm32f10x_usart.o(.text), UNUSED)

<P><STRONG><a name="[9f]"></a>USART_SendData</STRONG> (Thumb, 8 bytes, Stack size 0 bytes, stm32f10x_usart.o(.text))
<BR><BR>[Called By]<UL><LI><a href="#[108]">&gt;&gt;</a>&nbsp;&nbsp;&nbsp;USART_printf
<LI><a href="#[4d]">&gt;&gt;</a>&nbsp;&nbsp;&nbsp;fputc
</UL>

<P><STRONG><a name="[8a]"></a>USART_ReceiveData</STRONG> (Thumb, 10 bytes, Stack size 0 bytes, stm32f10x_usart.o(.text))
<BR><BR>[Called By]<UL><LI><a href="#[49]">&gt;&gt;</a>&nbsp;&nbsp;&nbsp;fgetc
<LI><a href="#[31]">&gt;&gt;</a>&nbsp;&nbsp;&nbsp;USART3_IRQHandler
<LI><a href="#[2f]">&gt;&gt;</a>&nbsp;&nbsp;&nbsp;USART1_IRQHandler
</UL>

<P><STRONG><a name="[188]"></a>USART_SendBreak</STRONG> (Thumb, 10 bytes, Stack size 0 bytes, stm32f10x_usart.o(.text), UNUSED)

<P><STRONG><a name="[189]"></a>USART_SetGuardTime</STRONG> (Thumb, 16 bytes, Stack size 0 bytes, stm32f10x_usart.o(.text), UNUSED)

<P><STRONG><a name="[18a]"></a>USART_SetPrescaler</STRONG> (Thumb, 16 bytes, Stack size 0 bytes, stm32f10x_usart.o(.text), UNUSED)

<P><STRONG><a name="[18b]"></a>USART_SmartCardCmd</STRONG> (Thumb, 24 bytes, Stack size 0 bytes, stm32f10x_usart.o(.text), UNUSED)

<P><STRONG><a name="[18c]"></a>USART_SmartCardNACKCmd</STRONG> (Thumb, 24 bytes, Stack size 0 bytes, stm32f10x_usart.o(.text), UNUSED)

<P><STRONG><a name="[18d]"></a>USART_HalfDuplexCmd</STRONG> (Thumb, 24 bytes, Stack size 0 bytes, stm32f10x_usart.o(.text), UNUSED)

<P><STRONG><a name="[18e]"></a>USART_OverSampling8Cmd</STRONG> (Thumb, 22 bytes, Stack size 0 bytes, stm32f10x_usart.o(.text), UNUSED)

<P><STRONG><a name="[18f]"></a>USART_OneBitMethodCmd</STRONG> (Thumb, 24 bytes, Stack size 0 bytes, stm32f10x_usart.o(.text), UNUSED)

<P><STRONG><a name="[190]"></a>USART_IrDAConfig</STRONG> (Thumb, 18 bytes, Stack size 0 bytes, stm32f10x_usart.o(.text), UNUSED)

<P><STRONG><a name="[191]"></a>USART_IrDACmd</STRONG> (Thumb, 24 bytes, Stack size 0 bytes, stm32f10x_usart.o(.text), UNUSED)

<P><STRONG><a name="[a0]"></a>USART_GetFlagStatus</STRONG> (Thumb, 26 bytes, Stack size 0 bytes, stm32f10x_usart.o(.text))
<BR><BR>[Called By]<UL><LI><a href="#[108]">&gt;&gt;</a>&nbsp;&nbsp;&nbsp;USART_printf
<LI><a href="#[49]">&gt;&gt;</a>&nbsp;&nbsp;&nbsp;fgetc
<LI><a href="#[4d]">&gt;&gt;</a>&nbsp;&nbsp;&nbsp;fputc
</UL>

<P><STRONG><a name="[192]"></a>USART_ClearFlag</STRONG> (Thumb, 18 bytes, Stack size 0 bytes, stm32f10x_usart.o(.text), UNUSED)

<P><STRONG><a name="[89]"></a>USART_GetITStatus</STRONG> (Thumb, 84 bytes, Stack size 16 bytes, stm32f10x_usart.o(.text))
<BR><BR>[Stack]<UL><LI>Max Depth = 16<LI>Call Chain = USART_GetITStatus
</UL>
<BR>[Called By]<UL><LI><a href="#[31]">&gt;&gt;</a>&nbsp;&nbsp;&nbsp;USART3_IRQHandler
<LI><a href="#[2f]">&gt;&gt;</a>&nbsp;&nbsp;&nbsp;USART1_IRQHandler
</UL>

<P><STRONG><a name="[193]"></a>USART_ClearITPendingBit</STRONG> (Thumb, 52 bytes, Stack size 8 bytes, stm32f10x_usart.o(.text), UNUSED)

<P><STRONG><a name="[46]"></a>main</STRONG> (Thumb, 576 bytes, Stack size 16 bytes, main.o(.text))
<BR><BR>[Stack]<UL><LI>Max Depth = 484<LI>Call Chain = main &rArr; ESP8266_SendDHT11DataTest &rArr; ESP8266_Link_Server &rArr; ESP8266_Cmd &rArr; USART_printf &rArr; itoa
</UL>
<BR>[Calls]<UL><LI><a href="#[7b]">&gt;&gt;</a>&nbsp;&nbsp;&nbsp;RTC_GetCounter
<LI><a href="#[82]">&gt;&gt;</a>&nbsp;&nbsp;&nbsp;GPIO_ResetBits
<LI><a href="#[80]">&gt;&gt;</a>&nbsp;&nbsp;&nbsp;GPIO_SetBits
<LI><a href="#[6c]">&gt;&gt;</a>&nbsp;&nbsp;&nbsp;i2c_GPIO_Config
<LI><a href="#[6b]">&gt;&gt;</a>&nbsp;&nbsp;&nbsp;USART_Config
<LI><a href="#[7c]">&gt;&gt;</a>&nbsp;&nbsp;&nbsp;Time_Display
<LI><a href="#[6a]">&gt;&gt;</a>&nbsp;&nbsp;&nbsp;SysTick_Init
<LI><a href="#[75]">&gt;&gt;</a>&nbsp;&nbsp;&nbsp;RTC_NVIC_Config
<LI><a href="#[76]">&gt;&gt;</a>&nbsp;&nbsp;&nbsp;RTC_CheckAndConfig
<LI><a href="#[6d]">&gt;&gt;</a>&nbsp;&nbsp;&nbsp;MPU6050_Init
<LI><a href="#[77]">&gt;&gt;</a>&nbsp;&nbsp;&nbsp;MPU6050ReadID
<LI><a href="#[69]">&gt;&gt;</a>&nbsp;&nbsp;&nbsp;LED_GPIO_Config
<LI><a href="#[81]">&gt;&gt;</a>&nbsp;&nbsp;&nbsp;LCD_SetTextColor
<LI><a href="#[79]">&gt;&gt;</a>&nbsp;&nbsp;&nbsp;LCD_GetFont
<LI><a href="#[7f]">&gt;&gt;</a>&nbsp;&nbsp;&nbsp;LCD_ClearLine
<LI><a href="#[74]">&gt;&gt;</a>&nbsp;&nbsp;&nbsp;Key_GPIO_Config
<LI><a href="#[66]">&gt;&gt;</a>&nbsp;&nbsp;&nbsp;ILI9341_Init
<LI><a href="#[67]">&gt;&gt;</a>&nbsp;&nbsp;&nbsp;ILI9341_GramScan
<LI><a href="#[7a]">&gt;&gt;</a>&nbsp;&nbsp;&nbsp;ILI9341_DispStringLine_EN_CH
<LI><a href="#[68]">&gt;&gt;</a>&nbsp;&nbsp;&nbsp;ILI9341_Clear
<LI><a href="#[6e]">&gt;&gt;</a>&nbsp;&nbsp;&nbsp;EXTI_Key_Config
<LI><a href="#[72]">&gt;&gt;</a>&nbsp;&nbsp;&nbsp;ESP8266_StaTcpClient_Unvarnish_ConfigTest
<LI><a href="#[83]">&gt;&gt;</a>&nbsp;&nbsp;&nbsp;ESP8266_SendDHT11DataTest
<LI><a href="#[71]">&gt;&gt;</a>&nbsp;&nbsp;&nbsp;ESP8266_Init
<LI><a href="#[7d]">&gt;&gt;</a>&nbsp;&nbsp;&nbsp;DHT11_Read_TempAndHumidity
<LI><a href="#[6f]">&gt;&gt;</a>&nbsp;&nbsp;&nbsp;DHT11_Init
<LI><a href="#[70]">&gt;&gt;</a>&nbsp;&nbsp;&nbsp;CPU_TS_TmrInit
<LI><a href="#[73]">&gt;&gt;</a>&nbsp;&nbsp;&nbsp;BEEP_GPIO_Config
<LI><a href="#[7e]">&gt;&gt;</a>&nbsp;&nbsp;&nbsp;__2sprintf
<LI><a href="#[78]">&gt;&gt;</a>&nbsp;&nbsp;&nbsp;__2printf
</UL>
<BR>[Address Reference Count : 1]<UL><LI> entry9a.o(.ARM.Collect$$$$0000000B)
</UL>
<P><STRONG><a name="[1]"></a>NMI_Handler</STRONG> (Thumb, 2 bytes, Stack size 0 bytes, stm32f10x_it.o(.text))
<BR>[Address Reference Count : 1]<UL><LI> startup_stm32f10x_hd.o(RESET)
</UL>
<P><STRONG><a name="[2]"></a>HardFault_Handler</STRONG> (Thumb, 4 bytes, Stack size 0 bytes, stm32f10x_it.o(.text))
<BR>[Address Reference Count : 1]<UL><LI> startup_stm32f10x_hd.o(RESET)
</UL>
<P><STRONG><a name="[3]"></a>MemManage_Handler</STRONG> (Thumb, 4 bytes, Stack size 0 bytes, stm32f10x_it.o(.text))
<BR>[Address Reference Count : 1]<UL><LI> startup_stm32f10x_hd.o(RESET)
</UL>
<P><STRONG><a name="[4]"></a>BusFault_Handler</STRONG> (Thumb, 4 bytes, Stack size 0 bytes, stm32f10x_it.o(.text))
<BR>[Address Reference Count : 1]<UL><LI> startup_stm32f10x_hd.o(RESET)
</UL>
<P><STRONG><a name="[5]"></a>UsageFault_Handler</STRONG> (Thumb, 4 bytes, Stack size 0 bytes, stm32f10x_it.o(.text))
<BR>[Address Reference Count : 1]<UL><LI> startup_stm32f10x_hd.o(RESET)
</UL>
<P><STRONG><a name="[6]"></a>SVC_Handler</STRONG> (Thumb, 2 bytes, Stack size 0 bytes, stm32f10x_it.o(.text))
<BR>[Address Reference Count : 1]<UL><LI> startup_stm32f10x_hd.o(RESET)
</UL>
<P><STRONG><a name="[7]"></a>DebugMon_Handler</STRONG> (Thumb, 2 bytes, Stack size 0 bytes, stm32f10x_it.o(.text))
<BR>[Address Reference Count : 1]<UL><LI> startup_stm32f10x_hd.o(RESET)
</UL>
<P><STRONG><a name="[8]"></a>PendSV_Handler</STRONG> (Thumb, 2 bytes, Stack size 0 bytes, stm32f10x_it.o(.text))
<BR>[Address Reference Count : 1]<UL><LI> startup_stm32f10x_hd.o(RESET)
</UL>
<P><STRONG><a name="[9]"></a>SysTick_Handler</STRONG> (Thumb, 68 bytes, Stack size 8 bytes, stm32f10x_it.o(.text))
<BR><BR>[Stack]<UL><LI>Max Depth = 72<LI>Call Chain = SysTick_Handler &rArr; MPU6050ReadGyro &rArr; MPU6050_ReadData &rArr; i2c_ReadByte &rArr; i2c_NAck
</UL>
<BR>[Calls]<UL><LI><a href="#[85]">&gt;&gt;</a>&nbsp;&nbsp;&nbsp;MPU6050ReadGyro
<LI><a href="#[84]">&gt;&gt;</a>&nbsp;&nbsp;&nbsp;MPU6050ReadAcc
</UL>
<BR>[Address Reference Count : 1]<UL><LI> startup_stm32f10x_hd.o(RESET)
</UL>
<P><STRONG><a name="[d]"></a>RTC_IRQHandler</STRONG> (Thumb, 28 bytes, Stack size 8 bytes, stm32f10x_it.o(.text))
<BR><BR>[Stack]<UL><LI>Max Depth = 8<LI>Call Chain = RTC_IRQHandler
</UL>
<BR>[Calls]<UL><LI><a href="#[87]">&gt;&gt;</a>&nbsp;&nbsp;&nbsp;RTC_ClearITPendingBit
<LI><a href="#[86]">&gt;&gt;</a>&nbsp;&nbsp;&nbsp;RTC_GetITStatus
<LI><a href="#[88]">&gt;&gt;</a>&nbsp;&nbsp;&nbsp;RTC_WaitForLastTask
</UL>
<BR>[Address Reference Count : 1]<UL><LI> startup_stm32f10x_hd.o(RESET)
</UL>
<P><STRONG><a name="[2f]"></a>USART1_IRQHandler</STRONG> (Thumb, 122 bytes, Stack size 16 bytes, stm32f10x_it.o(.text))
<BR><BR>[Stack]<UL><LI>Max Depth = 32<LI>Call Chain = USART1_IRQHandler &rArr; USART_GetITStatus
</UL>
<BR>[Calls]<UL><LI><a href="#[89]">&gt;&gt;</a>&nbsp;&nbsp;&nbsp;USART_GetITStatus
<LI><a href="#[8a]">&gt;&gt;</a>&nbsp;&nbsp;&nbsp;USART_ReceiveData
</UL>
<BR>[Address Reference Count : 1]<UL><LI> startup_stm32f10x_hd.o(RESET)
</UL>
<P><STRONG><a name="[31]"></a>USART3_IRQHandler</STRONG> (Thumb, 134 bytes, Stack size 8 bytes, stm32f10x_it.o(.text))
<BR><BR>[Stack]<UL><LI>Max Depth = 24<LI>Call Chain = USART3_IRQHandler &rArr; USART_GetITStatus
</UL>
<BR>[Calls]<UL><LI><a href="#[8b]">&gt;&gt;</a>&nbsp;&nbsp;&nbsp;strstr
<LI><a href="#[89]">&gt;&gt;</a>&nbsp;&nbsp;&nbsp;USART_GetITStatus
<LI><a href="#[8a]">&gt;&gt;</a>&nbsp;&nbsp;&nbsp;USART_ReceiveData
</UL>
<BR>[Address Reference Count : 1]<UL><LI> startup_stm32f10x_hd.o(RESET)
</UL>
<P><STRONG><a name="[32]"></a>EXTI15_10_IRQHandler</STRONG> (Thumb, 32 bytes, Stack size 8 bytes, stm32f10x_it.o(.text))
<BR><BR>[Stack]<UL><LI>Max Depth = 8<LI>Call Chain = EXTI15_10_IRQHandler
</UL>
<BR>[Calls]<UL><LI><a href="#[8d]">&gt;&gt;</a>&nbsp;&nbsp;&nbsp;EXTI_ClearITPendingBit
<LI><a href="#[8c]">&gt;&gt;</a>&nbsp;&nbsp;&nbsp;EXTI_GetITStatus
</UL>
<BR>[Address Reference Count : 1]<UL><LI> startup_stm32f10x_hd.o(RESET)
</UL>
<P><STRONG><a name="[10]"></a>EXTI0_IRQHandler</STRONG> (Thumb, 46 bytes, Stack size 32 bytes, stm32f10x_it.o(.text))
<BR><BR>[Stack]<UL><LI>Max Depth = 248<LI>Call Chain = EXTI0_IRQHandler &rArr; Time_Regulate_Get &rArr; __0scanf &rArr; __vfscanf_char_file &rArr; __vfscanf_char &rArr; __vfscanf &rArr; _scanf_int
</UL>
<BR>[Calls]<UL><LI><a href="#[8d]">&gt;&gt;</a>&nbsp;&nbsp;&nbsp;EXTI_ClearITPendingBit
<LI><a href="#[8c]">&gt;&gt;</a>&nbsp;&nbsp;&nbsp;EXTI_GetITStatus
<LI><a href="#[90]">&gt;&gt;</a>&nbsp;&nbsp;&nbsp;BKP_WriteBackupRegister
<LI><a href="#[8e]">&gt;&gt;</a>&nbsp;&nbsp;&nbsp;Time_Regulate_Get
<LI><a href="#[8f]">&gt;&gt;</a>&nbsp;&nbsp;&nbsp;Time_Adjust
</UL>
<BR>[Address Reference Count : 1]<UL><LI> startup_stm32f10x_hd.o(RESET)
</UL>
<P><STRONG><a name="[69]"></a>LED_GPIO_Config</STRONG> (Thumb, 90 bytes, Stack size 8 bytes, bsp_led.o(.text))
<BR><BR>[Stack]<UL><LI>Max Depth = 32<LI>Call Chain = LED_GPIO_Config &rArr; GPIO_Init
</UL>
<BR>[Calls]<UL><LI><a href="#[91]">&gt;&gt;</a>&nbsp;&nbsp;&nbsp;RCC_APB2PeriphClockCmd
<LI><a href="#[80]">&gt;&gt;</a>&nbsp;&nbsp;&nbsp;GPIO_SetBits
<LI><a href="#[92]">&gt;&gt;</a>&nbsp;&nbsp;&nbsp;GPIO_Init
</UL>
<BR>[Called By]<UL><LI><a href="#[46]">&gt;&gt;</a>&nbsp;&nbsp;&nbsp;main
</UL>

<P><STRONG><a name="[6a]"></a>SysTick_Init</STRONG> (Thumb, 108 bytes, Stack size 12 bytes, bsp_systick.o(.text))
<BR><BR>[Stack]<UL><LI>Max Depth = 12<LI>Call Chain = SysTick_Init
</UL>
<BR>[Called By]<UL><LI><a href="#[46]">&gt;&gt;</a>&nbsp;&nbsp;&nbsp;main
</UL>

<P><STRONG><a name="[93]"></a>MPU6050_WriteReg</STRONG> (Thumb, 46 bytes, Stack size 16 bytes, mpu6050.o(.text))
<BR><BR>[Stack]<UL><LI>Max Depth = 32<LI>Call Chain = MPU6050_WriteReg &rArr; i2c_SendByte
</UL>
<BR>[Calls]<UL><LI><a href="#[96]">&gt;&gt;</a>&nbsp;&nbsp;&nbsp;i2c_WaitAck
<LI><a href="#[97]">&gt;&gt;</a>&nbsp;&nbsp;&nbsp;i2c_Stop
<LI><a href="#[94]">&gt;&gt;</a>&nbsp;&nbsp;&nbsp;i2c_Start
<LI><a href="#[95]">&gt;&gt;</a>&nbsp;&nbsp;&nbsp;i2c_SendByte
</UL>
<BR>[Called By]<UL><LI><a href="#[6d]">&gt;&gt;</a>&nbsp;&nbsp;&nbsp;MPU6050_Init
</UL>

<P><STRONG><a name="[98]"></a>MPU6050_ReadData</STRONG> (Thumb, 88 bytes, Stack size 24 bytes, mpu6050.o(.text))
<BR><BR>[Stack]<UL><LI>Max Depth = 48<LI>Call Chain = MPU6050_ReadData &rArr; i2c_ReadByte &rArr; i2c_NAck
</UL>
<BR>[Calls]<UL><LI><a href="#[96]">&gt;&gt;</a>&nbsp;&nbsp;&nbsp;i2c_WaitAck
<LI><a href="#[97]">&gt;&gt;</a>&nbsp;&nbsp;&nbsp;i2c_Stop
<LI><a href="#[94]">&gt;&gt;</a>&nbsp;&nbsp;&nbsp;i2c_Start
<LI><a href="#[95]">&gt;&gt;</a>&nbsp;&nbsp;&nbsp;i2c_SendByte
<LI><a href="#[99]">&gt;&gt;</a>&nbsp;&nbsp;&nbsp;i2c_ReadByte
</UL>
<BR>[Called By]<UL><LI><a href="#[85]">&gt;&gt;</a>&nbsp;&nbsp;&nbsp;MPU6050ReadGyro
<LI><a href="#[84]">&gt;&gt;</a>&nbsp;&nbsp;&nbsp;MPU6050ReadAcc
<LI><a href="#[77]">&gt;&gt;</a>&nbsp;&nbsp;&nbsp;MPU6050ReadID
</UL>

<P><STRONG><a name="[6d]"></a>MPU6050_Init</STRONG> (Thumb, 72 bytes, Stack size 16 bytes, mpu6050.o(.text))
<BR><BR>[Stack]<UL><LI>Max Depth = 48<LI>Call Chain = MPU6050_Init &rArr; MPU6050_WriteReg &rArr; i2c_SendByte
</UL>
<BR>[Calls]<UL><LI><a href="#[93]">&gt;&gt;</a>&nbsp;&nbsp;&nbsp;MPU6050_WriteReg
</UL>
<BR>[Called By]<UL><LI><a href="#[46]">&gt;&gt;</a>&nbsp;&nbsp;&nbsp;main
</UL>

<P><STRONG><a name="[77]"></a>MPU6050ReadID</STRONG> (Thumb, 48 bytes, Stack size 8 bytes, mpu6050.o(.text))
<BR><BR>[Stack]<UL><LI>Max Depth = 56<LI>Call Chain = MPU6050ReadID &rArr; MPU6050_ReadData &rArr; i2c_ReadByte &rArr; i2c_NAck
</UL>
<BR>[Calls]<UL><LI><a href="#[98]">&gt;&gt;</a>&nbsp;&nbsp;&nbsp;MPU6050_ReadData
<LI><a href="#[78]">&gt;&gt;</a>&nbsp;&nbsp;&nbsp;__2printf
</UL>
<BR>[Called By]<UL><LI><a href="#[46]">&gt;&gt;</a>&nbsp;&nbsp;&nbsp;main
</UL>

<P><STRONG><a name="[84]"></a>MPU6050ReadAcc</STRONG> (Thumb, 64 bytes, Stack size 16 bytes, mpu6050.o(.text))
<BR><BR>[Stack]<UL><LI>Max Depth = 64<LI>Call Chain = MPU6050ReadAcc &rArr; MPU6050_ReadData &rArr; i2c_ReadByte &rArr; i2c_NAck
</UL>
<BR>[Calls]<UL><LI><a href="#[98]">&gt;&gt;</a>&nbsp;&nbsp;&nbsp;MPU6050_ReadData
</UL>
<BR>[Called By]<UL><LI><a href="#[9]">&gt;&gt;</a>&nbsp;&nbsp;&nbsp;SysTick_Handler
</UL>

<P><STRONG><a name="[85]"></a>MPU6050ReadGyro</STRONG> (Thumb, 64 bytes, Stack size 16 bytes, mpu6050.o(.text))
<BR><BR>[Stack]<UL><LI>Max Depth = 64<LI>Call Chain = MPU6050ReadGyro &rArr; MPU6050_ReadData &rArr; i2c_ReadByte &rArr; i2c_NAck
</UL>
<BR>[Calls]<UL><LI><a href="#[98]">&gt;&gt;</a>&nbsp;&nbsp;&nbsp;MPU6050_ReadData
</UL>
<BR>[Called By]<UL><LI><a href="#[9]">&gt;&gt;</a>&nbsp;&nbsp;&nbsp;SysTick_Handler
</UL>

<P><STRONG><a name="[94]"></a>i2c_Start</STRONG> (Thumb, 42 bytes, Stack size 8 bytes, bsp_i2c.o(.text))
<BR><BR>[Stack]<UL><LI>Max Depth = 8<LI>Call Chain = i2c_Start
</UL>
<BR>[Calls]<UL><LI><a href="#[9a]">&gt;&gt;</a>&nbsp;&nbsp;&nbsp;i2c_Delay
</UL>
<BR>[Called By]<UL><LI><a href="#[9d]">&gt;&gt;</a>&nbsp;&nbsp;&nbsp;i2c_CheckDevice
<LI><a href="#[98]">&gt;&gt;</a>&nbsp;&nbsp;&nbsp;MPU6050_ReadData
<LI><a href="#[93]">&gt;&gt;</a>&nbsp;&nbsp;&nbsp;MPU6050_WriteReg
</UL>

<P><STRONG><a name="[97]"></a>i2c_Stop</STRONG> (Thumb, 28 bytes, Stack size 8 bytes, bsp_i2c.o(.text))
<BR><BR>[Stack]<UL><LI>Max Depth = 8<LI>Call Chain = i2c_Stop
</UL>
<BR>[Calls]<UL><LI><a href="#[9a]">&gt;&gt;</a>&nbsp;&nbsp;&nbsp;i2c_Delay
</UL>
<BR>[Called By]<UL><LI><a href="#[9d]">&gt;&gt;</a>&nbsp;&nbsp;&nbsp;i2c_CheckDevice
<LI><a href="#[98]">&gt;&gt;</a>&nbsp;&nbsp;&nbsp;MPU6050_ReadData
<LI><a href="#[93]">&gt;&gt;</a>&nbsp;&nbsp;&nbsp;MPU6050_WriteReg
<LI><a href="#[6c]">&gt;&gt;</a>&nbsp;&nbsp;&nbsp;i2c_GPIO_Config
</UL>

<P><STRONG><a name="[95]"></a>i2c_SendByte</STRONG> (Thumb, 88 bytes, Stack size 16 bytes, bsp_i2c.o(.text))
<BR><BR>[Stack]<UL><LI>Max Depth = 16<LI>Call Chain = i2c_SendByte
</UL>
<BR>[Calls]<UL><LI><a href="#[9a]">&gt;&gt;</a>&nbsp;&nbsp;&nbsp;i2c_Delay
</UL>
<BR>[Called By]<UL><LI><a href="#[9d]">&gt;&gt;</a>&nbsp;&nbsp;&nbsp;i2c_CheckDevice
<LI><a href="#[98]">&gt;&gt;</a>&nbsp;&nbsp;&nbsp;MPU6050_ReadData
<LI><a href="#[93]">&gt;&gt;</a>&nbsp;&nbsp;&nbsp;MPU6050_WriteReg
</UL>

<P><STRONG><a name="[9b]"></a>i2c_Ack</STRONG> (Thumb, 44 bytes, Stack size 8 bytes, bsp_i2c.o(.text))
<BR><BR>[Stack]<UL><LI>Max Depth = 8<LI>Call Chain = i2c_Ack
</UL>
<BR>[Calls]<UL><LI><a href="#[9a]">&gt;&gt;</a>&nbsp;&nbsp;&nbsp;i2c_Delay
</UL>
<BR>[Called By]<UL><LI><a href="#[99]">&gt;&gt;</a>&nbsp;&nbsp;&nbsp;i2c_ReadByte
</UL>

<P><STRONG><a name="[9c]"></a>i2c_NAck</STRONG> (Thumb, 36 bytes, Stack size 8 bytes, bsp_i2c.o(.text))
<BR><BR>[Stack]<UL><LI>Max Depth = 8<LI>Call Chain = i2c_NAck
</UL>
<BR>[Calls]<UL><LI><a href="#[9a]">&gt;&gt;</a>&nbsp;&nbsp;&nbsp;i2c_Delay
</UL>
<BR>[Called By]<UL><LI><a href="#[99]">&gt;&gt;</a>&nbsp;&nbsp;&nbsp;i2c_ReadByte
</UL>

<P><STRONG><a name="[99]"></a>i2c_ReadByte</STRONG> (Thumb, 84 bytes, Stack size 16 bytes, bsp_i2c.o(.text))
<BR><BR>[Stack]<UL><LI>Max Depth = 24<LI>Call Chain = i2c_ReadByte &rArr; i2c_NAck
</UL>
<BR>[Calls]<UL><LI><a href="#[9c]">&gt;&gt;</a>&nbsp;&nbsp;&nbsp;i2c_NAck
<LI><a href="#[9b]">&gt;&gt;</a>&nbsp;&nbsp;&nbsp;i2c_Ack
<LI><a href="#[9a]">&gt;&gt;</a>&nbsp;&nbsp;&nbsp;i2c_Delay
</UL>
<BR>[Called By]<UL><LI><a href="#[98]">&gt;&gt;</a>&nbsp;&nbsp;&nbsp;MPU6050_ReadData
</UL>

<P><STRONG><a name="[96]"></a>i2c_WaitAck</STRONG> (Thumb, 56 bytes, Stack size 8 bytes, bsp_i2c.o(.text))
<BR><BR>[Stack]<UL><LI>Max Depth = 8<LI>Call Chain = i2c_WaitAck
</UL>
<BR>[Calls]<UL><LI><a href="#[9a]">&gt;&gt;</a>&nbsp;&nbsp;&nbsp;i2c_Delay
</UL>
<BR>[Called By]<UL><LI><a href="#[9d]">&gt;&gt;</a>&nbsp;&nbsp;&nbsp;i2c_CheckDevice
<LI><a href="#[98]">&gt;&gt;</a>&nbsp;&nbsp;&nbsp;MPU6050_ReadData
<LI><a href="#[93]">&gt;&gt;</a>&nbsp;&nbsp;&nbsp;MPU6050_WriteReg
</UL>

<P><STRONG><a name="[6c]"></a>i2c_GPIO_Config</STRONG> (Thumb, 44 bytes, Stack size 8 bytes, bsp_i2c.o(.text))
<BR><BR>[Stack]<UL><LI>Max Depth = 32<LI>Call Chain = i2c_GPIO_Config &rArr; GPIO_Init
</UL>
<BR>[Calls]<UL><LI><a href="#[91]">&gt;&gt;</a>&nbsp;&nbsp;&nbsp;RCC_APB2PeriphClockCmd
<LI><a href="#[92]">&gt;&gt;</a>&nbsp;&nbsp;&nbsp;GPIO_Init
<LI><a href="#[97]">&gt;&gt;</a>&nbsp;&nbsp;&nbsp;i2c_Stop
</UL>
<BR>[Called By]<UL><LI><a href="#[9d]">&gt;&gt;</a>&nbsp;&nbsp;&nbsp;i2c_CheckDevice
<LI><a href="#[46]">&gt;&gt;</a>&nbsp;&nbsp;&nbsp;main
</UL>

<P><STRONG><a name="[9d]"></a>i2c_CheckDevice</STRONG> (Thumb, 32 bytes, Stack size 16 bytes, bsp_i2c.o(.text), UNUSED)
<BR><BR>[Calls]<UL><LI><a href="#[96]">&gt;&gt;</a>&nbsp;&nbsp;&nbsp;i2c_WaitAck
<LI><a href="#[97]">&gt;&gt;</a>&nbsp;&nbsp;&nbsp;i2c_Stop
<LI><a href="#[94]">&gt;&gt;</a>&nbsp;&nbsp;&nbsp;i2c_Start
<LI><a href="#[95]">&gt;&gt;</a>&nbsp;&nbsp;&nbsp;i2c_SendByte
<LI><a href="#[6c]">&gt;&gt;</a>&nbsp;&nbsp;&nbsp;i2c_GPIO_Config
</UL>

<P><STRONG><a name="[6b]"></a>USART_Config</STRONG> (Thumb, 120 bytes, Stack size 24 bytes, bsp_usart.o(.text))
<BR><BR>[Stack]<UL><LI>Max Depth = 92<LI>Call Chain = USART_Config &rArr; USART_Init &rArr; RCC_GetClocksFreq
</UL>
<BR>[Calls]<UL><LI><a href="#[65]">&gt;&gt;</a>&nbsp;&nbsp;&nbsp;USART_Init
<LI><a href="#[91]">&gt;&gt;</a>&nbsp;&nbsp;&nbsp;RCC_APB2PeriphClockCmd
<LI><a href="#[92]">&gt;&gt;</a>&nbsp;&nbsp;&nbsp;GPIO_Init
<LI><a href="#[9e]">&gt;&gt;</a>&nbsp;&nbsp;&nbsp;USART_Cmd
</UL>
<BR>[Called By]<UL><LI><a href="#[46]">&gt;&gt;</a>&nbsp;&nbsp;&nbsp;main
</UL>

<P><STRONG><a name="[4d]"></a>fputc</STRONG> (Thumb, 32 bytes, Stack size 16 bytes, bsp_usart.o(.text))
<BR><BR>[Stack]<UL><LI>Max Depth = 16<LI>Call Chain = fputc
</UL>
<BR>[Calls]<UL><LI><a href="#[a0]">&gt;&gt;</a>&nbsp;&nbsp;&nbsp;USART_GetFlagStatus
<LI><a href="#[9f]">&gt;&gt;</a>&nbsp;&nbsp;&nbsp;USART_SendData
</UL>
<BR>[Address Reference Count : 1]<UL><LI> printf6.o(i.__0printf$6)
</UL>
<P><STRONG><a name="[49]"></a>fgetc</STRONG> (Thumb, 26 bytes, Stack size 8 bytes, bsp_usart.o(.text))
<BR><BR>[Stack]<UL><LI>Max Depth = 8<LI>Call Chain = fgetc
</UL>
<BR>[Calls]<UL><LI><a href="#[a0]">&gt;&gt;</a>&nbsp;&nbsp;&nbsp;USART_GetFlagStatus
<LI><a href="#[8a]">&gt;&gt;</a>&nbsp;&nbsp;&nbsp;USART_ReceiveData
</UL>
<BR>[Address Reference Count : 1]<UL><LI> scanf_char_file.o(.text)
</UL>
<P><STRONG><a name="[a1]"></a>GetGBKCode_from_EXFlash</STRONG> (Thumb, 74 bytes, Stack size 24 bytes, fonts.o(.text))
<BR><BR>[Stack]<UL><LI>Max Depth = 80<LI>Call Chain = GetGBKCode_from_EXFlash &rArr; SPI_FLASH_Init &rArr; GPIO_Init
</UL>
<BR>[Calls]<UL><LI><a href="#[a2]">&gt;&gt;</a>&nbsp;&nbsp;&nbsp;SPI_FLASH_Init
<LI><a href="#[a3]">&gt;&gt;</a>&nbsp;&nbsp;&nbsp;SPI_FLASH_BufferRead
</UL>
<BR>[Called By]<UL><LI><a href="#[c4]">&gt;&gt;</a>&nbsp;&nbsp;&nbsp;ILI9341_DisplayStringEx_YDir
<LI><a href="#[c2]">&gt;&gt;</a>&nbsp;&nbsp;&nbsp;ILI9341_DisplayStringEx
<LI><a href="#[bd]">&gt;&gt;</a>&nbsp;&nbsp;&nbsp;ILI9341_DispChar_CH
</UL>

<P><STRONG><a name="[67]"></a>ILI9341_GramScan</STRONG> (Thumb, 172 bytes, Stack size 8 bytes, bsp_ili9341_lcd.o(.text))
<BR><BR>[Stack]<UL><LI>Max Depth = 8<LI>Call Chain = ILI9341_GramScan
</UL>
<BR>[Calls]<UL><LI><a href="#[ab]">&gt;&gt;</a>&nbsp;&nbsp;&nbsp;ILI9341_Write_Data
<LI><a href="#[aa]">&gt;&gt;</a>&nbsp;&nbsp;&nbsp;ILI9341_Write_Cmd
</UL>
<BR>[Called By]<UL><LI><a href="#[66]">&gt;&gt;</a>&nbsp;&nbsp;&nbsp;ILI9341_Init
<LI><a href="#[46]">&gt;&gt;</a>&nbsp;&nbsp;&nbsp;main
</UL>

<P><STRONG><a name="[ad]"></a>ILI9341_Rst</STRONG> (Thumb, 36 bytes, Stack size 8 bytes, bsp_ili9341_lcd.o(.text))
<BR><BR>[Stack]<UL><LI>Max Depth = 16<LI>Call Chain = ILI9341_Rst &rArr; ILI9341_Delay
</UL>
<BR>[Calls]<UL><LI><a href="#[82]">&gt;&gt;</a>&nbsp;&nbsp;&nbsp;GPIO_ResetBits
<LI><a href="#[80]">&gt;&gt;</a>&nbsp;&nbsp;&nbsp;GPIO_SetBits
<LI><a href="#[ac]">&gt;&gt;</a>&nbsp;&nbsp;&nbsp;ILI9341_Delay
</UL>
<BR>[Called By]<UL><LI><a href="#[66]">&gt;&gt;</a>&nbsp;&nbsp;&nbsp;ILI9341_Init
</UL>

<P><STRONG><a name="[ae]"></a>ILI9341_BackLed_Control</STRONG> (Thumb, 30 bytes, Stack size 8 bytes, bsp_ili9341_lcd.o(.text))
<BR><BR>[Stack]<UL><LI>Max Depth = 8<LI>Call Chain = ILI9341_BackLed_Control
</UL>
<BR>[Calls]<UL><LI><a href="#[82]">&gt;&gt;</a>&nbsp;&nbsp;&nbsp;GPIO_ResetBits
<LI><a href="#[80]">&gt;&gt;</a>&nbsp;&nbsp;&nbsp;GPIO_SetBits
</UL>
<BR>[Called By]<UL><LI><a href="#[66]">&gt;&gt;</a>&nbsp;&nbsp;&nbsp;ILI9341_Init
</UL>

<P><STRONG><a name="[66]"></a>ILI9341_Init</STRONG> (Thumb, 34 bytes, Stack size 8 bytes, bsp_ili9341_lcd.o(.text))
<BR><BR>[Stack]<UL><LI>Max Depth = 104<LI>Call Chain = ILI9341_Init &rArr; ILI9341_FSMC_Config
</UL>
<BR>[Calls]<UL><LI><a href="#[ae]">&gt;&gt;</a>&nbsp;&nbsp;&nbsp;ILI9341_BackLed_Control
<LI><a href="#[ad]">&gt;&gt;</a>&nbsp;&nbsp;&nbsp;ILI9341_Rst
<LI><a href="#[a9]">&gt;&gt;</a>&nbsp;&nbsp;&nbsp;ILI9341_REG_Config
<LI><a href="#[a5]">&gt;&gt;</a>&nbsp;&nbsp;&nbsp;ILI9341_FSMC_Config
<LI><a href="#[a4]">&gt;&gt;</a>&nbsp;&nbsp;&nbsp;ILI9341_GPIO_Config
<LI><a href="#[67]">&gt;&gt;</a>&nbsp;&nbsp;&nbsp;ILI9341_GramScan
</UL>
<BR>[Called By]<UL><LI><a href="#[46]">&gt;&gt;</a>&nbsp;&nbsp;&nbsp;main
</UL>

<P><STRONG><a name="[af]"></a>ILI9341_OpenWindow</STRONG> (Thumb, 96 bytes, Stack size 24 bytes, bsp_ili9341_lcd.o(.text))
<BR><BR>[Stack]<UL><LI>Max Depth = 24<LI>Call Chain = ILI9341_OpenWindow
</UL>
<BR>[Calls]<UL><LI><a href="#[ab]">&gt;&gt;</a>&nbsp;&nbsp;&nbsp;ILI9341_Write_Data
<LI><a href="#[aa]">&gt;&gt;</a>&nbsp;&nbsp;&nbsp;ILI9341_Write_Cmd
</UL>
<BR>[Called By]<UL><LI><a href="#[c1]">&gt;&gt;</a>&nbsp;&nbsp;&nbsp;ILI9341_DrawChar_Ex
<LI><a href="#[bd]">&gt;&gt;</a>&nbsp;&nbsp;&nbsp;ILI9341_DispChar_CH
<LI><a href="#[b9]">&gt;&gt;</a>&nbsp;&nbsp;&nbsp;ILI9341_DispChar_EN
<LI><a href="#[b7]">&gt;&gt;</a>&nbsp;&nbsp;&nbsp;ILI9341_DrawRectangle
<LI><a href="#[b0]">&gt;&gt;</a>&nbsp;&nbsp;&nbsp;ILI9341_SetCursor
<LI><a href="#[68]">&gt;&gt;</a>&nbsp;&nbsp;&nbsp;ILI9341_Clear
</UL>

<P><STRONG><a name="[68]"></a>ILI9341_Clear</STRONG> (Thumb, 40 bytes, Stack size 24 bytes, bsp_ili9341_lcd.o(.text))
<BR><BR>[Stack]<UL><LI>Max Depth = 48<LI>Call Chain = ILI9341_Clear &rArr; ILI9341_OpenWindow
</UL>
<BR>[Calls]<UL><LI><a href="#[af]">&gt;&gt;</a>&nbsp;&nbsp;&nbsp;ILI9341_OpenWindow
[...]
<BR><BR>[Calls]<UL><LI><a href="#[110]">&gt;&gt;</a>&nbsp;&nbsp;&nbsp;__aeabi_memset
</UL>

<P><STRONG><a name="[8b]"></a>strstr</STRONG> (Thumb, 36 bytes, Stack size 12 bytes, strstr.o(.text))
<BR><BR>[Stack]<UL><LI>Max Depth = 12<LI>Call Chain = strstr
</UL>
<BR>[Called By]<UL><LI><a href="#[10d]">&gt;&gt;</a>&nbsp;&nbsp;&nbsp;ESP8266_ReceiveString
<LI><a href="#[10c]">&gt;&gt;</a>&nbsp;&nbsp;&nbsp;ESP8266_Inquire_ApIp
<LI><a href="#[10b]">&gt;&gt;</a>&nbsp;&nbsp;&nbsp;ESP8266_Get_IdLinkStatus
<LI><a href="#[107]">&gt;&gt;</a>&nbsp;&nbsp;&nbsp;ESP8266_Cmd
<LI><a href="#[101]">&gt;&gt;</a>&nbsp;&nbsp;&nbsp;ESP8266_Get_LinkStatus
<LI><a href="#[f7]">&gt;&gt;</a>&nbsp;&nbsp;&nbsp;Get_ESP82666_Cmd
<LI><a href="#[31]">&gt;&gt;</a>&nbsp;&nbsp;&nbsp;USART3_IRQHandler
</UL>

<P><STRONG><a name="[f4]"></a>__0scanf</STRONG> (Thumb, 26 bytes, Stack size 56 bytes, __0scanf.o(.text))
<BR><BR>[Stack]<UL><LI>Max Depth = 200<LI>Call Chain = __0scanf &rArr; __vfscanf_char_file &rArr; __vfscanf_char &rArr; __vfscanf &rArr; _scanf_int
</UL>
<BR>[Calls]<UL><LI><a href="#[112]">&gt;&gt;</a>&nbsp;&nbsp;&nbsp;__vfscanf_char_file
</UL>
<BR>[Called By]<UL><LI><a href="#[8e]">&gt;&gt;</a>&nbsp;&nbsp;&nbsp;Time_Regulate_Get
</UL>

<P><STRONG><a name="[113]"></a>_scanf_int</STRONG> (Thumb, 332 bytes, Stack size 56 bytes, _scanf_int.o(.text))
<BR><BR>[Stack]<UL><LI>Max Depth = 56<LI>Call Chain = _scanf_int
</UL>
<BR>[Calls]<UL><LI><a href="#[114]">&gt;&gt;</a>&nbsp;&nbsp;&nbsp;_chval
</UL>
<BR>[Called By]<UL><LI><a href="#[117]">&gt;&gt;</a>&nbsp;&nbsp;&nbsp;__vfscanf
</UL>

<P><STRONG><a name="[19d]"></a>__aeabi_uidiv</STRONG> (Thumb, 0 bytes, Stack size 12 bytes, uidiv.o(.text), UNUSED)

<P><STRONG><a name="[11d]"></a>__aeabi_uidivmod</STRONG> (Thumb, 44 bytes, Stack size 12 bytes, uidiv.o(.text), UNUSED)
<BR><BR>[Called By]<UL><LI><a href="#[11a]">&gt;&gt;</a>&nbsp;&nbsp;&nbsp;_printf_core
</UL>

<P><STRONG><a name="[114]"></a>_chval</STRONG> (Thumb, 28 bytes, Stack size 0 bytes, _chval.o(.text))
<BR><BR>[Called By]<UL><LI><a href="#[113]">&gt;&gt;</a>&nbsp;&nbsp;&nbsp;_scanf_int
</UL>

<P><STRONG><a name="[112]"></a>__vfscanf_char_file</STRONG> (Thumb, 12 bytes, Stack size 0 bytes, scanf_char_file.o(.text))
<BR><BR>[Stack]<UL><LI>Max Depth = 144<LI>Call Chain = __vfscanf_char_file &rArr; __vfscanf_char &rArr; __vfscanf &rArr; _scanf_int
</UL>
<BR>[Calls]<UL><LI><a href="#[115]">&gt;&gt;</a>&nbsp;&nbsp;&nbsp;__vfscanf_char
</UL>
<BR>[Called By]<UL><LI><a href="#[f4]">&gt;&gt;</a>&nbsp;&nbsp;&nbsp;__0scanf
</UL>

<P><STRONG><a name="[50]"></a>__scatterload</STRONG> (Thumb, 28 bytes, Stack size 0 bytes, init.o(.text))
<BR><BR>[Calls]<UL><LI><a href="#[116]">&gt;&gt;</a>&nbsp;&nbsp;&nbsp;__main_after_scatterload
</UL>
<BR>[Called By]<UL><LI><a href="#[4f]">&gt;&gt;</a>&nbsp;&nbsp;&nbsp;_main_scatterload
</UL>

<P><STRONG><a name="[19e]"></a>__scatterload_rt2</STRONG> (Thumb, 0 bytes, Stack size 0 bytes, init.o(.text), UNUSED)

<P><STRONG><a name="[19f]"></a>_fgetc$bs</STRONG> (Thumb, 28 bytes, Stack size 8 bytes, fgetc_b.o(.text), UNUSED)

<P><STRONG><a name="[4a]"></a>__backspace</STRONG> (Thumb, 10 bytes, Stack size 0 bytes, fgetc_b.o(.text))
<BR>[Address Reference Count : 1]<UL><LI> scanf_char_file.o(.text)
</UL>
<P><STRONG><a name="[115]"></a>__vfscanf_char</STRONG> (Thumb, 20 bytes, Stack size 0 bytes, scanf_char.o(.text))
<BR><BR>[Stack]<UL><LI>Max Depth = 144<LI>Call Chain = __vfscanf_char &rArr; __vfscanf &rArr; _scanf_int
</UL>
<BR>[Calls]<UL><LI><a href="#[117]">&gt;&gt;</a>&nbsp;&nbsp;&nbsp;__vfscanf
</UL>
<BR>[Called By]<UL><LI><a href="#[112]">&gt;&gt;</a>&nbsp;&nbsp;&nbsp;__vfscanf_char_file
</UL>

<P><STRONG><a name="[1a0]"></a>__semihosting_library_function</STRONG> (Thumb, 0 bytes, Stack size 0 bytes, semi.o(.text), UNUSED)

<P><STRONG><a name="[4c]"></a>isspace</STRONG> (Thumb, 10 bytes, Stack size 0 bytes, isspace_c.o(.text))
<BR><BR>[Calls]<UL><LI><a href="#[118]">&gt;&gt;</a>&nbsp;&nbsp;&nbsp;__ctype_lookup
</UL>
<BR>[Address Reference Count : 1]<UL><LI> scanf_char.o(.text)
</UL>
<P><STRONG><a name="[117]"></a>__vfscanf</STRONG> (Thumb, 808 bytes, Stack size 88 bytes, _scanf.o(.text))
<BR><BR>[Stack]<UL><LI>Max Depth = 144<LI>Call Chain = __vfscanf &rArr; _scanf_int
</UL>
<BR>[Calls]<UL><LI><a href="#[113]">&gt;&gt;</a>&nbsp;&nbsp;&nbsp;_scanf_int
</UL>
<BR>[Called By]<UL><LI><a href="#[115]">&gt;&gt;</a>&nbsp;&nbsp;&nbsp;__vfscanf_char
</UL>

<P><STRONG><a name="[1a1]"></a>__I$use$semihosting$fgetc</STRONG> (Thumb, 0 bytes, Stack size 0 bytes, iusesemig.o(.text), UNUSED)

<P><STRONG><a name="[118]"></a>__ctype_lookup</STRONG> (Thumb, 34 bytes, Stack size 0 bytes, ctype_c.o(.text))
<BR><BR>[Called By]<UL><LI><a href="#[4c]">&gt;&gt;</a>&nbsp;&nbsp;&nbsp;isspace
</UL>

<P><STRONG><a name="[b4]"></a>ILI9341_Read_Data</STRONG> (Thumb, 6 bytes, Stack size 0 bytes, bsp_ili9341_lcd.o(i.ILI9341_Read_Data), UNUSED)
<BR><BR>[Called By]<UL><LI><a href="#[b3]">&gt;&gt;</a>&nbsp;&nbsp;&nbsp;ILI9341_Read_PixelData
</UL>

<P><STRONG><a name="[aa]"></a>ILI9341_Write_Cmd</STRONG> (Thumb, 8 bytes, Stack size 0 bytes, bsp_ili9341_lcd.o(i.ILI9341_Write_Cmd))
<BR><BR>[Called By]<UL><LI><a href="#[c1]">&gt;&gt;</a>&nbsp;&nbsp;&nbsp;ILI9341_DrawChar_Ex
<LI><a href="#[bd]">&gt;&gt;</a>&nbsp;&nbsp;&nbsp;ILI9341_DispChar_CH
<LI><a href="#[b9]">&gt;&gt;</a>&nbsp;&nbsp;&nbsp;ILI9341_DispChar_EN
<LI><a href="#[af]">&gt;&gt;</a>&nbsp;&nbsp;&nbsp;ILI9341_OpenWindow
<LI><a href="#[b3]">&gt;&gt;</a>&nbsp;&nbsp;&nbsp;ILI9341_Read_PixelData
<LI><a href="#[b1]">&gt;&gt;</a>&nbsp;&nbsp;&nbsp;ILI9341_FillColor
<LI><a href="#[a9]">&gt;&gt;</a>&nbsp;&nbsp;&nbsp;ILI9341_REG_Config
<LI><a href="#[67]">&gt;&gt;</a>&nbsp;&nbsp;&nbsp;ILI9341_GramScan
</UL>

<P><STRONG><a name="[ab]"></a>ILI9341_Write_Data</STRONG> (Thumb, 6 bytes, Stack size 0 bytes, bsp_ili9341_lcd.o(i.ILI9341_Write_Data))
<BR><BR>[Called By]<UL><LI><a href="#[c1]">&gt;&gt;</a>&nbsp;&nbsp;&nbsp;ILI9341_DrawChar_Ex
<LI><a href="#[bd]">&gt;&gt;</a>&nbsp;&nbsp;&nbsp;ILI9341_DispChar_CH
<LI><a href="#[b9]">&gt;&gt;</a>&nbsp;&nbsp;&nbsp;ILI9341_DispChar_EN
<LI><a href="#[af]">&gt;&gt;</a>&nbsp;&nbsp;&nbsp;ILI9341_OpenWindow
<LI><a href="#[b1]">&gt;&gt;</a>&nbsp;&nbsp;&nbsp;ILI9341_FillColor
<LI><a href="#[a9]">&gt;&gt;</a>&nbsp;&nbsp;&nbsp;ILI9341_REG_Config
<LI><a href="#[67]">&gt;&gt;</a>&nbsp;&nbsp;&nbsp;ILI9341_GramScan
</UL>

<P><STRONG><a name="[119]"></a>__0printf$6</STRONG> (Thumb, 22 bytes, Stack size 24 bytes, printf6.o(i.__0printf$6), UNUSED)
<BR><BR>[Calls]<UL><LI><a href="#[11a]">&gt;&gt;</a>&nbsp;&nbsp;&nbsp;_printf_core
</UL>

<P><STRONG><a name="[1a2]"></a>__1printf$6</STRONG> (Thumb, 0 bytes, Stack size 24 bytes, printf6.o(i.__0printf$6), UNUSED)

<P><STRONG><a name="[78]"></a>__2printf</STRONG> (Thumb, 0 bytes, Stack size 24 bytes, printf6.o(i.__0printf$6))
<BR><BR>[Stack]<UL><LI>Max Depth = 24<LI>Call Chain = __2printf
</UL>
<BR>[Called By]<UL><LI><a href="#[107]">&gt;&gt;</a>&nbsp;&nbsp;&nbsp;ESP8266_Cmd
<LI><a href="#[f8]">&gt;&gt;</a>&nbsp;&nbsp;&nbsp;ESP8266_AT_Test
<LI><a href="#[d0]">&gt;&gt;</a>&nbsp;&nbsp;&nbsp;SPI_FLASH_PageWrite
<LI><a href="#[c7]">&gt;&gt;</a>&nbsp;&nbsp;&nbsp;SPI_TIMEOUT_UserCallback
<LI><a href="#[8e]">&gt;&gt;</a>&nbsp;&nbsp;&nbsp;Time_Regulate_Get
<LI><a href="#[76]">&gt;&gt;</a>&nbsp;&nbsp;&nbsp;RTC_CheckAndConfig
<LI><a href="#[77]">&gt;&gt;</a>&nbsp;&nbsp;&nbsp;MPU6050ReadID
<LI><a href="#[72]">&gt;&gt;</a>&nbsp;&nbsp;&nbsp;ESP8266_StaTcpClient_Unvarnish_ConfigTest
<LI><a href="#[83]">&gt;&gt;</a>&nbsp;&nbsp;&nbsp;ESP8266_SendDHT11DataTest
<LI><a href="#[46]">&gt;&gt;</a>&nbsp;&nbsp;&nbsp;main
</UL>

<P><STRONG><a name="[11b]"></a>__0sprintf$6</STRONG> (Thumb, 34 bytes, Stack size 24 bytes, printf6.o(i.__0sprintf$6), UNUSED)
<BR><BR>[Calls]<UL><LI><a href="#[4e]">&gt;&gt;</a>&nbsp;&nbsp;&nbsp;_sputc
<LI><a href="#[11a]">&gt;&gt;</a>&nbsp;&nbsp;&nbsp;_printf_core
</UL>

<P><STRONG><a name="[1a3]"></a>__1sprintf$6</STRONG> (Thumb, 0 bytes, Stack size 24 bytes, printf6.o(i.__0sprintf$6), UNUSED)

<P><STRONG><a name="[7e]"></a>__2sprintf</STRONG> (Thumb, 0 bytes, Stack size 24 bytes, printf6.o(i.__0sprintf$6))
<BR><BR>[Stack]<UL><LI>Max Depth = 24<LI>Call Chain = __2sprintf
</UL>
<BR>[Called By]<UL><LI><a href="#[10a]">&gt;&gt;</a>&nbsp;&nbsp;&nbsp;ESP8266_StartOrShutServer
<LI><a href="#[109]">&gt;&gt;</a>&nbsp;&nbsp;&nbsp;ESP8266_BuildAP
<LI><a href="#[ff]">&gt;&gt;</a>&nbsp;&nbsp;&nbsp;ESP8266_SendString
<LI><a href="#[fc]">&gt;&gt;</a>&nbsp;&nbsp;&nbsp;ESP8266_Link_Server
<LI><a href="#[fa]">&gt;&gt;</a>&nbsp;&nbsp;&nbsp;ESP8266_JoinAP
<LI><a href="#[fb]">&gt;&gt;</a>&nbsp;&nbsp;&nbsp;ESP8266_Enable_MultipleId
<LI><a href="#[7c]">&gt;&gt;</a>&nbsp;&nbsp;&nbsp;Time_Display
<LI><a href="#[83]">&gt;&gt;</a>&nbsp;&nbsp;&nbsp;ESP8266_SendDHT11DataTest
<LI><a href="#[46]">&gt;&gt;</a>&nbsp;&nbsp;&nbsp;main
</UL>

<P><STRONG><a name="[1a4]"></a>__scatterload_copy</STRONG> (Thumb, 14 bytes, Stack size unknown bytes, handlers.o(i.__scatterload_copy), UNUSED)

<P><STRONG><a name="[1a5]"></a>__scatterload_null</STRONG> (Thumb, 2 bytes, Stack size unknown bytes, handlers.o(i.__scatterload_null), UNUSED)

<P><STRONG><a name="[1a6]"></a>__scatterload_zeroinit</STRONG> (Thumb, 14 bytes, Stack size unknown bytes, handlers.o(i.__scatterload_zeroinit), UNUSED)
<P>
<H3>
Local Symbols
</H3>
<P><STRONG><a name="[52]"></a>SetSysClockTo72</STRONG> (Thumb, 214 bytes, Stack size 12 bytes, system_stm32f10x.o(.text))
<BR><BR>[Stack]<UL><LI>Max Depth = 12<LI>Call Chain = SetSysClockTo72
</UL>
<BR>[Called By]<UL><LI><a href="#[51]">&gt;&gt;</a>&nbsp;&nbsp;&nbsp;SetSysClock
</UL>

<P><STRONG><a name="[51]"></a>SetSysClock</STRONG> (Thumb, 8 bytes, Stack size 8 bytes, system_stm32f10x.o(.text))
<BR><BR>[Stack]<UL><LI>Max Depth = 20<LI>Call Chain = SetSysClock &rArr; SetSysClockTo72
</UL>
<BR>[Calls]<UL><LI><a href="#[52]">&gt;&gt;</a>&nbsp;&nbsp;&nbsp;SetSysClockTo72
</UL>
<BR>[Called By]<UL><LI><a href="#[47]">&gt;&gt;</a>&nbsp;&nbsp;&nbsp;SystemInit
</UL>

<P><STRONG><a name="[9a]"></a>i2c_Delay</STRONG> (Thumb, 14 bytes, Stack size 0 bytes, bsp_i2c.o(.text))
<BR><BR>[Called By]<UL><LI><a href="#[9c]">&gt;&gt;</a>&nbsp;&nbsp;&nbsp;i2c_NAck
<LI><a href="#[9b]">&gt;&gt;</a>&nbsp;&nbsp;&nbsp;i2c_Ack
<LI><a href="#[96]">&gt;&gt;</a>&nbsp;&nbsp;&nbsp;i2c_WaitAck
<LI><a href="#[97]">&gt;&gt;</a>&nbsp;&nbsp;&nbsp;i2c_Stop
<LI><a href="#[94]">&gt;&gt;</a>&nbsp;&nbsp;&nbsp;i2c_Start
<LI><a href="#[95]">&gt;&gt;</a>&nbsp;&nbsp;&nbsp;i2c_SendByte
<LI><a href="#[99]">&gt;&gt;</a>&nbsp;&nbsp;&nbsp;i2c_ReadByte
</UL>

<P><STRONG><a name="[ac]"></a>ILI9341_Delay</STRONG> (Thumb, 18 bytes, Stack size 8 bytes, bsp_ili9341_lcd.o(.text))
<BR><BR>[Stack]<UL><LI>Max Depth = 8<LI>Call Chain = ILI9341_Delay
</UL>
<BR>[Called By]<UL><LI><a href="#[ad]">&gt;&gt;</a>&nbsp;&nbsp;&nbsp;ILI9341_Rst
<LI><a href="#[a9]">&gt;&gt;</a>&nbsp;&nbsp;&nbsp;ILI9341_REG_Config
</UL>

<P><STRONG><a name="[a4]"></a>ILI9341_GPIO_Config</STRONG> (Thumb, 398 bytes, Stack size 8 bytes, bsp_ili9341_lcd.o(.text))
<BR><BR>[Stack]<UL><LI>Max Depth = 32<LI>Call Chain = ILI9341_GPIO_Config &rArr; GPIO_Init
</UL>
<BR>[Calls]<UL><LI><a href="#[91]">&gt;&gt;</a>&nbsp;&nbsp;&nbsp;RCC_APB2PeriphClockCmd
<LI><a href="#[92]">&gt;&gt;</a>&nbsp;&nbsp;&nbsp;GPIO_Init
</UL>
<BR>[Called By]<UL><LI><a href="#[66]">&gt;&gt;</a>&nbsp;&nbsp;&nbsp;ILI9341_Init
</UL>

<P><STRONG><a name="[a5]"></a>ILI9341_FSMC_Config</STRONG> (Thumb, 94 bytes, Stack size 96 bytes, bsp_ili9341_lcd.o(.text))
<BR><BR>[Stack]<UL><LI>Max Depth = 96<LI>Call Chain = ILI9341_FSMC_Config
</UL>
<BR>[Calls]<UL><LI><a href="#[a6]">&gt;&gt;</a>&nbsp;&nbsp;&nbsp;RCC_AHBPeriphClockCmd
<LI><a href="#[a8]">&gt;&gt;</a>&nbsp;&nbsp;&nbsp;FSMC_NORSRAMCmd
<LI><a href="#[a7]">&gt;&gt;</a>&nbsp;&nbsp;&nbsp;FSMC_NORSRAMInit
</UL>
<BR>[Called By]<UL><LI><a href="#[66]">&gt;&gt;</a>&nbsp;&nbsp;&nbsp;ILI9341_Init
</UL>

<P><STRONG><a name="[a9]"></a>ILI9341_REG_Config</STRONG> (Thumb, 570 bytes, Stack size 8 bytes, bsp_ili9341_lcd.o(.text))
<BR><BR>[Stack]<UL><LI>Max Depth = 16<LI>Call Chain = ILI9341_REG_Config &rArr; ILI9341_Delay
</UL>
<BR>[Calls]<UL><LI><a href="#[ab]">&gt;&gt;</a>&nbsp;&nbsp;&nbsp;ILI9341_Write_Data
<LI><a href="#[aa]">&gt;&gt;</a>&nbsp;&nbsp;&nbsp;ILI9341_Write_Cmd
<LI><a href="#[ac]">&gt;&gt;</a>&nbsp;&nbsp;&nbsp;ILI9341_Delay
</UL>
<BR>[Called By]<UL><LI><a href="#[66]">&gt;&gt;</a>&nbsp;&nbsp;&nbsp;ILI9341_Init
</UL>

<P><STRONG><a name="[b0]"></a>ILI9341_SetCursor</STRONG> (Thumb, 20 bytes, Stack size 16 bytes, bsp_ili9341_lcd.o(.text), UNUSED)
<BR><BR>[Calls]<UL><LI><a href="#[af]">&gt;&gt;</a>&nbsp;&nbsp;&nbsp;ILI9341_OpenWindow
</UL>
<BR>[Called By]<UL><LI><a href="#[b5]">&gt;&gt;</a>&nbsp;&nbsp;&nbsp;ILI9341_GetPointPixel
<LI><a href="#[b2]">&gt;&gt;</a>&nbsp;&nbsp;&nbsp;ILI9341_SetPointPixel
</UL>

<P><STRONG><a name="[b1]"></a>ILI9341_FillColor</STRONG> (Thumb, 32 bytes, Stack size 16 bytes, bsp_ili9341_lcd.o(.text))
<BR><BR>[Stack]<UL><LI>Max Depth = 16<LI>Call Chain = ILI9341_FillColor
</UL>
<BR>[Calls]<UL><LI><a href="#[ab]">&gt;&gt;</a>&nbsp;&nbsp;&nbsp;ILI9341_Write_Data
<LI><a href="#[aa]">&gt;&gt;</a>&nbsp;&nbsp;&nbsp;ILI9341_Write_Cmd
</UL>
<BR>[Called By]<UL><LI><a href="#[b7]">&gt;&gt;</a>&nbsp;&nbsp;&nbsp;ILI9341_DrawRectangle
<LI><a href="#[b2]">&gt;&gt;</a>&nbsp;&nbsp;&nbsp;ILI9341_SetPointPixel
<LI><a href="#[68]">&gt;&gt;</a>&nbsp;&nbsp;&nbsp;ILI9341_Clear
</UL>

<P><STRONG><a name="[b3]"></a>ILI9341_Read_PixelData</STRONG> (Thumb, 54 bytes, Stack size 16 bytes, bsp_ili9341_lcd.o(.text), UNUSED)
<BR><BR>[Calls]<UL><LI><a href="#[aa]">&gt;&gt;</a>&nbsp;&nbsp;&nbsp;ILI9341_Write_Cmd
<LI><a href="#[b4]">&gt;&gt;</a>&nbsp;&nbsp;&nbsp;ILI9341_Read_Data
</UL>
<BR>[Called By]<UL><LI><a href="#[b5]">&gt;&gt;</a>&nbsp;&nbsp;&nbsp;ILI9341_GetPointPixel
</UL>

<P><STRONG><a name="[c7]"></a>SPI_TIMEOUT_UserCallback</STRONG> (Thumb, 16 bytes, Stack size 8 bytes, flash.o(.text))
<BR><BR>[Stack]<UL><LI>Max Depth = 32<LI>Call Chain = SPI_TIMEOUT_UserCallback &rArr; __2printf
</UL>
<BR>[Calls]<UL><LI><a href="#[78]">&gt;&gt;</a>&nbsp;&nbsp;&nbsp;__2printf
</UL>
<BR>[Called By]<UL><LI><a href="#[d6]">&gt;&gt;</a>&nbsp;&nbsp;&nbsp;SPI_FLASH_SendHalfWord
<LI><a href="#[c8]">&gt;&gt;</a>&nbsp;&nbsp;&nbsp;SPI_FLASH_SendByte
</UL>

<P><STRONG><a name="[d9]"></a>DHT11_GPIO_Config</STRONG> (Thumb, 40 bytes, Stack size 8 bytes, dht11.o(.text))
<BR><BR>[Stack]<UL><LI>Max Depth = 32<LI>Call Chain = DHT11_GPIO_Config &rArr; GPIO_Init
</UL>
<BR>[Calls]<UL><LI><a href="#[91]">&gt;&gt;</a>&nbsp;&nbsp;&nbsp;RCC_APB2PeriphClockCmd
<LI><a href="#[92]">&gt;&gt;</a>&nbsp;&nbsp;&nbsp;GPIO_Init
</UL>
<BR>[Called By]<UL><LI><a href="#[6f]">&gt;&gt;</a>&nbsp;&nbsp;&nbsp;DHT11_Init
</UL>

<P><STRONG><a name="[da]"></a>DHT11_Mode_IPU</STRONG> (Thumb, 26 bytes, Stack size 8 bytes, dht11.o(.text))
<BR><BR>[Stack]<UL><LI>Max Depth = 32<LI>Call Chain = DHT11_Mode_IPU &rArr; GPIO_Init
</UL>
<BR>[Calls]<UL><LI><a href="#[92]">&gt;&gt;</a>&nbsp;&nbsp;&nbsp;GPIO_Init
</UL>
<BR>[Called By]<UL><LI><a href="#[7d]">&gt;&gt;</a>&nbsp;&nbsp;&nbsp;DHT11_Read_TempAndHumidity
</UL>

<P><STRONG><a name="[db]"></a>DHT11_Mode_Out_PP</STRONG> (Thumb, 32 bytes, Stack size 8 bytes, dht11.o(.text))
<BR><BR>[Stack]<UL><LI>Max Depth = 32<LI>Call Chain = DHT11_Mode_Out_PP &rArr; GPIO_Init
</UL>
<BR>[Calls]<UL><LI><a href="#[92]">&gt;&gt;</a>&nbsp;&nbsp;&nbsp;GPIO_Init
</UL>
<BR>[Called By]<UL><LI><a href="#[7d]">&gt;&gt;</a>&nbsp;&nbsp;&nbsp;DHT11_Read_TempAndHumidity
</UL>

<P><STRONG><a name="[dc]"></a>DHT11_ReadByte</STRONG> (Thumb, 96 bytes, Stack size 16 bytes, dht11.o(.text))
<BR><BR>[Stack]<UL><LI>Max Depth = 32<LI>Call Chain = DHT11_ReadByte &rArr; CPU_TS_Tmr_Delay_US
</UL>
<BR>[Calls]<UL><LI><a href="#[dd]">&gt;&gt;</a>&nbsp;&nbsp;&nbsp;GPIO_ReadInputDataBit
<LI><a href="#[de]">&gt;&gt;</a>&nbsp;&nbsp;&nbsp;CPU_TS_Tmr_Delay_US
</UL>
<BR>[Called By]<UL><LI><a href="#[7d]">&gt;&gt;</a>&nbsp;&nbsp;&nbsp;DHT11_Read_TempAndHumidity
</UL>

<P><STRONG><a name="[e0]"></a>NVIC_Configuration</STRONG> (Thumb, 50 bytes, Stack size 8 bytes, bsp_exti.o(.text))
<BR><BR>[Stack]<UL><LI>Max Depth = 24<LI>Call Chain = NVIC_Configuration &rArr; NVIC_Init
</UL>
<BR>[Calls]<UL><LI><a href="#[e2]">&gt;&gt;</a>&nbsp;&nbsp;&nbsp;NVIC_Init
<LI><a href="#[e1]">&gt;&gt;</a>&nbsp;&nbsp;&nbsp;NVIC_PriorityGroupConfig
</UL>
<BR>[Called By]<UL><LI><a href="#[6e]">&gt;&gt;</a>&nbsp;&nbsp;&nbsp;EXTI_Key_Config
</UL>

<P><STRONG><a name="[102]"></a>ESP8266_USART_NVIC_Configuration</STRONG> (Thumb, 42 bytes, Stack size 8 bytes, bsp_esp8266.o(.text))
<BR><BR>[Stack]<UL><LI>Max Depth = 24<LI>Call Chain = ESP8266_USART_NVIC_Configuration &rArr; NVIC_Init
</UL>
<BR>[Calls]<UL><LI><a href="#[e2]">&gt;&gt;</a>&nbsp;&nbsp;&nbsp;NVIC_Init
<LI><a href="#[e1]">&gt;&gt;</a>&nbsp;&nbsp;&nbsp;NVIC_PriorityGroupConfig
</UL>
<BR>[Called By]<UL><LI><a href="#[103]">&gt;&gt;</a>&nbsp;&nbsp;&nbsp;ESP8266_USART_Config
</UL>

<P><STRONG><a name="[103]"></a>ESP8266_USART_Config</STRONG> (Thumb, 148 bytes, Stack size 24 bytes, bsp_esp8266.o(.text))
<BR><BR>[Stack]<UL><LI>Max Depth = 92<LI>Call Chain = ESP8266_USART_Config &rArr; USART_Init &rArr; RCC_GetClocksFreq
</UL>
<BR>[Calls]<UL><LI><a href="#[65]">&gt;&gt;</a>&nbsp;&nbsp;&nbsp;USART_Init
<LI><a href="#[e9]">&gt;&gt;</a>&nbsp;&nbsp;&nbsp;RCC_APB1PeriphClockCmd
<LI><a href="#[91]">&gt;&gt;</a>&nbsp;&nbsp;&nbsp;RCC_APB2PeriphClockCmd
<LI><a href="#[92]">&gt;&gt;</a>&nbsp;&nbsp;&nbsp;GPIO_Init
<LI><a href="#[102]">&gt;&gt;</a>&nbsp;&nbsp;&nbsp;ESP8266_USART_NVIC_Configuration
<LI><a href="#[104]">&gt;&gt;</a>&nbsp;&nbsp;&nbsp;USART_ITConfig
<LI><a href="#[9e]">&gt;&gt;</a>&nbsp;&nbsp;&nbsp;USART_Cmd
</UL>
<BR>[Called By]<UL><LI><a href="#[71]">&gt;&gt;</a>&nbsp;&nbsp;&nbsp;ESP8266_Init
</UL>

<P><STRONG><a name="[105]"></a>ESP8266_GPIO_Config</STRONG> (Thumb, 64 bytes, Stack size 8 bytes, bsp_esp8266.o(.text))
<BR><BR>[Stack]<UL><LI>Max Depth = 32<LI>Call Chain = ESP8266_GPIO_Config &rArr; GPIO_Init
</UL>
<BR>[Calls]<UL><LI><a href="#[91]">&gt;&gt;</a>&nbsp;&nbsp;&nbsp;RCC_APB2PeriphClockCmd
<LI><a href="#[92]">&gt;&gt;</a>&nbsp;&nbsp;&nbsp;GPIO_Init
</UL>
<BR>[Called By]<UL><LI><a href="#[71]">&gt;&gt;</a>&nbsp;&nbsp;&nbsp;ESP8266_Init
</UL>

<P><STRONG><a name="[10e]"></a>itoa</STRONG> (Thumb, 98 bytes, Stack size 20 bytes, common.o(.text))
<BR><BR>[Stack]<UL><LI>Max Depth = 20<LI>Call Chain = itoa
</UL>
<BR>[Called By]<UL><LI><a href="#[108]">&gt;&gt;</a>&nbsp;&nbsp;&nbsp;USART_printf
</UL>

<P><STRONG><a name="[11a]"></a>_printf_core</STRONG> (Thumb, 748 bytes, Stack size 96 bytes, printf6.o(i._printf_core), UNUSED)
<BR><BR>[Calls]<UL><LI><a href="#[11d]">&gt;&gt;</a>&nbsp;&nbsp;&nbsp;__aeabi_uidivmod
<LI><a href="#[11c]">&gt;&gt;</a>&nbsp;&nbsp;&nbsp;_printf_pre_padding
<LI><a href="#[11e]">&gt;&gt;</a>&nbsp;&nbsp;&nbsp;_printf_post_padding
</UL>
<BR>[Called By]<UL><LI><a href="#[11b]">&gt;&gt;</a>&nbsp;&nbsp;&nbsp;__0sprintf$6
<LI><a href="#[119]">&gt;&gt;</a>&nbsp;&nbsp;&nbsp;__0printf$6
</UL>

<P><STRONG><a name="[11e]"></a>_printf_post_padding</STRONG> (Thumb, 36 bytes, Stack size 24 bytes, printf6.o(i._printf_post_padding), UNUSED)
<BR><BR>[Called By]<UL><LI><a href="#[11a]">&gt;&gt;</a>&nbsp;&nbsp;&nbsp;_printf_core
</UL>

<P><STRONG><a name="[11c]"></a>_printf_pre_padding</STRONG> (Thumb, 46 bytes, Stack size 24 bytes, printf6.o(i._printf_pre_padding), UNUSED)
<BR><BR>[Called By]<UL><LI><a href="#[11a]">&gt;&gt;</a>&nbsp;&nbsp;&nbsp;_printf_core
</UL>

<P><STRONG><a name="[4e]"></a>_sputc</STRONG> (Thumb, 10 bytes, Stack size 0 bytes, printf6.o(i._sputc))
<BR><BR>[Called By]<UL><LI><a href="#[11b]">&gt;&gt;</a>&nbsp;&nbsp;&nbsp;__0sprintf$6
</UL>
<BR>[Address Reference Count : 1]<UL><LI> printf6.o(i.__0sprintf$6)
</UL>
<P><STRONG><a name="[4b]"></a>_scanf_char_input</STRONG> (Thumb, 12 bytes, Stack size 0 bytes, scanf_char.o(.text))
<BR>[Address Reference Count : 1]<UL><LI> scanf_char.o(.text)
</UL><P>
<H3>
Undefined Global Symbols
</H3><HR></body></html>
