Component: ARM Compiler 5.06 update 6 (build 750) Tool: armlink [4d35ed]

==============================================================================

Section Cross References

    startup_stm32f10x_hd.o(RESET) refers to startup_stm32f10x_hd.o(STACK) for __initial_sp
    startup_stm32f10x_hd.o(RESET) refers to startup_stm32f10x_hd.o(.text) for Reset_Handler
    startup_stm32f10x_hd.o(RESET) refers to stm32f10x_it.o(.text) for NMI_Handler
    startup_stm32f10x_hd.o(.text) refers to system_stm32f10x.o(.text) for SystemInit
    startup_stm32f10x_hd.o(.text) refers to entry.o(.ARM.Collect$$$$00000000) for __main
    system_stm32f10x.o(.text) refers to system_stm32f10x.o(.data) for SystemCoreClock
    stm32f10x_adc.o(.text) refers to stm32f10x_rcc.o(.text) for RCC_APB2PeriphResetCmd
    stm32f10x_bkp.o(.text) refers to stm32f10x_rcc.o(.text) for RCC_BackupResetCmd
    stm32f10x_can.o(.text) refers to stm32f10x_rcc.o(.text) for RCC_APB1PeriphResetCmd
    stm32f10x_cec.o(.text) refers to stm32f10x_rcc.o(.text) for RCC_APB1PeriphResetCmd
    stm32f10x_dac.o(.text) refers to stm32f10x_rcc.o(.text) for RCC_APB1PeriphResetCmd
    stm32f10x_gpio.o(.text) refers to stm32f10x_rcc.o(.text) for RCC_APB2PeriphResetCmd
    stm32f10x_i2c.o(.text) refers to stm32f10x_rcc.o(.text) for RCC_APB1PeriphResetCmd
    stm32f10x_pwr.o(.text) refers to stm32f10x_rcc.o(.text) for RCC_APB1PeriphResetCmd
    stm32f10x_rcc.o(.text) refers to stm32f10x_rcc.o(.data) for APBAHBPrescTable
    stm32f10x_spi.o(.text) refers to stm32f10x_rcc.o(.text) for RCC_APB2PeriphResetCmd
    stm32f10x_tim.o(.text) refers to stm32f10x_rcc.o(.text) for RCC_APB2PeriphResetCmd
    stm32f10x_usart.o(.text) refers to stm32f10x_rcc.o(.text) for RCC_APB2PeriphResetCmd
    stm32f10x_wwdg.o(.text) refers to stm32f10x_rcc.o(.text) for RCC_APB1PeriphResetCmd
    main.o(.text) refers to bsp_ili9341_lcd.o(.text) for ILI9341_Init
    main.o(.text) refers to bsp_led.o(.text) for LED_GPIO_Config
    main.o(.text) refers to bsp_systick.o(.text) for SysTick_Init
    main.o(.text) refers to bsp_usart.o(.text) for USART_Config
    main.o(.text) refers to bsp_i2c.o(.text) for i2c_GPIO_Config
    main.o(.text) refers to mpu6050.o(.text) for MPU6050_Init
    main.o(.text) refers to bsp_exti.o(.text) for EXTI_Key_Config
    main.o(.text) refers to dht11.o(.text) for DHT11_Init
    main.o(.text) refers to delay.o(.text) for CPU_TS_TmrInit
    main.o(.text) refers to bsp_esp8266.o(.text) for ESP8266_Init
    main.o(.text) refers to bsp_esp8266_test.o(.text) for ESP8266_StaTcpClient_Unvarnish_ConfigTest
    main.o(.text) refers to bsp_beep.o(.text) for BEEP_GPIO_Config
    main.o(.text) refers to bsp_key.o(.text) for Key_GPIO_Config
    main.o(.text) refers to rtc.o(.text) for RTC_NVIC_Config
    main.o(.text) refers to printf6.o(i.__0printf$6) for __2printf
    main.o(.text) refers to stm32f10x_rtc.o(.text) for RTC_GetCounter
    main.o(.text) refers to printf6.o(i.__0sprintf$6) for __2sprintf
    main.o(.text) refers to stm32f10x_gpio.o(.text) for GPIO_SetBits
    main.o(.text) refers to main.o(.data) for systmtime
    main.o(.text) refers to rtc.o(.data) for TimeDisplay
    main.o(.text) refers to main.o(.bss) for dispBuff
    main.o(.text) refers to stm32f10x_it.o(.data) for waring_tem
    stm32f10x_it.o(.text) refers to mpu6050.o(.text) for MPU6050ReadAcc
    stm32f10x_it.o(.text) refers to stm32f10x_rtc.o(.text) for RTC_GetITStatus
    stm32f10x_it.o(.text) refers to stm32f10x_usart.o(.text) for USART_GetITStatus
    stm32f10x_it.o(.text) refers to strstr.o(.text) for strstr
    stm32f10x_it.o(.text) refers to stm32f10x_exti.o(.text) for EXTI_GetITStatus
    stm32f10x_it.o(.text) refers to rtc.o(.text) for Time_Regulate_Get
    stm32f10x_it.o(.text) refers to stm32f10x_bkp.o(.text) for BKP_WriteBackupRegister
    stm32f10x_it.o(.text) refers to stm32f10x_it.o(.data) for Task_Delay_Group
    stm32f10x_it.o(.text) refers to main.o(.data) for Accel
    stm32f10x_it.o(.text) refers to rtc.o(.data) for TimeDisplay
    stm32f10x_it.o(.text) refers to bsp_esp8266.o(.bss) for strUSART_Fram_Record
    stm32f10x_it.o(.text) refers to bsp_esp8266_test.o(.data) for ucTcpClosedFlag
    bsp_led.o(.text) refers to stm32f10x_rcc.o(.text) for RCC_APB2PeriphClockCmd
    bsp_led.o(.text) refers to stm32f10x_gpio.o(.text) for GPIO_Init
    bsp_systick.o(.text) refers to system_stm32f10x.o(.data) for SystemCoreClock
    mpu6050.o(.text) refers to bsp_i2c.o(.text) for i2c_Start
    mpu6050.o(.text) refers to printf6.o(i.__0printf$6) for __2printf
    mpu6050.o(.text) refers to mpu6050.o(.conststring) for .conststring
    bsp_i2c.o(.text) refers to stm32f10x_rcc.o(.text) for RCC_APB2PeriphClockCmd
    bsp_i2c.o(.text) refers to stm32f10x_gpio.o(.text) for GPIO_Init
    bsp_usart.o(.text) refers to stm32f10x_rcc.o(.text) for RCC_APB2PeriphClockCmd
    bsp_usart.o(.text) refers to stm32f10x_gpio.o(.text) for GPIO_Init
    bsp_usart.o(.text) refers to stm32f10x_usart.o(.text) for USART_Init
[...]
    printfa.o(i.__0vprintf) refers to stdout.o(.data) for __stdout
    printfa.o(i.__0vsnprintf) refers (Special) to iusefp.o(.text) for __I$use$fp
    printfa.o(i.__0vsnprintf) refers to printfa.o(i._printf_core) for _printf_core
    printfa.o(i.__0vsnprintf) refers to printfa.o(i._snputc) for _snputc
    printfa.o(i.__0vsprintf) refers (Special) to iusefp.o(.text) for __I$use$fp
    printfa.o(i.__0vsprintf) refers to printfa.o(i._printf_core) for _printf_core
    printfa.o(i.__0vsprintf) refers to printfa.o(i._sputc) for _sputc
    printfa.o(i._fp_digits) refers (Special) to iusefp.o(.text) for __I$use$fp
    printfa.o(i._fp_digits) refers to dmul.o(.text) for __aeabi_dmul
    printfa.o(i._fp_digits) refers to ddiv.o(.text) for __aeabi_ddiv
    printfa.o(i._fp_digits) refers to cdrcmple.o(.text) for __aeabi_cdrcmple
    printfa.o(i._fp_digits) refers to dadd.o(.text) for __aeabi_dadd
    printfa.o(i._fp_digits) refers to dfixul.o(.text) for __aeabi_d2ulz
    printfa.o(i._fp_digits) refers to uldiv.o(.text) for __aeabi_uldivmod
    printfa.o(i._printf_core) refers (Special) to iusefp.o(.text) for __I$use$fp
    printfa.o(i._printf_core) refers to printfa.o(i._printf_pre_padding) for _printf_pre_padding
    printfa.o(i._printf_core) refers to uldiv.o(.text) for __aeabi_uldivmod
    printfa.o(i._printf_core) refers to printfa.o(i._printf_post_padding) for _printf_post_padding
    printfa.o(i._printf_core) refers to printfa.o(i._fp_digits) for _fp_digits
    printfa.o(i._printf_core) refers to uidiv.o(.text) for __aeabi_uidivmod
    printfa.o(i._printf_post_padding) refers (Special) to iusefp.o(.text) for __I$use$fp
    printfa.o(i._printf_pre_padding) refers (Special) to iusefp.o(.text) for __I$use$fp
    printfa.o(i._snputc) refers (Special) to iusefp.o(.text) for __I$use$fp
    printfa.o(i._sputc) refers (Special) to iusefp.o(.text) for __I$use$fp
    __0scanf.o(.text) refers to scanf_char_file.o(.text) for __vfscanf_char_file
    __0scanf.o(.text) refers to stdin.o(.data) for __stdin
    _scanf_int.o(.text) refers to _chval.o(.text) for _chval
    entry2.o(.ARM.Collect$$$$00000001) refers to entry2.o(.ARM.Collect$$$$00002712) for __lit__00000000
    entry2.o(.ARM.Collect$$$$00002712) refers to startup_stm32f10x_hd.o(STACK) for __initial_sp
    entry2.o(__vectab_stack_and_reset_area) refers to startup_stm32f10x_hd.o(STACK) for __initial_sp
    entry2.o(__vectab_stack_and_reset_area) refers to entry.o(.ARM.Collect$$$$00000000) for __main
    entry5.o(.ARM.Collect$$$$00000004) refers to init.o(.text) for __scatterload
    entry9a.o(.ARM.Collect$$$$0000000B) refers to main.o(.text) for main
    entry9b.o(.ARM.Collect$$$$0000000C) refers to main.o(.text) for main
    uldiv.o(.text) refers to llushr.o(.text) for __aeabi_llsr
    uldiv.o(.text) refers to llshl.o(.text) for __aeabi_llsl
    scanf_char_file.o(.text) refers to scanf_char.o(.text) for __vfscanf_char
    scanf_char_file.o(.text) refers to bsp_usart.o(.text) for fgetc
    scanf_char_file.o(.text) refers to fgetc_b.o(.text) for __backspace
    dadd.o(.text) refers to llshl.o(.text) for __aeabi_llsl
    dadd.o(.text) refers to llsshr.o(.text) for __aeabi_lasr
    dadd.o(.text) refers to depilogue.o(.text) for _double_epilogue
    dmul.o(.text) refers to depilogue.o(.text) for _double_epilogue
    ddiv.o(.text) refers to depilogue.o(.text) for _double_round
    dfixul.o(.text) refers to llushr.o(.text) for __aeabi_llsr
    dfixul.o(.text) refers to llshl.o(.text) for __aeabi_llsl
    init.o(.text) refers to entry5.o(.ARM.Collect$$$$00000004) for __main_after_scatterload
    fgetc_b.o(.text) refers (Special) to iusesemig.o(.text) for __I$use$semihosting$fgetc
    fgetc_b.o(.text) refers (Special) to semi.o(.text) for __semihosting_library_function
    fgetc_b.o(.text) refers to fgetc_b.o(.data) for .data
    fgetc_b.o(.data) refers (Special) to iusesemig.o(.text) for __I$use$semihosting$fgetc
    fgetc_b.o(.data) refers (Special) to semi.o(.text) for __semihosting_library_function
    scanf_char.o(.text) refers to _scanf.o(.text) for __vfscanf
    scanf_char.o(.text) refers to isspace_c.o(.text) for isspace
    depilogue.o(.text) refers to llshl.o(.text) for __aeabi_llsl
    depilogue.o(.text) refers to llushr.o(.text) for __aeabi_llsr
    isspace_c.o(.text) refers to ctype_c.o(.text) for __ctype_lookup
    _scanf.o(.text) refers (Weak) to _scanf_int.o(.text) for _scanf_int
    ctype_c.o(.text) refers to ctype_c.o(.constdata) for .constdata


==============================================================================

Removing Unused input sections from the image.

    Removing startup_stm32f10x_hd.o(HEAP), (512 bytes).
    Removing core_cm3.o(.emb_text), (32 bytes).
    Removing stm32f10x_adc.o(.text), (1102 bytes).
    Removing stm32f10x_can.o(.text), (2544 bytes).
    Removing stm32f10x_cec.o(.text), (288 bytes).
    Removing stm32f10x_crc.o(.text), (72 bytes).
    Removing stm32f10x_dac.o(.text), (396 bytes).
    Removing stm32f10x_dbgmcu.o(.text), (48 bytes).
    Removing stm32f10x_dma.o(.text), (596 bytes).
    Removing stm32f10x_flash.o(.text), (1468 bytes).
    Removing stm32f10x_i2c.o(.text), (1028 bytes).
    Removing stm32f10x_iwdg.o(.text), (64 bytes).
    Removing stm32f10x_sdio.o(.text), (468 bytes).
    Removing stm32f10x_tim.o(.text), (3610 bytes).
    Removing stm32f10x_wwdg.o(.text), (136 bytes).
    Removing calendar.o(.constdata), (597 bytes).
    Removing dadd.o(.text), (334 bytes).
    Removing dmul.o(.text), (228 bytes).
    Removing ddiv.o(.text), (222 bytes).
    Removing dfixul.o(.text), (48 bytes).
    Removing cdrcmple.o(.text), (48 bytes).
    Removing depilogue.o(.text), (186 bytes).

22 unused section(s) (total 14027 bytes) removed from the image.

==============================================================================

Image Symbol Table

    Local Symbols

    Symbol Name                              Value     Ov Type        Size  Object(Section)

    ../clib/microlib/ctype/ctype.c           0x00000000   Number         0  ctype_c.o ABSOLUTE
    ../clib/microlib/ctype/ctype.c           0x00000000   Number         0  isspace_c.o ABSOLUTE
    ../clib/microlib/division.c              0x00000000   Number         0  uldiv.o ABSOLUTE
    ../clib/microlib/division.c              0x00000000   Number         0  uidiv.o ABSOLUTE
    ../clib/microlib/init/entry.s            0x00000000   Number         0  entry.o ABSOLUTE
    ../clib/microlib/init/entry.s            0x00000000   Number         0  entry8a.o ABSOLUTE
    ../clib/microlib/init/entry.s            0x00000000   Number         0  entry8b.o ABSOLUTE
    ../clib/microlib/init/entry.s            0x00000000   Number         0  entry9a.o ABSOLUTE
    ../clib/microlib/init/entry.s            0x00000000   Number         0  entry10b.o ABSOLUTE
    ../clib/microlib/init/entry.s            0x00000000   Number         0  entry9b.o ABSOLUTE
    ../clib/microlib/init/entry.s            0x00000000   Number         0  entry10a.o ABSOLUTE
    ../clib/microlib/init/entry.s            0x00000000   Number         0  entry11b.o ABSOLUTE
    ../clib/microlib/init/entry.s            0x00000000   Number         0  entry2.o ABSOLUTE
    ../clib/microlib/init/entry.s            0x00000000   Number         0  entry5.o ABSOLUTE
    ../clib/microlib/init/entry.s            0x00000000   Number         0  entry7a.o ABSOLUTE
    ../clib/microlib/init/entry.s            0x00000000   Number         0  entry11a.o ABSOLUTE
    ../clib/microlib/init/entry.s            0x00000000   Number         0  entry7b.o ABSOLUTE
    ../clib/microlib/longlong.c              0x00000000   Number         0  llushr.o ABSOLUTE
    ../clib/microlib/longlong.c              0x00000000   Number         0  llsshr.o ABSOLUTE
    ../clib/microlib/longlong.c              0x00000000   Number         0  llshl.o ABSOLUTE
    ../clib/microlib/printf/printf.c         0x00000000   Number         0  printfa.o ABSOLUTE
    ../clib/microlib/printf/printf.c         0x00000000   Number         0  printf8.o ABSOLUTE
    ../clib/microlib/printf/printf.c         0x00000000   Number         0  printf4.o ABSOLUTE
    ../clib/microlib/printf/printf.c         0x00000000   Number         0  printf1.o ABSOLUTE
    ../clib/microlib/printf/printf.c         0x00000000   Number         0  printf0.o ABSOLUTE
    ../clib/microlib/printf/printf.c         0x00000000   Number         0  printf5.o ABSOLUTE
    ../clib/microlib/printf/printf.c         0x00000000   Number         0  printf6.o ABSOLUTE
    ../clib/microlib/printf/printf.c         0x00000000   Number         0  printf2.o ABSOLUTE
    ../clib/microlib/printf/printf.c         0x00000000   Number         0  printfb.o ABSOLUTE
    ../clib/microlib/printf/printf.c         0x00000000   Number         0  printf3.o ABSOLUTE
    ../clib/microlib/printf/printf.c         0x00000000   Number         0  printf7.o ABSOLUTE
    ../clib/microlib/printf/stubs.s          0x00000000   Number         0  stubs.o ABSOLUTE
    ../clib/microlib/stdio/fgetc.c           0x00000000   Number         0  fgetc_b.o ABSOLUTE
    ../clib/microlib/stdio/semi.s            0x00000000   Number         0  semi.o ABSOLUTE
    ../clib/microlib/stdio/streams.c         0x00000000   Number         0  stdin.o ABSOLUTE
    ../clib/microlib/stdio/streams.c         0x00000000   Number         0  stdout.o ABSOLUTE
    ../clib/microlib/string/memcpy.c         0x00000000   Number         0  memcpya.o ABSOLUTE
    ../clib/microlib/string/memcpy.c         0x00000000   Number         0  memcpyb.o ABSOLUTE
    ../clib/microlib/string/memset.c         0x00000000   Number         0  memseta.o ABSOLUTE
    ../clib/microlib/string/strstr.c         0x00000000   Number         0  strstr.o ABSOLUTE
    ../clib/microlib/stubs.s                 0x00000000   Number         0  iusefp.o ABSOLUTE
    ../clib/microlib/stubs.s                 0x00000000   Number         0  iusesemig.o ABSOLUTE
    ../clib/scanf.c                          0x00000000   Number         0  scanf_char_file.o ABSOLUTE
    ../clib/scanf.c                          0x00000000   Number         0  _chval.o ABSOLUTE
    ../clib/scanf.c                          0x00000000   Number         0  _scanf_int.o ABSOLUTE
    ../clib/scanf.c                          0x00000000   Number         0  __0scanf.o ABSOLUTE
    ../clib/scanf.c                          0x00000000   Number         0  _scanf.o ABSOLUTE
    ../clib/scanf.c                          0x00000000   Number         0  scanf_char.o ABSOLUTE
    ../fplib/microlib/fpadd.c                0x00000000   Number         0  dadd.o ABSOLUTE
    ../fplib/microlib/fpdiv.c                0x00000000   Number         0  ddiv.o ABSOLUTE
    ../fplib/microlib/fpepilogue.c           0x00000000   Number         0  depilogue.o ABSOLUTE
    ../fplib/microlib/fpfix.c                0x00000000   Number         0  dfixul.o ABSOLUTE
    ../fplib/microlib/fpmul.c                0x00000000   Number         0  dmul.o ABSOLUTE
    ..\..\Libraries\CMSIS\core_cm3.c         0x00000000   Number         0  core_cm3.o ABSOLUTE
    ..\..\Libraries\CMSIS\startup\startup_stm32f10x_hd.s 0x00000000   Number         0  startup_stm32f10x_hd.o ABSOLUTE
    ..\..\Libraries\CMSIS\system_stm32f10x.c 0x00000000   Number         0  system_stm32f10x.o ABSOLUTE
    ..\..\Libraries\FWlib\src\misc.c         0x00000000   Number         0  misc.o ABSOLUTE
    ..\..\Libraries\FWlib\src\stm32f10x_adc.c 0x00000000   Number         0  stm32f10x_adc.o ABSOLUTE
    ..\..\Libraries\FWlib\src\stm32f10x_bkp.c 0x00000000   Number         0  stm32f10x_bkp.o ABSOLUTE
    ..\..\Libraries\FWlib\src\stm32f10x_can.c 0x00000000   Number         0  stm32f10x_can.o ABSOLUTE
    ..\..\Libraries\FWlib\src\stm32f10x_cec.c 0x00000000   Number         0  stm32f10x_cec.o ABSOLUTE
    ..\..\Libraries\FWlib\src\stm32f10x_crc.c 0x00000000   Number         0  stm32f10x_crc.o ABSOLUTE
    ..\..\Libraries\FWlib\src\stm32f10x_dac.c 0x00000000   Number         0  stm32f10x_dac.o ABSOLUTE
    ..\..\Libraries\FWlib\src\stm32f10x_dbgmcu.c 0x00000000   Number         0  stm32f10x_dbgmcu.o ABSOLUTE
    ..\..\Libraries\FWlib\src\stm32f10x_dma.c 0x00000000   Number         0  stm32f10x_dma.o ABSOLUTE
    ..\..\Libraries\FWlib\src\stm32f10x_exti.c 0x00000000   Number         0  stm32f10x_exti.o ABSOLUTE
    ..\..\Libraries\FWlib\src\stm32f10x_flash.c 0x00000000   Number         0  stm32f10x_flash.o ABSOLUTE
    ..\..\Libraries\FWlib\src\stm32f10x_fsmc.c 0x00000000   Number         0  stm32f10x_fsmc.o ABSOLUTE
    ..\..\Libraries\FWlib\src\stm32f10x_gpio.c 0x00000000   Number         0  stm32f10x_gpio.o ABSOLUTE
    ..\..\Libraries\FWlib\src\stm32f10x_i2c.c 0x00000000   Number         0  stm32f10x_i2c.o ABSOLUTE
    ..\..\Libraries\FWlib\src\stm32f10x_iwdg.c 0x00000000   Number         0  stm32f10x_iwdg.o ABSOLUTE
    ..\..\Libraries\FWlib\src\stm32f10x_pwr.c 0x00000000   Number         0  stm32f10x_pwr.o ABSOLUTE
    ..\..\Libraries\FWlib\src\stm32f10x_rcc.c 0x00000000   Number         0  stm32f10x_rcc.o ABSOLUTE
    ..\..\Libraries\FWlib\src\stm32f10x_rtc.c 0x00000000   Number         0  stm32f10x_rtc.o ABSOLUTE
    ..\..\Libraries\FWlib\src\stm32f10x_sdio.c 0x00000000   Number         0  stm32f10x_sdio.o ABSOLUTE
    ..\..\Libraries\FWlib\src\stm32f10x_spi.c 0x00000000   Number         0  stm32f10x_spi.o ABSOLUTE
    ..\..\Libraries\FWlib\src\stm32f10x_tim.c 0x00000000   Number         0  stm32f10x_tim.o ABSOLUTE
    ..\..\Libraries\FWlib\src\stm32f10x_usart.c 0x00000000   Number         0  stm32f10x_usart.o ABSOLUTE
    ..\..\Libraries\FWlib\src\stm32f10x_wwdg.c 0x00000000   Number         0  stm32f10x_wwdg.o ABSOLUTE
    ..\..\User\Common\Common.c               0x00000000   Number         0  common.o ABSOLUTE
    ..\..\User\ESP8266\bsp_esp8266.c         0x00000000   Number         0  bsp_esp8266.o ABSOLUTE
    ..\..\User\ESP8266\bsp_esp8266_test.c    0x00000000   Number         0  bsp_esp8266_test.o ABSOLUTE
    ..\..\User\Key\bsp_key.c                 0x00000000   Number         0  bsp_key.o ABSOLUTE
    ..\..\User\Led\bsp_led.c                 0x00000000   Number         0  bsp_led.o ABSOLUTE
    ..\..\User\SysTick\bsp_SysTick.c         0x00000000   Number         0  bsp_systick.o ABSOLUTE
    ..\..\User\beep\bsp_beep.c               0x00000000   Number         0  bsp_beep.o ABSOLUTE
    ..\..\User\calendar\calendar.c           0x00000000   Number         0  calendar.o ABSOLUTE
    ..\..\User\date\date.c                   0x00000000   Number         0  date.o ABSOLUTE
    ..\..\User\delay\delay.c                 0x00000000   Number         0  delay.o ABSOLUTE
    ..\..\User\dht11\dht11.c                 0x00000000   Number         0  dht11.o ABSOLUTE
    ..\..\User\exti\bsp_exti.c               0x00000000   Number         0  bsp_exti.o ABSOLUTE
    ..\..\User\flash\flash.c                 0x00000000   Number         0  flash.o ABSOLUTE
    ..\..\User\font\fonts.c                  0x00000000   Number         0  fonts.o ABSOLUTE
    ..\..\User\i2c\bsp_i2c.c                 0x00000000   Number         0  bsp_i2c.o ABSOLUTE
    ..\..\User\lcd\bsp_ili9341_lcd.c         0x00000000   Number         0  bsp_ili9341_lcd.o ABSOLUTE
    ..\..\User\main.c                        0x00000000   Number         0  main.o ABSOLUTE
    ..\..\User\mpu6050\mpu6050.c             0x00000000   Number         0  mpu6050.o ABSOLUTE
    ..\..\User\rtc\rtc.c                     0x00000000   Number         0  rtc.o ABSOLUTE
    ..\..\User\stm32f10x_it.c                0x00000000   Number         0  stm32f10x_it.o ABSOLUTE
    ..\..\User\usart\bsp_usart.c             0x00000000   Number         0  bsp_usart.o ABSOLUTE
    ..\\..\\Libraries\\CMSIS\\core_cm3.c     0x00000000   Number         0  core_cm3.o ABSOLUTE
    cdrcmple.s                               0x00000000   Number         0  cdrcmple.o ABSOLUTE
    dc.s                                     0x00000000   Number         0  dc.o ABSOLUTE
    handlers.s                               0x00000000   Number         0  handlers.o ABSOLUTE
    init.s                                   0x00000000   Number         0  init.o ABSOLUTE
    RESET                                    0x08000000   Section      304  startup_stm32f10x_hd.o(RESET)
    .ARM.Collect$$$$00000000                 0x08000130   Section        0  entry.o(.ARM.Collect$$$$00000000)
    .ARM.Collect$$$$00000001                 0x08000130   Section        4  entry2.o(.ARM.Collect$$$$00000001)
    .ARM.Collect$$$$00000004                 0x08000134   Section        4  entry5.o(.ARM.Collect$$$$00000004)
    .ARM.Collect$$$$00000008                 0x08000138   Section        0  entry7b.o(.ARM.Collect$$$$00000008)
    .ARM.Collect$$$$0000000A                 0x08000138   Section        0  entry8b.o(.ARM.Collect$$$$0000000A)
    .ARM.Collect$$$$0000000B                 0x08000138   Section        8  entry9a.o(.ARM.Collect$$$$0000000B)
    .ARM.Collect$$$$0000000D                 0x08000140   Section        0  entry10a.o(.ARM.Collect$$$$0000000D)
    .ARM.Collect$$$$0000000F                 0x08000140   Section        0  entry11a.o(.ARM.Collect$$$$0000000F)
    .ARM.Collect$$$$00002712                 0x08000140   Section        4  entry2.o(.ARM.Collect$$$$00002712)
    __lit__00000000                          0x08000140   Data           4  entry2.o(.ARM.Collect$$$$00002712)
    .text                                    0x08000144   Section       36  startup_stm32f10x_hd.o(.text)
    .text                                    0x08000168   Section        0  system_stm32f10x.o(.text)
    SetSysClockTo72                          0x08000169   Thumb Code   214  system_stm32f10x.o(.text)
    SetSysClock                              0x0800023f   Thumb Code     8  system_stm32f10x.o(.text)
    .text                                    0x08000348   Section        0  misc.o(.text)
    .text                                    0x08000424   Section        0  stm32f10x_bkp.o(.text)
    .text                                    0x080004e8   Section        0  stm32f10x_exti.o(.text)
    .text                                    0x08000604   Section        0  stm32f10x_fsmc.o(.text)
    .text                                    0x08000c10   Section        0  stm32f10x_gpio.o(.text)
    .text                                    0x08000f6c   Section        0  stm32f10x_pwr.o(.text)
    .text                                    0x08001038   Section        0  stm32f10x_rcc.o(.text)
    .text                                    0x080013dc   Section        0  stm32f10x_rtc.o(.text)
    .text                                    0x08001524   Section        0  stm32f10x_spi.o(.text)
    .text                                    0x08001830   Section        0  stm32f10x_usart.o(.text)
    .text                                    0x08001c38   Section        0  main.o(.text)
    .text                                    0x08001f30   Section        0  stm32f10x_it.o(.text)
    .text                                    0x08002130   Section        0  bsp_led.o(.text)
    .text                                    0x08002190   Section        0  bsp_systick.o(.text)
    .text                                    0x08002208   Section        0  mpu6050.o(.text)
    .text                                    0x080023a0   Section        0  bsp_i2c.o(.text)
    i2c_Delay                                0x080023a1   Thumb Code    14  bsp_i2c.o(.text)
    .text                                    0x08002578   Section        0  bsp_usart.o(.text)
    .text                                    0x08002634   Section        0  fonts.o(.text)
    .text                                    0x08002688   Section        0  bsp_ili9341_lcd.o(.text)
    ILI9341_Delay                            0x08002689   Thumb Code    18  bsp_ili9341_lcd.o(.text)
    ILI9341_GPIO_Config                      0x0800269b   Thumb Code   398  bsp_ili9341_lcd.o(.text)
    ILI9341_FSMC_Config                      0x08002829   Thumb Code    94  bsp_ili9341_lcd.o(.text)
    ILI9341_REG_Config                       0x08002887   Thumb Code   570  bsp_ili9341_lcd.o(.text)
    ILI9341_SetCursor                        0x08002c31   Thumb Code    20  bsp_ili9341_lcd.o(.text)
    ILI9341_FillColor                        0x08002c45   Thumb Code    32  bsp_ili9341_lcd.o(.text)
    ILI9341_Read_PixelData                   0x08002cb7   Thumb Code    54  bsp_ili9341_lcd.o(.text)
    .text                                    0x080037f4   Section        0  flash.o(.text)
    SPI_TIMEOUT_UserCallback                 0x080038a7   Thumb Code    16  flash.o(.text)
    .text                                    0x08003d70   Section        0  dht11.o(.text)
    DHT11_GPIO_Config                        0x08003d71   Thumb Code    40  dht11.o(.text)
    DHT11_Mode_IPU                           0x08003dab   Thumb Code    26  dht11.o(.text)
    DHT11_Mode_Out_PP                        0x08003dc5   Thumb Code    32  dht11.o(.text)
    DHT11_ReadByte                           0x08003de5   Thumb Code    96  dht11.o(.text)
    .text                                    0x08003ef0   Section        0  delay.o(.text)
    .text                                    0x08003f70   Section        0  bsp_exti.o(.text)
    NVIC_Configuration                       0x08003f71   Thumb Code    50  bsp_exti.o(.text)
    .text                                    0x08004030   Section        0  bsp_beep.o(.text)
    .text                                    0x08004068   Section        0  date.o(.text)
    .text                                    0x08004244   Section        0  rtc.o(.text)
    .text                                    0x080047dc   Section        0  bsp_key.o(.text)
    .text                                    0x08004844   Section        0  bsp_esp8266_test.o(.text)
    .text                                    0x08004bf4   Section        0  bsp_esp8266.o(.text)
    ESP8266_USART_NVIC_Configuration         0x08004bf5   Thumb Code    42  bsp_esp8266.o(.text)
    ESP8266_USART_Config                     0x08004c1f   Thumb Code   148  bsp_esp8266.o(.text)
    ESP8266_GPIO_Config                      0x08004cb3   Thumb Code    64  bsp_esp8266.o(.text)
    .text                                    0x08005440   Section        0  common.o(.text)
    itoa                                     0x08005441   Thumb Code    98  common.o(.text)
    .text                                    0x080055a8   Section        0  memcpya.o(.text)
    .text                                    0x080055cc   Section        0  memseta.o(.text)
    .text                                    0x080055f0   Section        0  strstr.o(.text)
    .text                                    0x08005614   Section        0  __0scanf.o(.text)
    .text                                    0x08005634   Section        0  _scanf_int.o(.text)
    .text                                    0x08005780   Section        0  uidiv.o(.text)
    .text                                    0x080057ac   Section        0  _chval.o(.text)
    .text                                    0x080057c8   Section        0  scanf_char_file.o(.text)
    .text                                    0x080057dc   Section       36  init.o(.text)
    .text                                    0x08005800   Section        0  fgetc_b.o(.text)
    .text                                    0x0800582c   Section        0  scanf_char.o(.text)
    _scanf_char_input                        0x0800582d   Thumb Code    12  scanf_char.o(.text)
    .text                                    0x08005854   Section        0  semi.o(.text)
    .text                                    0x08005854   Section        0  isspace_c.o(.text)
    .text                                    0x08005860   Section        0  _scanf.o(.text)
    .text                                    0x08005b8c   Section        0  iusesemig.o(.text)
    .text                                    0x08005b8c   Section        0  ctype_c.o(.text)
    i.ILI9341_Read_Data                      0x08005bb4   Section        0  bsp_ili9341_lcd.o(i.ILI9341_Read_Data)
    i.ILI9341_Write_Cmd                      0x08005bc0   Section        0  bsp_ili9341_lcd.o(i.ILI9341_Write_Cmd)
    i.ILI9341_Write_Data                     0x08005bc8   Section        0  bsp_ili9341_lcd.o(i.ILI9341_Write_Data)
    i.__0printf$6                            0x08005bd4   Section        0  printf6.o(i.__0printf$6)
    i.__0sprintf$6                           0x08005bf4   Section        0  printf6.o(i.__0sprintf$6)
    i.__scatterload_copy                     0x08005c1c   Section       14  handlers.o(i.__scatterload_copy)
    i.__scatterload_null                     0x08005c2a   Section        2  handlers.o(i.__scatterload_null)
    i.__scatterload_zeroinit                 0x08005c2c   Section       14  handlers.o(i.__scatterload_zeroinit)
    i._printf_core                           0x08005c3c   Section        0  printf6.o(i._printf_core)
    _printf_core                             0x08005c3d   Thumb Code   748  printf6.o(i._printf_core)
    i._printf_post_padding                   0x08005f2c   Section        0  printf6.o(i._printf_post_padding)
    _printf_post_padding                     0x08005f2d   Thumb Code    36  printf6.o(i._printf_post_padding)
    i._printf_pre_padding                    0x08005f50   Section        0  printf6.o(i._printf_pre_padding)
    _printf_pre_padding                      0x08005f51   Thumb Code    46  printf6.o(i._printf_pre_padding)
    i._sputc                                 0x08005f7e   Section        0  printf6.o(i._sputc)
    _sputc                                   0x08005f7f   Thumb Code    10  printf6.o(i._sputc)
    .constdata                               0x08005f88   Section    15200  fonts.o(.constdata)
    .constdata                               0x08009ae8   Section       48  date.o(.constdata)
    .constdata                               0x08009b18   Section       64  ctype_c.o(.constdata)
    .conststring                             0x08009b58   Section       72  mpu6050.o(.conststring)
    .conststring                             0x08009ba0   Section      467  rtc.o(.conststring)
    .conststring                             0x08009d74   Section       91  bsp_esp8266_test.o(.conststring)
    .data                                    0x20000000   Section       20  system_stm32f10x.o(.data)
    .data                                    0x20000014   Section       20  stm32f10x_rcc.o(.data)
    APBAHBPrescTable                         0x20000014   Data          16  stm32f10x_rcc.o(.data)
    ADCPrescTable                            0x20000024   Data           4  stm32f10x_rcc.o(.data)
    .data                                    0x20000028   Section       40  main.o(.data)
    .data                                    0x20000050   Section       17  stm32f10x_it.o(.data)
    .data                                    0x20000064   Section       25  fonts.o(.data)
    everRead                                 0x2000007c   Data           1  fonts.o(.data)
    .data                                    0x20000080   Section       16  bsp_ili9341_lcd.o(.data)
    LCD_Currentfonts                         0x20000088   Data           4  bsp_ili9341_lcd.o(.data)
    CurrentTextColor                         0x2000008c   Data           2  bsp_ili9341_lcd.o(.data)
    CurrentBackColor                         0x2000008e   Data           2  bsp_ili9341_lcd.o(.data)
    .data                                    0x20000090   Section        4  flash.o(.data)
    SPITimeout                               0x20000090   Data           4  flash.o(.data)
    .data                                    0x20000094   Section       48  date.o(.data)
    month_days                               0x20000094   Data          48  date.o(.data)
    .data                                    0x200000c4   Section       32  rtc.o(.data)
    .data                                    0x200000e4   Section       38  bsp_esp8266_test.o(.data)
    .data                                    0x2000010c   Section        4  stdin.o(.data)
    .data                                    0x20000110   Section        4  stdout.o(.data)
    .data                                    0x20000114   Section        3  fgetc_b.o(.data)
    ungetc_sp                                0x20000114   Data           1  fgetc_b.o(.data)
    ungetc_stack                             0x20000115   Data           2  fgetc_b.o(.data)
    .bss                                     0x20000118   Section      270  main.o(.bss)
    .bss                                     0x20000226   Section    17408  bsp_ili9341_lcd.o(.bss)
    .bss                                     0x20004626   Section     2052  bsp_esp8266.o(.bss)
    STACK                                    0x20004e30   Section     1024  startup_stm32f10x_hd.o(STACK)

    Global Symbols

    Symbol Name                              Value     Ov Type        Size  Object(Section)

    BuildAttributes$$THM_ISAv4$P$D$K$B$S$PE$A:L22UL41UL21$X:L11$S22US41US21$IEEE1$IW$USESV6$~STKCKD$USESV7$~SHL$OSPACE$ROPI$EBA8$MICROLIB$REQ8$PRES8$EABIv2 0x00000000   Number         0  anon$$obj.o ABSOLUTE
    __ARM_use_no_argv                        0x00000000   Number         0  main.o ABSOLUTE
    _printf_a                                0x00000000   Number         0  stubs.o ABSOLUTE
    _printf_c                                0x00000000   Number         0  stubs.o ABSOLUTE
    _printf_charcount                        0x00000000   Number         0  stubs.o ABSOLUTE
    _printf_d                                0x00000000   Number         0  stubs.o ABSOLUTE
    _printf_e                                0x00000000   Number         0  stubs.o ABSOLUTE
    _printf_f                                0x00000000   Number         0  stubs.o ABSOLUTE
    _printf_flags                            0x00000000   Number         0  stubs.o ABSOLUTE
    _printf_fp_dec                           0x00000000   Number         0  stubs.o ABSOLUTE
    _printf_fp_hex                           0x00000000   Number         0  stubs.o ABSOLUTE
    _printf_g                                0x00000000   Number         0  stubs.o ABSOLUTE
    _printf_i                                0x00000000   Number         0  stubs.o ABSOLUTE
    _printf_int_dec                          0x00000000   Number         0  stubs.o ABSOLUTE
    _printf_l                                0x00000000   Number         0  stubs.o ABSOLUTE
    _printf_lc                               0x00000000   Number         0  stubs.o ABSOLUTE
    _printf_ll                               0x00000000   Number         0  stubs.o ABSOLUTE
    _printf_lld                              0x00000000   Number         0  stubs.o ABSOLUTE
    _printf_lli                              0x00000000   Number         0  stubs.o ABSOLUTE
    _printf_llo                              0x00000000   Number         0  stubs.o ABSOLUTE
    _printf_llu                              0x00000000   Number         0  stubs.o ABSOLUTE
    _printf_llx                              0x00000000   Number         0  stubs.o ABSOLUTE
    _printf_longlong_dec                     0x00000000   Number         0  stubs.o ABSOLUTE
    _printf_longlong_hex                     0x00000000   Number         0  stubs.o ABSOLUTE
    _printf_longlong_oct                     0x00000000   Number         0  stubs.o ABSOLUTE
    _printf_ls                               0x00000000   Number         0  stubs.o ABSOLUTE
    _printf_mbtowc                           0x00000000   Number         0  stubs.o ABSOLUTE
    _printf_n                                0x00000000   Number         0  stubs.o ABSOLUTE
    _printf_o                                0x00000000   Number         0  stubs.o ABSOLUTE
    _printf_p                                0x00000000   Number         0  stubs.o ABSOLUTE
    _printf_percent                          0x00000000   Number         0  stubs.o ABSOLUTE
    _printf_pre_padding                      0x00000000   Number         0  stubs.o ABSOLUTE
    _printf_return_value                     0x00000000   Number         0  stubs.o ABSOLUTE
    _printf_s                                0x00000000   Number         0  stubs.o ABSOLUTE
    _printf_sizespec                         0x00000000   Number         0  stubs.o ABSOLUTE
    _printf_str                              0x00000000   Number         0  stubs.o ABSOLUTE
    _printf_truncate_signed                  0x00000000   Number         0  stubs.o ABSOLUTE
    _printf_truncate_unsigned                0x00000000   Number         0  stubs.o ABSOLUTE
    _printf_u                                0x00000000   Number         0  stubs.o ABSOLUTE
    _printf_wc                               0x00000000   Number         0  stubs.o ABSOLUTE
    _printf_wctomb                           0x00000000   Number         0  stubs.o ABSOLUTE
    _printf_widthprec                        0x00000000   Number         0  stubs.o ABSOLUTE
    _printf_x                                0x00000000   Number         0  stubs.o ABSOLUTE
    __cpp_initialize__aeabi_                  - Undefined Weak Reference
    __cxa_finalize                            - Undefined Weak Reference
    __decompress                              - Undefined Weak Reference
    _clock_init                               - Undefined Weak Reference
    _microlib_exit                            - Undefined Weak Reference
    _scanf_longlong                           - Undefined Weak Reference
    _scanf_real                               - Undefined Weak Reference
    _scanf_string                             - Undefined Weak Reference
    __Vectors_Size                           0x00000130   Number         0  startup_stm32f10x_hd.o ABSOLUTE
    __Vectors                                0x08000000   Data           4  startup_stm32f10x_hd.o(RESET)
    __Vectors_End                            0x08000130   Data           0  startup_stm32f10x_hd.o(RESET)
    __main                                   0x08000131   Thumb Code     0  entry.o(.ARM.Collect$$$$00000000)
    _main_stk                                0x08000131   Thumb Code     0  entry2.o(.ARM.Collect$$$$00000001)
    _main_scatterload                        0x08000135   Thumb Code     0  entry5.o(.ARM.Collect$$$$00000004)
    __main_after_scatterload                 0x08000139   Thumb Code     0  entry5.o(.ARM.Collect$$$$00000004)
    _main_clock                              0x08000139   Thumb Code     0  entry7b.o(.ARM.Collect$$$$00000008)
    _main_cpp_init                           0x08000139   Thumb Code     0  entry8b.o(.ARM.Collect$$$$0000000A)
    _main_init                               0x08000139   Thumb Code     0  entry9a.o(.ARM.Collect$$$$0000000B)
    __rt_final_cpp                           0x08000141   Thumb Code     0  entry10a.o(.ARM.Collect$$$$0000000D)
    __rt_final_exit                          0x08000141   Thumb Code     0  entry11a.o(.ARM.Collect$$$$0000000F)
    Reset_Handler                            0x08000145   Thumb Code     8  startup_stm32f10x_hd.o(.text)
    ADC1_2_IRQHandler                        0x0800015f   Thumb Code     0  startup_stm32f10x_hd.o(.text)
    ADC3_IRQHandler                          0x0800015f   Thumb Code     0  startup_stm32f10x_hd.o(.text)
    CAN1_RX1_IRQHandler                      0x0800015f   Thumb Code     0  startup_stm32f10x_hd.o(.text)
    CAN1_SCE_IRQHandler                      0x0800015f   Thumb Code     0  startup_stm32f10x_hd.o(.text)
    DMA1_Channel1_IRQHandler                 0x0800015f   Thumb Code     0  startup_stm32f10x_hd.o(.text)
    DMA1_Channel2_IRQHandler                 0x0800015f   Thumb Code     0  startup_stm32f10x_hd.o(.text)
    DMA1_Channel3_IRQHandler                 0x0800015f   Thumb Code     0  startup_stm32f10x_hd.o(.text)
    DMA1_Channel4_IRQHandler                 0x0800015f   Thumb Code     0  startup_stm32f10x_hd.o(.text)
    DMA1_Channel5_IRQHandler                 0x0800015f   Thumb Code     0  startup_stm32f10x_hd.o(.text)
    DMA1_Channel6_IRQHandler                 0x0800015f   Thumb Code     0  startup_stm32f10x_hd.o(.text)
    DMA1_Channel7_IRQHandler                 0x0800015f   Thumb Code     0  startup_stm32f10x_hd.o(.text)
    DMA2_Channel1_IRQHandler                 0x0800015f   Thumb Code     0  startup_stm32f10x_hd.o(.text)
    DMA2_Channel2_IRQHandler                 0x0800015f   Thumb Code     0  startup_stm32f10x_hd.o(.text)
    DMA2_Channel3_IRQHandler                 0x0800015f   Thumb Code     0  startup_stm32f10x_hd.o(.text)
    DMA2_Channel4_5_IRQHandler               0x0800015f   Thumb Code     0  startup_stm32f10x_hd.o(.text)
    EXTI1_IRQHandler                         0x0800015f   Thumb Code     0  startup_stm32f10x_hd.o(.text)
    EXTI2_IRQHandler                         0x0800015f   Thumb Code     0  startup_stm32f10x_hd.o(.text)
    EXTI3_IRQHandler                         0x0800015f   Thumb Code     0  startup_stm32f10x_hd.o(.text)
    EXTI4_IRQHandler                         0x0800015f   Thumb Code     0  startup_stm32f10x_hd.o(.text)
    EXTI9_5_IRQHandler                       0x0800015f   Thumb Code     0  startup_stm32f10x_hd.o(.text)
    FLASH_IRQHandler                         0x0800015f   Thumb Code     0  startup_stm32f10x_hd.o(.text)
    FSMC_IRQHandler                          0x0800015f   Thumb Code     0  startup_stm32f10x_hd.o(.text)
    I2C1_ER_IRQHandler                       0x0800015f   Thumb Code     0  startup_stm32f10x_hd.o(.text)
    I2C1_EV_IRQHandler                       0x0800015f   Thumb Code     0  startup_stm32f10x_hd.o(.text)
    I2C2_ER_IRQHandler                       0x0800015f   Thumb Code     0  startup_stm32f10x_hd.o(.text)
    I2C2_EV_IRQHandler                       0x0800015f   Thumb Code     0  startup_stm32f10x_hd.o(.text)
    PVD_IRQHandler                           0x0800015f   Thumb Code     0  startup_stm32f10x_hd.o(.text)
    RCC_IRQHandler                           0x0800015f   Thumb Code     0  startup_stm32f10x_hd.o(.text)
    RTCAlarm_IRQHandler                      0x0800015f   Thumb Code     0  startup_stm32f10x_hd.o(.text)
    SDIO_IRQHandler                          0x0800015f   Thumb Code     0  startup_stm32f10x_hd.o(.text)
    SPI1_IRQHandler                          0x0800015f   Thumb Code     0  startup_stm32f10x_hd.o(.text)
    SPI2_IRQHandler                          0x0800015f   Thumb Code     0  startup_stm32f10x_hd.o(.text)
    SPI3_IRQHandler                          0x0800015f   Thumb Code     0  startup_stm32f10x_hd.o(.text)
    TAMPER_IRQHandler                        0x0800015f   Thumb Code     0  startup_stm32f10x_hd.o(.text)
    TIM1_BRK_IRQHandler                      0x0800015f   Thumb Code     0  startup_stm32f10x_hd.o(.text)
    TIM1_CC_IRQHandler                       0x0800015f   Thumb Code     0  startup_stm32f10x_hd.o(.text)
    TIM1_TRG_COM_IRQHandler                  0x0800015f   Thumb Code     0  startup_stm32f10x_hd.o(.text)
    TIM1_UP_IRQHandler                       0x0800015f   Thumb Code     0  startup_stm32f10x_hd.o(.text)
    TIM2_IRQHandler                          0x0800015f   Thumb Code     0  startup_stm32f10x_hd.o(.text)
    TIM3_IRQHandler                          0x0800015f   Thumb Code     0  startup_stm32f10x_hd.o(.text)
    TIM4_IRQHandler                          0x0800015f   Thumb Code     0  startup_stm32f10x_hd.o(.text)
    TIM5_IRQHandler                          0x0800015f   Thumb Code     0  startup_stm32f10x_hd.o(.text)
    TIM6_IRQHandler                          0x0800015f   Thumb Code     0  startup_stm32f10x_hd.o(.text)
    TIM7_IRQHandler                          0x0800015f   Thumb Code     0  startup_stm32f10x_hd.o(.text)
    TIM8_BRK_IRQHandler                      0x0800015f   Thumb Code     0  startup_stm32f10x_hd.o(.text)
    TIM8_CC_IRQHandler                       0x0800015f   Thumb Code     0  startup_stm32f10x_hd.o(.text)
    TIM8_TRG_COM_IRQHandler                  0x0800015f   Thumb Code     0  startup_stm32f10x_hd.o(.text)
    TIM8_UP_IRQHandler                       0x0800015f   Thumb Code     0  startup_stm32f10x_hd.o(.text)
    UART4_IRQHandler                         0x0800015f   Thumb Code     0  startup_stm32f10x_hd.o(.text)
    UART5_IRQHandler                         0x0800015f   Thumb Code     0  startup_stm32f10x_hd.o(.text)
    USART2_IRQHandler                        0x0800015f   Thumb Code     0  startup_stm32f10x_hd.o(.text)
    USBWakeUp_IRQHandler                     0x0800015f   Thumb Code     0  startup_stm32f10x_hd.o(.text)
    USB_HP_CAN1_TX_IRQHandler                0x0800015f   Thumb Code     0  startup_stm32f10x_hd.o(.text)
    USB_LP_CAN1_RX0_IRQHandler               0x0800015f   Thumb Code     0  startup_stm32f10x_hd.o(.text)
    WWDG_IRQHandler                          0x0800015f   Thumb Code     0  startup_stm32f10x_hd.o(.text)
    SystemInit                               0x08000247   Thumb Code    78  system_stm32f10x.o(.text)
    SystemCoreClockUpdate                    0x08000295   Thumb Code   142  system_stm32f10x.o(.text)
    NVIC_PriorityGroupConfig                 0x08000349   Thumb Code    10  misc.o(.text)
    NVIC_Init                                0x08000353   Thumb Code   100  misc.o(.text)
    NVIC_SetVectorTable                      0x080003b7   Thumb Code    14  misc.o(.text)
    NVIC_SystemLPConfig                      0x080003c5   Thumb Code    34  misc.o(.text)
    SysTick_CLKSourceConfig                  0x080003e7   Thumb Code    40  misc.o(.text)
    BKP_DeInit                               0x08000425   Thumb Code    16  stm32f10x_bkp.o(.text)
    BKP_TamperPinLevelConfig                 0x08000435   Thumb Code     6  stm32f10x_bkp.o(.text)
    BKP_TamperPinCmd                         0x0800043b   Thumb Code     8  stm32f10x_bkp.o(.text)
    BKP_ITConfig                             0x08000443   Thumb Code     8  stm32f10x_bkp.o(.text)
    BKP_RTCOutputConfig                      0x0800044b   Thumb Code    22  stm32f10x_bkp.o(.text)
    BKP_SetRTCCalibrationValue               0x08000461   Thumb Code    22  stm32f10x_bkp.o(.text)
    BKP_WriteBackupRegister                  0x08000477   Thumb Code    24  stm32f10x_bkp.o(.text)
    BKP_ReadBackupRegister                   0x0800048f   Thumb Code    26  stm32f10x_bkp.o(.text)
    BKP_GetFlagStatus                        0x080004a9   Thumb Code    10  stm32f10x_bkp.o(.text)
    BKP_ClearFlag                            0x080004b3   Thumb Code    18  stm32f10x_bkp.o(.text)
    BKP_GetITStatus                          0x080004c5   Thumb Code    10  stm32f10x_bkp.o(.text)
    BKP_ClearITPendingBit                    0x080004cf   Thumb Code    18  stm32f10x_bkp.o(.text)
    EXTI_DeInit                              0x080004e9   Thumb Code    28  stm32f10x_exti.o(.text)
    EXTI_Init                                0x08000505   Thumb Code   142  stm32f10x_exti.o(.text)
    EXTI_StructInit                          0x08000593   Thumb Code    16  stm32f10x_exti.o(.text)
    EXTI_GenerateSWInterrupt                 0x080005a3   Thumb Code    16  stm32f10x_exti.o(.text)
    EXTI_GetFlagStatus                       0x080005b3   Thumb Code    22  stm32f10x_exti.o(.text)
    EXTI_ClearFlag                           0x080005c9   Thumb Code     8  stm32f10x_exti.o(.text)
    EXTI_GetITStatus                         0x080005d1   Thumb Code    34  stm32f10x_exti.o(.text)
    EXTI_ClearITPendingBit                   0x080005f3   Thumb Code     8  stm32f10x_exti.o(.text)
    FSMC_NORSRAMDeInit                       0x08000605   Thumb Code    54  stm32f10x_fsmc.o(.text)
    FSMC_NANDDeInit                          0x0800063b   Thumb Code    62  stm32f10x_fsmc.o(.text)
    FSMC_PCCARDDeInit                        0x08000679   Thumb Code    36  stm32f10x_fsmc.o(.text)
    FSMC_NORSRAMInit                         0x0800069d   Thumb Code   230  stm32f10x_fsmc.o(.text)
    FSMC_NANDInit                            0x08000783   Thumb Code   132  stm32f10x_fsmc.o(.text)
    FSMC_PCCARDInit                          0x08000807   Thumb Code   130  stm32f10x_fsmc.o(.text)
    FSMC_NORSRAMStructInit                   0x08000889   Thumb Code   114  stm32f10x_fsmc.o(.text)
    FSMC_NANDStructInit                      0x080008fb   Thumb Code    54  stm32f10x_fsmc.o(.text)
    FSMC_PCCARDStructInit                    0x08000931   Thumb Code    60  stm32f10x_fsmc.o(.text)
    FSMC_NORSRAMCmd                          0x0800096d   Thumb Code    46  stm32f10x_fsmc.o(.text)
    FSMC_NANDCmd                             0x0800099b   Thumb Code    86  stm32f10x_fsmc.o(.text)
    FSMC_PCCARDCmd                           0x080009f1   Thumb Code    44  stm32f10x_fsmc.o(.text)
    FSMC_NANDECCCmd                          0x08000a1d   Thumb Code    90  stm32f10x_fsmc.o(.text)
    FSMC_GetECC                              0x08000a77   Thumb Code    24  stm32f10x_fsmc.o(.text)
    FSMC_ITConfig                            0x08000a8f   Thumb Code   128  stm32f10x_fsmc.o(.text)
    FSMC_GetFlagStatus                       0x08000b0f   Thumb Code    54  stm32f10x_fsmc.o(.text)
    FSMC_ClearFlag                           0x08000b45   Thumb Code    62  stm32f10x_fsmc.o(.text)
    FSMC_GetITStatus                         0x08000b83   Thumb Code    64  stm32f10x_fsmc.o(.text)
    FSMC_ClearITPendingBit                   0x08000bc3   Thumb Code    68  stm32f10x_fsmc.o(.text)
    GPIO_DeInit                              0x08000c11   Thumb Code   172  stm32f10x_gpio.o(.text)
    GPIO_AFIODeInit                          0x08000cbd   Thumb Code    20  stm32f10x_gpio.o(.text)
    GPIO_Init                                0x08000cd1   Thumb Code   278  stm32f10x_gpio.o(.text)
    GPIO_StructInit                          0x08000de7   Thumb Code    16  stm32f10x_gpio.o(.text)
    GPIO_ReadInputDataBit                    0x08000df7   Thumb Code    18  stm32f10x_gpio.o(.text)
    GPIO_ReadInputData                       0x08000e09   Thumb Code     8  stm32f10x_gpio.o(.text)
    GPIO_ReadOutputDataBit                   0x08000e11   Thumb Code    18  stm32f10x_gpio.o(.text)
    GPIO_ReadOutputData                      0x08000e23   Thumb Code     8  stm32f10x_gpio.o(.text)
    GPIO_SetBits                             0x08000e2b   Thumb Code     4  stm32f10x_gpio.o(.text)
    GPIO_ResetBits                           0x08000e2f   Thumb Code     4  stm32f10x_gpio.o(.text)
    GPIO_WriteBit                            0x08000e33   Thumb Code    10  stm32f10x_gpio.o(.text)
    GPIO_Write                               0x08000e3d   Thumb Code     4  stm32f10x_gpio.o(.text)
    GPIO_PinLockConfig                       0x08000e41   Thumb Code    18  stm32f10x_gpio.o(.text)
    GPIO_EventOutputConfig                   0x08000e53   Thumb Code    26  stm32f10x_gpio.o(.text)
    GPIO_EventOutputCmd                      0x08000e6d   Thumb Code     6  stm32f10x_gpio.o(.text)
    GPIO_PinRemapConfig                      0x08000e73   Thumb Code   138  stm32f10x_gpio.o(.text)
    GPIO_EXTILineConfig                      0x08000efd   Thumb Code    66  stm32f10x_gpio.o(.text)
    GPIO_ETH_MediaInterfaceConfig            0x08000f3f   Thumb Code     8  stm32f10x_gpio.o(.text)
    PWR_DeInit                               0x08000f6d   Thumb Code    22  stm32f10x_pwr.o(.text)
    PWR_BackupAccessCmd                      0x08000f83   Thumb Code     6  stm32f10x_pwr.o(.text)
    PWR_PVDCmd                               0x08000f89   Thumb Code     6  stm32f10x_pwr.o(.text)
    PWR_PVDLevelConfig                       0x08000f8f   Thumb Code    18  stm32f10x_pwr.o(.text)
    PWR_WakeUpPinCmd                         0x08000fa1   Thumb Code     8  stm32f10x_pwr.o(.text)
    PWR_EnterSTOPMode                        0x08000fa9   Thumb Code    54  stm32f10x_pwr.o(.text)
    PWR_EnterSTANDBYMode                     0x08000fdf   Thumb Code    42  stm32f10x_pwr.o(.text)
    PWR_GetFlagStatus                        0x08001009   Thumb Code    20  stm32f10x_pwr.o(.text)
    PWR_ClearFlag                            0x0800101d   Thumb Code    14  stm32f10x_pwr.o(.text)
    RCC_DeInit                               0x08001039   Thumb Code    64  stm32f10x_rcc.o(.text)
    RCC_HSEConfig                            0x08001079   Thumb Code    70  stm32f10x_rcc.o(.text)
    RCC_GetFlagStatus                        0x080010bf   Thumb Code    56  stm32f10x_rcc.o(.text)
    RCC_WaitForHSEStartUp                    0x080010f7   Thumb Code    56  stm32f10x_rcc.o(.text)
    RCC_AdjustHSICalibrationValue            0x0800112f   Thumb Code    20  stm32f10x_rcc.o(.text)
    RCC_HSICmd                               0x08001143   Thumb Code     6  stm32f10x_rcc.o(.text)
    RCC_PLLConfig                            0x08001149   Thumb Code    24  stm32f10x_rcc.o(.text)
    RCC_PLLCmd                               0x08001161   Thumb Code     6  stm32f10x_rcc.o(.text)
    RCC_SYSCLKConfig                         0x08001167   Thumb Code    18  stm32f10x_rcc.o(.text)
    RCC_GetSYSCLKSource                      0x08001179   Thumb Code    10  stm32f10x_rcc.o(.text)
    RCC_HCLKConfig                           0x08001183   Thumb Code    18  stm32f10x_rcc.o(.text)
    RCC_PCLK1Config                          0x08001195   Thumb Code    18  stm32f10x_rcc.o(.text)
    RCC_PCLK2Config                          0x080011a7   Thumb Code    20  stm32f10x_rcc.o(.text)
    RCC_ITConfig                             0x080011bb   Thumb Code    26  stm32f10x_rcc.o(.text)
    RCC_USBCLKConfig                         0x080011d5   Thumb Code     8  stm32f10x_rcc.o(.text)
    RCC_ADCCLKConfig                         0x080011dd   Thumb Code    18  stm32f10x_rcc.o(.text)
    RCC_LSEConfig                            0x080011ef   Thumb Code    50  stm32f10x_rcc.o(.text)
    RCC_LSICmd                               0x08001221   Thumb Code     6  stm32f10x_rcc.o(.text)
    RCC_RTCCLKConfig                         0x08001227   Thumb Code    12  stm32f10x_rcc.o(.text)
    RCC_RTCCLKCmd                            0x08001233   Thumb Code     8  stm32f10x_rcc.o(.text)
    RCC_GetClocksFreq                        0x0800123b   Thumb Code   192  stm32f10x_rcc.o(.text)
    RCC_AHBPeriphClockCmd                    0x080012fb   Thumb Code    26  stm32f10x_rcc.o(.text)
    RCC_APB2PeriphClockCmd                   0x08001315   Thumb Code    26  stm32f10x_rcc.o(.text)
    RCC_APB1PeriphClockCmd                   0x0800132f   Thumb Code    26  stm32f10x_rcc.o(.text)
    RCC_APB2PeriphResetCmd                   0x08001349   Thumb Code    26  stm32f10x_rcc.o(.text)
    RCC_APB1PeriphResetCmd                   0x08001363   Thumb Code    26  stm32f10x_rcc.o(.text)
    RCC_BackupResetCmd                       0x0800137d   Thumb Code     8  stm32f10x_rcc.o(.text)
    RCC_ClockSecuritySystemCmd               0x08001385   Thumb Code     6  stm32f10x_rcc.o(.text)
    RCC_MCOConfig                            0x0800138b   Thumb Code     6  stm32f10x_rcc.o(.text)
    RCC_ClearFlag                            0x08001391   Thumb Code    14  stm32f10x_rcc.o(.text)
    RCC_GetITStatus                          0x0800139f   Thumb Code    20  stm32f10x_rcc.o(.text)
    RCC_ClearITPendingBit                    0x080013b3   Thumb Code     6  stm32f10x_rcc.o(.text)
    RTC_ITConfig                             0x080013dd   Thumb Code    26  stm32f10x_rtc.o(.text)
    RTC_EnterConfigMode                      0x080013f7   Thumb Code    18  stm32f10x_rtc.o(.text)
    RTC_ExitConfigMode                       0x08001409   Thumb Code    20  stm32f10x_rtc.o(.text)
    RTC_GetCounter                           0x0800141d   Thumb Code    18  stm32f10x_rtc.o(.text)
    RTC_SetCounter                           0x0800142f   Thumb Code    26  stm32f10x_rtc.o(.text)
    RTC_SetPrescaler                         0x08001449   Thumb Code    28  stm32f10x_rtc.o(.text)
    RTC_SetAlarm                             0x08001465   Thumb Code    26  stm32f10x_rtc.o(.text)
    RTC_GetDivider                           0x0800147f   Thumb Code    22  stm32f10x_rtc.o(.text)
    RTC_WaitForLastTask                      0x08001495   Thumb Code    18  stm32f10x_rtc.o(.text)
    RTC_WaitForSynchro                       0x080014a7   Thumb Code    36  stm32f10x_rtc.o(.text)
    RTC_GetFlagStatus                        0x080014cb   Thumb Code    22  stm32f10x_rtc.o(.text)
    RTC_ClearFlag                            0x080014e1   Thumb Code    16  stm32f10x_rtc.o(.text)
    RTC_GetITStatus                          0x080014f1   Thumb Code    32  stm32f10x_rtc.o(.text)
    RTC_ClearITPendingBit                    0x08001511   Thumb Code    16  stm32f10x_rtc.o(.text)
    SPI_I2S_DeInit                           0x08001525   Thumb Code    76  stm32f10x_spi.o(.text)
    SPI_Init                                 0x08001571   Thumb Code    60  stm32f10x_spi.o(.text)
    I2S_Init                                 0x080015ad   Thumb Code   226  stm32f10x_spi.o(.text)
    SPI_StructInit                           0x0800168f   Thumb Code    24  stm32f10x_spi.o(.text)
    I2S_StructInit                           0x080016a7   Thumb Code    20  stm32f10x_spi.o(.text)
    SPI_Cmd                                  0x080016bb   Thumb Code    24  stm32f10x_spi.o(.text)
    I2S_Cmd                                  0x080016d3   Thumb Code    24  stm32f10x_spi.o(.text)
    SPI_I2S_ITConfig                         0x080016eb   Thumb Code    32  stm32f10x_spi.o(.text)
    SPI_I2S_DMACmd                           0x0800170b   Thumb Code    18  stm32f10x_spi.o(.text)
    SPI_I2S_SendData                         0x0800171d   Thumb Code     4  stm32f10x_spi.o(.text)
    SPI_I2S_ReceiveData                      0x08001721   Thumb Code     6  stm32f10x_spi.o(.text)
    SPI_NSSInternalSoftwareConfig            0x08001727   Thumb Code    30  stm32f10x_spi.o(.text)
    SPI_SSOutputCmd                          0x08001745   Thumb Code    24  stm32f10x_spi.o(.text)
    SPI_DataSizeConfig                       0x0800175d   Thumb Code    18  stm32f10x_spi.o(.text)
    SPI_TransmitCRC                          0x0800176f   Thumb Code    10  stm32f10x_spi.o(.text)
    SPI_CalculateCRC                         0x08001779   Thumb Code    24  stm32f10x_spi.o(.text)
    SPI_GetCRC                               0x08001791   Thumb Code    16  stm32f10x_spi.o(.text)
    SPI_GetCRCPolynomial                     0x080017a1   Thumb Code     6  stm32f10x_spi.o(.text)
    SPI_BiDirectionalLineConfig              0x080017a7   Thumb Code    28  stm32f10x_spi.o(.text)
    SPI_I2S_GetFlagStatus                    0x080017c3   Thumb Code    18  stm32f10x_spi.o(.text)
    SPI_I2S_ClearFlag                        0x080017d5   Thumb Code     6  stm32f10x_spi.o(.text)
    SPI_I2S_GetITStatus                      0x080017db   Thumb Code    52  stm32f10x_spi.o(.text)
    SPI_I2S_ClearITPendingBit                0x0800180f   Thumb Code    20  stm32f10x_spi.o(.text)
    USART_DeInit                             0x08001831   Thumb Code   134  stm32f10x_usart.o(.text)
    USART_Init                               0x080018b7   Thumb Code   210  stm32f10x_usart.o(.text)
    USART_StructInit                         0x08001989   Thumb Code    24  stm32f10x_usart.o(.text)
    USART_ClockInit                          0x080019a1   Thumb Code    34  stm32f10x_usart.o(.text)
    USART_ClockStructInit                    0x080019c3   Thumb Code    12  stm32f10x_usart.o(.text)
    USART_Cmd                                0x080019cf   Thumb Code    24  stm32f10x_usart.o(.text)
    USART_ITConfig                           0x080019e7   Thumb Code    74  stm32f10x_usart.o(.text)
    USART_DMACmd                             0x08001a31   Thumb Code    18  stm32f10x_usart.o(.text)
    USART_SetAddress                         0x08001a43   Thumb Code    18  stm32f10x_usart.o(.text)
    USART_WakeUpConfig                       0x08001a55   Thumb Code    18  stm32f10x_usart.o(.text)
    USART_ReceiverWakeUpCmd                  0x08001a67   Thumb Code    24  stm32f10x_usart.o(.text)
    USART_LINBreakDetectLengthConfig         0x08001a7f   Thumb Code    18  stm32f10x_usart.o(.text)
    USART_LINCmd                             0x08001a91   Thumb Code    24  stm32f10x_usart.o(.text)
    USART_SendData                           0x08001aa9   Thumb Code     8  stm32f10x_usart.o(.text)
    USART_ReceiveData                        0x08001ab1   Thumb Code    10  stm32f10x_usart.o(.text)
    USART_SendBreak                          0x08001abb   Thumb Code    10  stm32f10x_usart.o(.text)
    USART_SetGuardTime                       0x08001ac5   Thumb Code    16  stm32f10x_usart.o(.text)
    USART_SetPrescaler                       0x08001ad5   Thumb Code    16  stm32f10x_usart.o(.text)
    USART_SmartCardCmd                       0x08001ae5   Thumb Code    24  stm32f10x_usart.o(.text)
    USART_SmartCardNACKCmd                   0x08001afd   Thumb Code    24  stm32f10x_usart.o(.text)
    USART_HalfDuplexCmd                      0x08001b15   Thumb Code    24  stm32f10x_usart.o(.text)
    USART_OverSampling8Cmd                   0x08001b2d   Thumb Code    22  stm32f10x_usart.o(.text)
    USART_OneBitMethodCmd                    0x08001b43   Thumb Code    24  stm32f10x_usart.o(.text)
    USART_IrDAConfig                         0x08001b5b   Thumb Code    18  stm32f10x_usart.o(.text)
    USART_IrDACmd                            0x08001b6d   Thumb Code    24  stm32f10x_usart.o(.text)
    USART_GetFlagStatus                      0x08001b85   Thumb Code    26  stm32f10x_usart.o(.text)
    USART_ClearFlag                          0x08001b9f   Thumb Code    18  stm32f10x_usart.o(.text)
    USART_GetITStatus                        0x08001bb1   Thumb Code    84  stm32f10x_usart.o(.text)
    USART_ClearITPendingBit                  0x08001c05   Thumb Code    52  stm32f10x_usart.o(.text)
    main                                     0x08001c39   Thumb Code   576  main.o(.text)
    NMI_Handler                              0x08001f31   Thumb Code     2  stm32f10x_it.o(.text)
    HardFault_Handler                        0x08001f33   Thumb Code     4  stm32f10x_it.o(.text)
    MemManage_Handler                        0x08001f37   Thumb Code     4  stm32f10x_it.o(.text)
    BusFault_Handler                         0x08001f3b   Thumb Code     4  stm32f10x_it.o(.text)
    UsageFault_Handler                       0x08001f3f   Thumb Code     4  stm32f10x_it.o(.text)
    SVC_Handler                              0x08001f43   Thumb Code     2  stm32f10x_it.o(.text)
    DebugMon_Handler                         0x08001f45   Thumb Code     2  stm32f10x_it.o(.text)
    PendSV_Handler                           0x08001f47   Thumb Code     2  stm32f10x_it.o(.text)
    SysTick_Handler                          0x08001f49   Thumb Code    68  stm32f10x_it.o(.text)
    RTC_IRQHandler                           0x08001f8d   Thumb Code    28  stm32f10x_it.o(.text)
    USART1_IRQHandler                        0x08001fa9   Thumb Code   122  stm32f10x_it.o(.text)
    USART3_IRQHandler                        0x08002023   Thumb Code   134  stm32f10x_it.o(.text)
    EXTI15_10_IRQHandler                     0x080020a9   Thumb Code    32  stm32f10x_it.o(.text)
    EXTI0_IRQHandler                         0x080020c9   Thumb Code    46  stm32f10x_it.o(.text)
    LED_GPIO_Config                          0x08002131   Thumb Code    90  bsp_led.o(.text)
    SysTick_Init                             0x08002191   Thumb Code   108  bsp_systick.o(.text)
    MPU6050_WriteReg                         0x08002209   Thumb Code    46  mpu6050.o(.text)
    MPU6050_ReadData                         0x08002237   Thumb Code    88  mpu6050.o(.text)
    MPU6050_Init                             0x0800228f   Thumb Code    72  mpu6050.o(.text)
    MPU6050ReadID                            0x080022d7   Thumb Code    48  mpu6050.o(.text)
    MPU6050ReadAcc                           0x08002307   Thumb Code    64  mpu6050.o(.text)
    MPU6050ReadGyro                          0x08002347   Thumb Code    64  mpu6050.o(.text)
    i2c_Start                                0x080023af   Thumb Code    42  bsp_i2c.o(.text)
    i2c_Stop                                 0x080023d9   Thumb Code    28  bsp_i2c.o(.text)
    i2c_SendByte                             0x080023f5   Thumb Code    88  bsp_i2c.o(.text)
    i2c_Ack                                  0x0800244d   Thumb Code    44  bsp_i2c.o(.text)
    i2c_NAck                                 0x08002479   Thumb Code    36  bsp_i2c.o(.text)
    i2c_ReadByte                             0x0800249d   Thumb Code    84  bsp_i2c.o(.text)
    i2c_WaitAck                              0x080024f1   Thumb Code    56  bsp_i2c.o(.text)
    i2c_GPIO_Config                          0x08002529   Thumb Code    44  bsp_i2c.o(.text)
    i2c_CheckDevice                          0x08002555   Thumb Code    32  bsp_i2c.o(.text)
    USART_Config                             0x08002579   Thumb Code   120  bsp_usart.o(.text)
    fputc                                    0x080025f1   Thumb Code    32  bsp_usart.o(.text)
    fgetc                                    0x08002611   Thumb Code    26  bsp_usart.o(.text)
    GetGBKCode_from_EXFlash                  0x08002635   Thumb Code    74  fonts.o(.text)
    ILI9341_GramScan                         0x08002ac1   Thumb Code   172  bsp_ili9341_lcd.o(.text)
    ILI9341_Rst                              0x08002b6d   Thumb Code    36  bsp_ili9341_lcd.o(.text)
    ILI9341_BackLed_Control                  0x08002b91   Thumb Code    30  bsp_ili9341_lcd.o(.text)
    ILI9341_Init                             0x08002baf   Thumb Code    34  bsp_ili9341_lcd.o(.text)
    ILI9341_OpenWindow                       0x08002bd1   Thumb Code    96  bsp_ili9341_lcd.o(.text)
    ILI9341_Clear                            0x08002c65   Thumb Code    40  bsp_ili9341_lcd.o(.text)
    ILI9341_SetPointPixel                    0x08002c8d   Thumb Code    42  bsp_ili9341_lcd.o(.text)
    ILI9341_GetPointPixel                    0x08002ced   Thumb Code    24  bsp_ili9341_lcd.o(.text)
    ILI9341_DrawLine                         0x08002d05   Thumb Code   160  bsp_ili9341_lcd.o(.text)
    ILI9341_DrawRectangle                    0x08002da5   Thumb Code   132  bsp_ili9341_lcd.o(.text)
    ILI9341_DrawCircle                       0x08002e29   Thumb Code   344  bsp_ili9341_lcd.o(.text)
    ILI9341_DispChar_EN                      0x08002f81   Thumb Code   138  bsp_ili9341_lcd.o(.text)
    ILI9341_DispStringLine_EN                0x0800300b   Thumb Code    92  bsp_ili9341_lcd.o(.text)
    ILI9341_DispString_EN                    0x08003067   Thumb Code    92  bsp_ili9341_lcd.o(.text)
    ILI9341_DispString_EN_YDir               0x080030c3   Thumb Code    92  bsp_ili9341_lcd.o(.text)
    ILI9341_DispChar_CH                      0x0800311f   Thumb Code   122  bsp_ili9341_lcd.o(.text)
    ILI9341_DispString_CH                    0x08003199   Thumb Code    86  bsp_ili9341_lcd.o(.text)
    ILI9341_DispStringLine_EN_CH             0x080031ef   Thumb Code   168  bsp_ili9341_lcd.o(.text)
    ILI9341_DispString_EN_CH                 0x08003297   Thumb Code   168  bsp_ili9341_lcd.o(.text)
    ILI9341_DispString_EN_CH_YDir            0x0800333f   Thumb Code   132  bsp_ili9341_lcd.o(.text)
    ILI9341_zoomChar                         0x080033c3   Thumb Code   378  bsp_ili9341_lcd.o(.text)
    ILI9341_DrawChar_Ex                      0x0800353d   Thumb Code    92  bsp_ili9341_lcd.o(.text)
    ILI9341_DisplayStringEx                  0x08003599   Thumb Code   246  bsp_ili9341_lcd.o(.text)
    ILI9341_DisplayStringEx_YDir             0x0800368f   Thumb Code   250  bsp_ili9341_lcd.o(.text)
    LCD_SetFont                              0x08003789   Thumb Code     6  bsp_ili9341_lcd.o(.text)
    LCD_GetFont                              0x0800378f   Thumb Code     6  bsp_ili9341_lcd.o(.text)
    LCD_SetColors                            0x08003795   Thumb Code    10  bsp_ili9341_lcd.o(.text)
    LCD_GetColors                            0x0800379f   Thumb Code    14  bsp_ili9341_lcd.o(.text)
    LCD_SetTextColor                         0x080037ad   Thumb Code     6  bsp_ili9341_lcd.o(.text)
    LCD_SetBackColor                         0x080037b3   Thumb Code     6  bsp_ili9341_lcd.o(.text)
    LCD_ClearLine                            0x080037b9   Thumb Code    26  bsp_ili9341_lcd.o(.text)
    SPI_FLASH_Init                           0x080037f5   Thumb Code   178  flash.o(.text)
    SPI_FLASH_SendByte                       0x080038b7   Thumb Code   110  flash.o(.text)
    SPI_FLASH_WaitForWriteEnd                0x08003925   Thumb Code    46  flash.o(.text)
    SPI_FLASH_WriteEnable                    0x08003953   Thumb Code    26  flash.o(.text)
    SPI_FLASH_SectorErase                    0x0800396d   Thumb Code    62  flash.o(.text)
    SPI_FLASH_BulkErase                      0x080039ab   Thumb Code    34  flash.o(.text)
    SPI_FLASH_PageWrite                      0x080039cd   Thumb Code    98  flash.o(.text)
    SPI_FLASH_BufferWrite                    0x08003a2f   Thumb Code   290  flash.o(.text)
    SPI_FLASH_BufferRead                     0x08003b51   Thumb Code    76  flash.o(.text)
    SPI_FLASH_ReadID                         0x08003b9d   Thumb Code    74  flash.o(.text)
    SPI_FLASH_ReadDeviceID                   0x08003be7   Thumb Code   174  flash.o(.text)
    SPI_FLASH_StartReadSequence              0x08003c95   Thumb Code    42  flash.o(.text)
    SPI_FLASH_ReadByte                       0x08003cbf   Thumb Code    10  flash.o(.text)
    SPI_FLASH_SendHalfWord                   0x08003cc9   Thumb Code   104  flash.o(.text)
    SPI_Flash_PowerDown                      0x08003d31   Thumb Code    26  flash.o(.text)
    SPI_Flash_WAKEUP                         0x08003d4b   Thumb Code    26  flash.o(.text)
    DHT11_Init                               0x08003d99   Thumb Code    18  dht11.o(.text)
    DHT11_Read_TempAndHumidity               0x08003e45   Thumb Code   168  dht11.o(.text)
    CPU_TS_TmrInit                           0x08003ef1   Thumb Code    30  delay.o(.text)
    CPU_TS_TmrRd                             0x08003f0f   Thumb Code     6  delay.o(.text)
    CPU_TS_Tmr_Delay_US                      0x08003f15   Thumb Code    76  delay.o(.text)
    EXTI_Key_Config                          0x08003fa3   Thumb Code   132  bsp_exti.o(.text)
    BEEP_GPIO_Config                         0x08004031   Thumb Code    50  bsp_beep.o(.text)
    GregorianDay                             0x08004069   Thumb Code   146  date.o(.text)
    mktimev                                  0x080040fb   Thumb Code   120  date.o(.text)
    to_tm                                    0x08004173   Thumb Code   194  date.o(.text)
    RTC_NVIC_Config                          0x08004245   Thumb Code    42  rtc.o(.text)
    RTC_Configuration                        0x0800426f   Thumb Code    88  rtc.o(.text)
    Time_Adjust                              0x080042c7   Thumb Code    40  rtc.o(.text)
    RTC_CheckAndConfig                       0x080042ef   Thumb Code   140  rtc.o(.text)
    Time_Regulate_Get                        0x0800437b   Thumb Code   452  rtc.o(.text)
    Time_Display                             0x0800453f   Thumb Code   128  rtc.o(.text)
    Time_Show                                0x080045bf   Thumb Code    32  rtc.o(.text)
    Key_GPIO_Config                          0x080047dd   Thumb Code    54  bsp_key.o(.text)
    Key_Scan                                 0x08004813   Thumb Code    40  bsp_key.o(.text)
    Get_ESP82666_Cmd                         0x08004845   Thumb Code   216  bsp_esp8266_test.o(.text)
    ESP8266_StaTcpClient_Unvarnish_ConfigTest 0x0800491d   Thumb Code   140  bsp_esp8266_test.o(.text)
    ESP8266_SendDHT11DataTest                0x080049a9   Thumb Code   162  bsp_esp8266_test.o(.text)
    ESP8266_Init                             0x08004cf3   Thumb Code    32  bsp_esp8266.o(.text)
    ESP8266_Rst                              0x08004d13   Thumb Code    30  bsp_esp8266.o(.text)
    ESP8266_Cmd                              0x08004d31   Thumb Code   200  bsp_esp8266.o(.text)
    ESP8266_AT_Test                          0x08004df9   Thumb Code    80  bsp_esp8266.o(.text)
    ESP8266_Net_Mode_Choose                  0x08004e49   Thumb Code    68  bsp_esp8266.o(.text)
    ESP8266_JoinAP                           0x08004e8d   Thumb Code    38  bsp_esp8266.o(.text)
    ESP8266_BuildAP                          0x08004eb3   Thumb Code    42  bsp_esp8266.o(.text)
    ESP8266_Enable_MultipleId                0x08004edd   Thumb Code    42  bsp_esp8266.o(.text)
    ESP8266_Link_Server                      0x08004f07   Thumb Code   110  bsp_esp8266.o(.text)
    ESP8266_StartOrShutServer                0x08004f75   Thumb Code   104  bsp_esp8266.o(.text)
    ESP8266_Get_LinkStatus                   0x08004fdd   Thumb Code    64  bsp_esp8266.o(.text)
    ESP8266_Get_IdLinkStatus                 0x0800501d   Thumb Code   512  bsp_esp8266.o(.text)
    ESP8266_Inquire_ApIp                     0x0800521d   Thumb Code    80  bsp_esp8266.o(.text)
    ESP8266_UnvarnishSend                    0x0800526d   Thumb Code    42  bsp_esp8266.o(.text)
    ESP8266_ExitUnvarnishSend                0x08005297   Thumb Code    24  bsp_esp8266.o(.text)
    ESP8266_SendString                       0x080052af   Thumb Code   104  bsp_esp8266.o(.text)
    ESP8266_ReceiveString                    0x08005317   Thumb Code    88  bsp_esp8266.o(.text)
    USART_printf                             0x080054a3   Thumb Code   262  common.o(.text)
    __aeabi_memcpy                           0x080055a9   Thumb Code    36  memcpya.o(.text)
    __aeabi_memcpy4                          0x080055a9   Thumb Code     0  memcpya.o(.text)
    __aeabi_memcpy8                          0x080055a9   Thumb Code     0  memcpya.o(.text)
    __aeabi_memset                           0x080055cd   Thumb Code    14  memseta.o(.text)
    __aeabi_memset4                          0x080055cd   Thumb Code     0  memseta.o(.text)
    __aeabi_memset8                          0x080055cd   Thumb Code     0  memseta.o(.text)
    __aeabi_memclr                           0x080055db   Thumb Code     4  memseta.o(.text)
    __aeabi_memclr4                          0x080055db   Thumb Code     0  memseta.o(.text)
    __aeabi_memclr8                          0x080055db   Thumb Code     0  memseta.o(.text)
    _memset$wrapper                          0x080055df   Thumb Code    18  memseta.o(.text)
    strstr                                   0x080055f1   Thumb Code    36  strstr.o(.text)
    __0scanf                                 0x08005615   Thumb Code    26  __0scanf.o(.text)
    _scanf_int                               0x08005635   Thumb Code   332  _scanf_int.o(.text)
    __aeabi_uidiv                            0x08005781   Thumb Code     0  uidiv.o(.text)
    __aeabi_uidivmod                         0x08005781   Thumb Code    44  uidiv.o(.text)
    _chval                                   0x080057ad   Thumb Code    28  _chval.o(.text)
    __vfscanf_char_file                      0x080057c9   Thumb Code    12  scanf_char_file.o(.text)
    __scatterload                            0x080057dd   Thumb Code    28  init.o(.text)
    __scatterload_rt2                        0x080057dd   Thumb Code     0  init.o(.text)
    _fgetc$bs                                0x08005801   Thumb Code    28  fgetc_b.o(.text)
    __backspace                              0x0800581d   Thumb Code    10  fgetc_b.o(.text)
    __vfscanf_char                           0x08005839   Thumb Code    20  scanf_char.o(.text)
    __semihosting_library_function           0x08005855   Thumb Code     0  semi.o(.text)
    isspace                                  0x08005855   Thumb Code    10  isspace_c.o(.text)
    __vfscanf                                0x08005861   Thumb Code   808  _scanf.o(.text)
    __I$use$semihosting$fgetc                0x08005b8d   Thumb Code     0  iusesemig.o(.text)
    __ctype_lookup                           0x08005b8d   Thumb Code    34  ctype_c.o(.text)
    ILI9341_Read_Data                        0x08005bb5   Thumb Code     6  bsp_ili9341_lcd.o(i.ILI9341_Read_Data)
    ILI9341_Write_Cmd                        0x08005bc1   Thumb Code     8  bsp_ili9341_lcd.o(i.ILI9341_Write_Cmd)
    ILI9341_Write_Data                       0x08005bc9   Thumb Code     6  bsp_ili9341_lcd.o(i.ILI9341_Write_Data)
    __0printf$6                              0x08005bd5   Thumb Code    22  printf6.o(i.__0printf$6)
    __1printf$6                              0x08005bd5   Thumb Code     0  printf6.o(i.__0printf$6)
    __2printf                                0x08005bd5   Thumb Code     0  printf6.o(i.__0printf$6)
    __0sprintf$6                             0x08005bf5   Thumb Code    34  printf6.o(i.__0sprintf$6)
    __1sprintf$6                             0x08005bf5   Thumb Code     0  printf6.o(i.__0sprintf$6)
    __2sprintf                               0x08005bf5   Thumb Code     0  printf6.o(i.__0sprintf$6)
    __scatterload_copy                       0x08005c1d   Thumb Code    14  handlers.o(i.__scatterload_copy)
    __scatterload_null                       0x08005c2b   Thumb Code     2  handlers.o(i.__scatterload_null)
    __scatterload_zeroinit                   0x08005c2d   Thumb Code    14  handlers.o(i.__scatterload_zeroinit)
    ASCII8x16_Table                          0x08005f88   Data        1520  fonts.o(.constdata)
    ASCII16x24_Table                         0x08006578   Data        4560  fonts.o(.constdata)
    ASCII24x32_Table                         0x08007748   Data        9120  fonts.o(.constdata)
    __ctype_categories                       0x08009b18   Data          64  ctype_c.o(.constdata)
    Region$$Table$$Base                      0x08009dd0   Number         0  anon$$obj.o(Region$$Table)
    Region$$Table$$Limit                     0x08009df0   Number         0  anon$$obj.o(Region$$Table)
    SystemCoreClock                          0x20000000   Data           4  system_stm32f10x.o(.data)
    AHBPrescTable                            0x20000004   Data          16  system_stm32f10x.o(.data)
    Accel                                    0x20000028   Data           6  main.o(.data)
    Gyro                                     0x2000002e   Data           6  main.o(.data)
    systmtime                                0x20000034   Data          28  main.o(.data)
    Task_Delay_Group                         0x20000050   Data           8  stm32f10x_it.o(.data)
    read_dht11_finish                        0x20000058   Data           4  stm32f10x_it.o(.data)
    task_readdata_finish                     0x2000005c   Data           4  stm32f10x_it.o(.data)
    waring_tem                               0x20000060   Data           1  stm32f10x_it.o(.data)
    Font8x16                                 0x20000064   Data           8  fonts.o(.data)
    Font16x24                                0x2000006c   Data           8  fonts.o(.data)
    Font24x32                                0x20000074   Data           8  fonts.o(.data)
    LCD_X_LENGTH                             0x20000080   Data           2  bsp_ili9341_lcd.o(.data)
    LCD_Y_LENGTH                             0x20000082   Data           2  bsp_ili9341_lcd.o(.data)
    LCD_SCAN_MODE                            0x20000084   Data           1  bsp_ili9341_lcd.o(.data)
    TimeDisplay                              0x200000c4   Data           4  rtc.o(.data)
    WEEK_STR                                 0x200000c8   Data          28  rtc.o(.data)
    ledCmd                                   0x200000e4   Data          32  bsp_esp8266_test.o(.data)
    DHT11_Data                               0x20000104   Data           5  bsp_esp8266_test.o(.data)
    ucTcpClosedFlag                          0x20000109   Data           1  bsp_esp8266_test.o(.data)
    __stdin                                  0x2000010c   Data           4  stdin.o(.data)
    __stdout                                 0x20000110   Data           4  stdout.o(.data)
    waring_str                               0x20000118   Data         100  main.o(.bss)
    dispBuff                                 0x2000017c   Data         100  main.o(.bss)
    cStr                                     0x200001e0   Data          70  main.o(.bss)
    zoomBuff                                 0x20000226   Data       16384  bsp_ili9341_lcd.o(.bss)
    zoomTempBuff                             0x20004226   Data        1024  bsp_ili9341_lcd.o(.bss)
    strEsp8266_Fram_Record                   0x20004626   Data        1026  bsp_esp8266.o(.bss)
    strUSART_Fram_Record                     0x20004a28   Data        1026  bsp_esp8266.o(.bss)
    __initial_sp                             0x20005230   Data           0  startup_stm32f10x_hd.o(STACK)



==============================================================================

Memory Map of the image

  Image Entry point : 0x08000131

  Load Region LR_IROM1 (Base: 0x08000000, Size: 0x00009f08, Max: 0x00080000, ABSOLUTE)

    Execution Region ER_IROM1 (Exec base: 0x08000000, Load base: 0x08000000, Size: 0x00009df0, Max: 0x00080000, ABSOLUTE)

    Exec Addr    Load Addr    Size         Type   Attr      Idx    E Section Name        Object

    0x08000000   0x08000000   0x00000130   Data   RO            3    RESET               startup_stm32f10x_hd.o
    0x08000130   0x08000130   0x00000000   Code   RO          831  * .ARM.Collect$$$$00000000  mc_w.l(entry.o)
    0x08000130   0x08000130   0x00000004   Code   RO         1107    .ARM.Collect$$$$00000001  mc_w.l(entry2.o)
    0x08000134   0x08000134   0x00000004   Code   RO         1110    .ARM.Collect$$$$00000004  mc_w.l(entry5.o)
    0x08000138   0x08000138   0x00000000   Code   RO         1112    .ARM.Collect$$$$00000008  mc_w.l(entry7b.o)
    0x08000138   0x08000138   0x00000000   Code   RO         1114    .ARM.Collect$$$$0000000A  mc_w.l(entry8b.o)
    0x08000138   0x08000138   0x00000008   Code   RO         1115    .ARM.Collect$$$$0000000B  mc_w.l(entry9a.o)
    0x08000140   0x08000140   0x00000000   Code   RO         1117    .ARM.Collect$$$$0000000D  mc_w.l(entry10a.o)
    0x08000140   0x08000140   0x00000000   Code   RO         1119    .ARM.Collect$$$$0000000F  mc_w.l(entry11a.o)
    0x08000140   0x08000140   0x00000004   Code   RO         1108    .ARM.Collect$$$$00002712  mc_w.l(entry2.o)
    0x08000144   0x08000144   0x00000024   Code   RO            4    .text               startup_stm32f10x_hd.o
    0x08000168   0x08000168   0x000001e0   Code   RO           24    .text               system_stm32f10x.o
    0x08000348   0x08000348   0x000000dc   Code   RO          121    .text               misc.o
    0x08000424   0x08000424   0x000000c4   Code   RO          149    .text               stm32f10x_bkp.o
    0x080004e8   0x080004e8   0x0000011c   Code   RO          233    .text               stm32f10x_exti.o
    0x08000604   0x08000604   0x0000060c   Code   RO          257    .text               stm32f10x_fsmc.o
    0x08000c10   0x08000c10   0x0000035c   Code   RO          269    .text               stm32f10x_gpio.o
    0x08000f6c   0x08000f6c   0x000000cc   Code   RO          305    .text               stm32f10x_pwr.o
    0x08001038   0x08001038   0x000003a4   Code   RO          317    .text               stm32f10x_rcc.o
    0x080013dc   0x080013dc   0x00000148   Code   RO          331    .text               stm32f10x_rtc.o
    0x08001524   0x08001524   0x0000030c   Code   RO          355    .text               stm32f10x_spi.o
    0x08001830   0x08001830   0x00000408   Code   RO          379    .text               stm32f10x_usart.o
    0x08001c38   0x08001c38   0x000002f8   Code   RO          403    .text               main.o
    0x08001f30   0x08001f30   0x00000200   Code   RO          492    .text               stm32f10x_it.o
    0x08002130   0x08002130   0x00000060   Code   RO          521    .text               bsp_led.o
    0x08002190   0x08002190   0x00000078   Code   RO          533    .text               bsp_systick.o
    0x08002208   0x08002208   0x00000198   Code   RO          552    .text               mpu6050.o
    0x080023a0   0x080023a0   0x000001d8   Code   RO          565    .text               bsp_i2c.o
    0x08002578   0x08002578   0x000000bc   Code   RO          577    .text               bsp_usart.o
    0x08002634   0x08002634   0x00000054   Code   RO          589    .text               fonts.o
    0x08002688   0x08002688   0x0000116c   Code   RO          611    .text               bsp_ili9341_lcd.o
    0x080037f4   0x080037f4   0x0000057c   Code   RO          654    .text               flash.o
    0x08003d70   0x08003d70   0x00000180   Code   RO          668    .text               dht11.o
    0x08003ef0   0x08003ef0   0x00000080   Code   RO          683    .text               delay.o
    0x08003f70   0x08003f70   0x000000c0   Code   RO          695    .text               bsp_exti.o
    0x08004030   0x08004030   0x00000038   Code   RO          707    .text               bsp_beep.o
    0x08004068   0x08004068   0x000001dc   Code   RO          728    .text               date.o
    0x08004244   0x08004244   0x00000598   Code   RO          743    .text               rtc.o
    0x080047dc   0x080047dc   0x00000068   Code   RO          762    .text               bsp_key.o
    0x08004844   0x08004844   0x000003b0   Code   RO          774    .text               bsp_esp8266_test.o
    0x08004bf4   0x08004bf4   0x0000084c   Code   RO          798    .text               bsp_esp8266.o
    0x08005440   0x08005440   0x00000168   Code   RO          816    .text               common.o
    0x080055a8   0x080055a8   0x00000024   Code   RO          834    .text               mc_w.l(memcpya.o)
    0x080055cc   0x080055cc   0x00000024   Code   RO          836    .text               mc_w.l(memseta.o)
    0x080055f0   0x080055f0   0x00000024   Code   RO          838    .text               mc_w.l(strstr.o)
    0x08005614   0x08005614   0x00000020   Code   RO         1103    .text               mc_w.l(__0scanf.o)
    0x08005634   0x08005634   0x0000014c   Code   RO         1105    .text               mc_w.l(_scanf_int.o)
    0x08005780   0x08005780   0x0000002c   Code   RO         1123    .text               mc_w.l(uidiv.o)
    0x080057ac   0x080057ac   0x0000001c   Code   RO         1127    .text               mc_w.l(_chval.o)
    0x080057c8   0x080057c8   0x00000014   Code   RO         1129    .text               mc_w.l(scanf_char_file.o)
    0x080057dc   0x080057dc   0x00000024   Code   RO         1142    .text               mc_w.l(init.o)
    0x08005800   0x08005800   0x0000002c   Code   RO         1144    .text               mc_w.l(fgetc_b.o)
    0x0800582c   0x0800582c   0x00000028   Code   RO         1153    .text               mc_w.l(scanf_char.o)
    0x08005854   0x08005854   0x00000000   Code   RO         1157    .text               mc_w.l(semi.o)
    0x08005854   0x08005854   0x0000000a   Code   RO         1158    .text               mc_w.l(isspace_c.o)
    0x0800585e   0x0800585e   0x00000002   PAD
    0x08005860   0x08005860   0x0000032c   Code   RO         1160    .text               mc_w.l(_scanf.o)
    0x08005b8c   0x08005b8c   0x00000000   Code   RO         1162    .text               mc_w.l(iusesemig.o)
    0x08005b8c   0x08005b8c   0x00000028   Code   RO         1163    .text               mc_w.l(ctype_c.o)
    0x08005bb4   0x08005bb4   0x0000000c   Code   RO          634    i.ILI9341_Read_Data  bsp_ili9341_lcd.o
    0x08005bc0   0x08005bc0   0x00000008   Code   RO          624    i.ILI9341_Write_Cmd  bsp_ili9341_lcd.o
    0x08005bc8   0x08005bc8   0x0000000c   Code   RO          629    i.ILI9341_Write_Data  bsp_ili9341_lcd.o
    0x08005bd4   0x08005bd4   0x00000020   Code   RO          997    i.__0printf$6       mc_w.l(printf6.o)
    0x08005bf4   0x08005bf4   0x00000028   Code   RO          999    i.__0sprintf$6      mc_w.l(printf6.o)
    0x08005c1c   0x08005c1c   0x0000000e   Code   RO         1168    i.__scatterload_copy  mc_w.l(handlers.o)
    0x08005c2a   0x08005c2a   0x00000002   Code   RO         1169    i.__scatterload_null  mc_w.l(handlers.o)
    0x08005c2c   0x08005c2c   0x0000000e   Code   RO         1170    i.__scatterload_zeroinit  mc_w.l(handlers.o)
    0x08005c3a   0x08005c3a   0x00000002   PAD
    0x08005c3c   0x08005c3c   0x000002f0   Code   RO         1004    i._printf_core      mc_w.l(printf6.o)
    0x08005f2c   0x08005f2c   0x00000024   Code   RO         1005    i._printf_post_padding  mc_w.l(printf6.o)
    0x08005f50   0x08005f50   0x0000002e   Code   RO         1006    i._printf_pre_padding  mc_w.l(printf6.o)
    0x08005f7e   0x08005f7e   0x0000000a   Code   RO         1008    i._sputc            mc_w.l(printf6.o)
    0x08005f88   0x08005f88   0x00003b60   Data   RO          590    .constdata          fonts.o
    0x08009ae8   0x08009ae8   0x00000030   Data   RO          729    .constdata          date.o
    0x08009b18   0x08009b18   0x00000040   Data   RO         1164    .constdata          mc_w.l(ctype_c.o)
    0x08009b58   0x08009b58   0x00000048   Data   RO          553    .conststring        mpu6050.o
    0x08009ba0   0x08009ba0   0x000001d3   Data   RO          744    .conststring        rtc.o
    0x08009d73   0x08009d73   0x00000001   PAD
    0x08009d74   0x08009d74   0x0000005b   Data   RO          775    .conststring        bsp_esp8266_test.o
    0x08009dcf   0x08009dcf   0x00000001   PAD
    0x08009dd0   0x08009dd0   0x00000020   Data   RO         1166    Region$$Table       anon$$obj.o


    Execution Region RW_IRAM1 (Exec base: 0x20000000, Load base: 0x08009df0, Size: 0x00005230, Max: 0x00010000, ABSOLUTE)

    Exec Addr    Load Addr    Size         Type   Attr      Idx    E Section Name        Object

    0x20000000   0x08009df0   0x00000014   Data   RW           25    .data               system_stm32f10x.o
    0x20000014   0x08009e04   0x00000014   Data   RW          318    .data               stm32f10x_rcc.o
    0x20000028   0x08009e18   0x00000028   Data   RW          405    .data               main.o
    0x20000050   0x08009e40   0x00000011   Data   RW          493    .data               stm32f10x_it.o
    0x20000061   0x08009e51   0x00000003   PAD
    0x20000064   0x08009e54   0x00000019   Data   RW          591    .data               fonts.o
    0x2000007d   0x08009e6d   0x00000003   PAD
    0x20000080   0x08009e70   0x00000010   Data   RW          613    .data               bsp_ili9341_lcd.o
    0x20000090   0x08009e80   0x00000004   Data   RW          655    .data               flash.o
    0x20000094   0x08009e84   0x00000030   Data   RW          730    .data               date.o
    0x200000c4   0x08009eb4   0x00000020   Data   RW          745    .data               rtc.o
    0x200000e4   0x08009ed4   0x00000026   Data   RW          776    .data               bsp_esp8266_test.o
    0x2000010a   0x08009efa   0x00000002   PAD
    0x2000010c   0x08009efc   0x00000004   Data   RW         1121    .data               mc_w.l(stdin.o)
    0x20000110   0x08009f00   0x00000004   Data   RW         1122    .data               mc_w.l(stdout.o)
    0x20000114   0x08009f04   0x00000003   Data   RW         1145    .data               mc_w.l(fgetc_b.o)
    0x20000117   0x08009f07   0x00000001   PAD
    0x20000118        -       0x0000010e   Zero   RW          404    .bss                main.o
    0x20000226        -       0x00004400   Zero   RW          612    .bss                bsp_ili9341_lcd.o
    0x20004626        -       0x00000804   Zero   RW          799    .bss                bsp_esp8266.o
    0x20004e2a   0x08009f07   0x00000006   PAD
    0x20004e30        -       0x00000400   Zero   RW            1    STACK               startup_stm32f10x_hd.o


==============================================================================

Image component sizes


      Code (inc. data)   RO Data    RW Data    ZI Data      Debug   Object Name

        56          6          0          0          0        519   bsp_beep.o
      2124        592          0          0       2052       8750   bsp_esp8266.o
       944        434         91         38          0       2323   bsp_esp8266_test.o
       192         10          0          0          0        766   bsp_exti.o
       472          4          0          0          0       2120   bsp_i2c.o
      4492        110          0         16      17408      16847   bsp_ili9341_lcd.o
       104         10          0          0          0       1099   bsp_key.o
        96          6          0          0          0        542   bsp_led.o
       120         12          0          0          0      15834   bsp_systick.o
       188         10          0          0          0       1031   bsp_usart.o
       360          0          0          0          0       2351   common.o
         0          0          0          0          0       4508   core_cm3.o
       476         16         48         48          0       1945   date.o
       128         16          0          0          0        938   delay.o
       384          4          0          0          0       2776   dht11.o
      1404        128          0          4          0       5172   flash.o
        84         10      15200         25          0       2267   fonts.o
       760        184          0         40        270       5403   main.o
       220         22          0          0          0       1837   misc.o
       408         26         72          0          0       1814   mpu6050.o
      1432        524        467         32          0       2843   rtc.o
        36          8        304          0       1024        872   startup_stm32f10x_hd.o
       196          8          0          0          0       3536   stm32f10x_bkp.o
       284         10          0          0          0       2295   stm32f10x_exti.o
      1548         18          0          0          0       5415   stm32f10x_fsmc.o
       860         38          0          0          0       5769   stm32f10x_gpio.o
       512         58          0         17          0       3612   stm32f10x_it.o
       204         14          0          0          0       1967   stm32f10x_pwr.o
       932         36          0         20          0       8964   stm32f10x_rcc.o
       328          4          0          0          0       2742   stm32f10x_rtc.o
       780         14          0          0          0       6654   stm32f10x_spi.o
      1032         22          0          0          0       8496   stm32f10x_usart.o
       480         38          0         20          0     247107   system_stm32f10x.o

    ----------------------------------------------------------------------
     21636       2392      16216        268      20760     379114   Object Totals
         0          0         32          0          0          0   (incl. Generated)
         0          0          2          8          6          0   (incl. Padding)

    ----------------------------------------------------------------------

      Code (inc. data)   RO Data    RW Data    ZI Data      Debug   Library Member Name

        32          6          0          0          0         84   __0scanf.o
        28          0          0          0          0         68   _chval.o
       812          4          0          0          0        112   _scanf.o
       332          0          0          0          0         96   _scanf_int.o
        40          6         64          0          0         68   ctype_c.o
         0          0          0          0          0          0   entry.o
         0          0          0          0          0          0   entry10a.o
         0          0          0          0          0          0   entry11a.o
         8          4          0          0          0          0   entry2.o
         4          0          0          0          0          0   entry5.o
         0          0          0          0          0          0   entry7b.o
         0          0          0          0          0          0   entry8b.o
         8          4          0          0          0          0   entry9a.o
        44          6          0          3          0        144   fgetc_b.o
        30          0          0          0          0          0   handlers.o
        36          8          0          0          0         68   init.o
        10          0          0          0          0         68   isspace_c.o
         0          0          0          0          0          0   iusesemig.o
        36          0          0          0          0         68   memcpya.o
        36          0          0          0          0        108   memseta.o
       916         20          0          0          0        504   printf6.o
        40          8          0          0          0         84   scanf_char.o
        20          8          0          0          0         68   scanf_char_file.o
         0          0          0          0          0          0   semi.o
         0          0          0          4          0          0   stdin.o
         0          0          0          4          0          0   stdout.o
        36          0          0          0          0         80   strstr.o
        44          0          0          0          0         80   uidiv.o

    ----------------------------------------------------------------------
      2516         74         64         12          0       1700   Library Totals
         4          0          0          1          0          0   (incl. Padding)

    ----------------------------------------------------------------------

      Code (inc. data)   RO Data    RW Data    ZI Data      Debug   Library Name

      2512         74         64         11          0       1700   mc_w.l

    ----------------------------------------------------------------------
      2516         74         64         12          0       1700   Library Totals

    ----------------------------------------------------------------------

==============================================================================


      Code (inc. data)   RO Data    RW Data    ZI Data      Debug   

     24152       2466      16280        280      20760     377066   Grand Totals
     24152       2466      16280        280      20760     377066   ELF Image Totals
     24152       2466      16280        280          0          0   ROM Totals

==============================================================================

    Total RO  Size (Code + RO Data)                40432 (  39.48kB)
    Total RW  Size (RW Data + ZI Data)             21040 (  20.55kB)
    Total ROM Size (Code + RO Data + RW Data)      40712 (  39.76kB)

==============================================================================

